InfoSchulamtAnmeldungAbgelehnt[APPENZELL_AUSSERRHODEN_DEUTSCH]=[
From: kibon@dvbern.ch
To: Dagmar Wälti <empfaenger@dvbern.ch>
Subject: 000042, 2017/2018, kiBon  – Anmeldung abgelehnt
Content-Type: text/html;charset=utf-8

<html>
<head>
<style type="text/css">
        body {
            font-family: "Open Sans", Arial, Helvetica, sans-serif;
        }
      .kursInfoHeader {background-color: #bce1ff; font-weight: bold;}
      .signature { font-size: 90%;}
    </style>
    <link href="https://fonts.googleapis.com/css?family=Open+Sans" rel="stylesheet">
	<meta http-equiv="Content-Type" content="text/html; charset=utf-8"/>
	<meta name="viewport" content="width=device-width, initial-scale=1.0"/>
	<title>kiBon  – Anmeldung abgelehnt</title>

</head>

<body>

<div>
	<p>
		Sehr geehrte Familie
	</p>
	<p>
		Ihre Anmeldung für Simon Wälti / Tagesschule Bern wurde abgelehnt.
		Die Betreuungsangebote können
		<a href="https://ar.kibon.example.com/gesuch/betreuungen/<ID-1>">hier</a>
		eingesehen werden.
	</p>
	<p>
		Freundliche Grüsse <br/>
		Sozialversicherungen Appenzell Ausserrhoden
	</p>
	<p>
		Dies ist eine automatisch versendete E-Mail. Bitte antworten Sie nicht auf diese Nachricht.
	</p>
</div>

</body>

</html>

]


InfoSchulamtAnmeldungAbgelehnt[BERN_DEUTSCH]=[
From: kibon@dvbern.ch
To: Dagmar Wälti <empfaenger@dvbern.ch>
Subject: 000042, 2017/2018, kiBon  – Anmeldung abgelehnt
Content-Type: text/html;charset=utf-8

<html>
<head>
<style type="text/css">
        body {
            font-family: "Open Sans", Arial, Helvetica, sans-serif;
        }
      .kursInfoHeader {background-color: #bce1ff; font-weight: bold;}
      .signature { font-size: 90%;}
    </style>
    <link href="https://fonts.googleapis.com/css?family=Open+Sans" rel="stylesheet">
	<meta http-equiv="Content-Type" content="text/html; charset=utf-8"/>
	<meta name="viewport" content="width=device-width, initial-scale=1.0"/>
	<title>kiBon  – Anmeldung abgelehnt</title>

</head>

<body>

<div>
	<p>
		Guten Tag
	</p>
	<p>
		Ihre Anmeldung für Simon Wälti / Tagesschule Bern wurde abgelehnt.
		Die Betreuungsangebote können
		<a href="https://be.kibon.example.com/gesuch/betreuungen/<ID-1>">hier</a>
		eingesehen werden.
	</p>
	<p>
		Freundliche Grüsse <br/>
		Gemeinde London
	</p>
	<p>
		Dies ist eine automatisch versendete E-Mail. Bitte antworten Sie nicht auf diese Nachricht.
	</p>
</div>

</body>

</html>

]


InfoSchulamtAnmeldungAbgelehnt[BERN_FRANZOESISCH]=[
From: kibon@dvbern.ch
To: Dagmar Wälti <empfaenger@dvbern.ch>
Subject: 000042, 2017/2018, kiBon  – Rejet de l'inscription
Content-Type: text/html;charset=utf-8

<html>
<head>
<style type="text/css">
        body {
            font-family: "Open Sans", Arial, Helvetica, sans-serif;
        }
      .kursInfoHeader {background-color: #bce1ff; font-weight: bold;}
      .signature { font-size: 90%;}
    </style>
    <link href="https://fonts.googleapis.com/css?family=Open+Sans" rel="stylesheet">
	<meta http-equiv="Content-Type" content="text/html; charset=utf-8"/>
	<meta name="viewport" content="width=device-width, initial-scale=1.0"/>
	<title>kiBon  – Rejet de l'inscription</title>

</head>

<body>

<div>
	<p>
		Bonjour,
	</p>
	<p>
		Votre inscription pour Simon Wälti / Tagesschule Bern a été rejetée.
		Vous pouvez consulter la liste des offres de prise en charge
		<a href="https://be.kibon.example.com/gesuch/betreuungen/<ID-1>">ici</a>.
	</p>
	<p>
		Nous vous présentons nos meilleures salutations.<br/>
		Commune London
	</p>
	<p>
		Merci de ne pas répondre à ce message automatique.
	</p>
</div>

</body>

</html>

]


InfoSchulamtAnmeldungAbgelehnt[DVB_DEUTSCH]=[
From: kibon@dvbern.ch
To: Dagmar Wälti <empfaenger@dvbern.ch>
Subject: 000042, 2017/2018, kiBon  – Anmeldung abgelehnt
Content-Type: text/html;charset=utf-8

<html>
<head>
<style type="text/css">
        body {
            font-family: "Open Sans", Arial, Helvetica, sans-serif;
        }
      .kursInfoHeader {background-color: #bce1ff; font-weight: bold;}
      .signature { font-size: 90%;}
    </style>
    <link href="https://fonts.googleapis.com/css?family=Open+Sans" rel="stylesheet">
	<meta http-equiv="Content-Type" content="text/html; charset=utf-8"/>
	<meta name="viewport" content="width=device-width, initial-scale=1.0"/>
	<title>kiBon  – Anmeldung abgelehnt</title>

</head>

<body>

<div>
	<p>
		Sehr geehrte Familie
	</p>
	<p>
		Ihre Anmeldung für Simon Wälti / Tagesschule Bern wurde abgelehnt.
		Die Betreuungsangebote können
		<a href="https://dv.kibon.example.com/gesuch/betreuungen/<ID-1>">hier</a>
		eingesehen werden.
	</p>
	<p>
		Freundliche Grüsse <br/>
		Ihre Gemeinde London
	</p>
	<p>
		Dies ist eine automatisch versendete E-Mail. Bitte antworten Sie nicht auf diese Nachricht.
	</p>
</div>

</body>

</html>

]


InfoSchulamtAnmeldungAbgelehnt[DVB_FRANZOESISCH]=[
From: kibon@dvbern.ch
To: Dagmar Wälti <empfaenger@dvbern.ch>
Subject: 000042, 2017/2018, kiBon  – Rejet de l'inscription
Content-Type: text/html;charset=utf-8

<html>
<head>
<style type="text/css">
        body {
            font-family: "Open Sans", Arial, Helvetica, sans-serif;
        }
      .kursInfoHeader {background-color: #bce1ff; font-weight: bold;}
      .signature { font-size: 90%;}
    </style>
    <link href="https://fonts.googleapis.com/css?family=Open+Sans" rel="stylesheet">
	<meta http-equiv="Content-Type" content="text/html; charset=utf-8"/>
	<meta name="viewport" content="width=device-width, initial-scale=1.0"/>
	<title>kiBon  – Rejet de l'inscription</title>

</head>

<body>

<div>
	<p>
		Chère famille,
	</p>
	<p>
		Votre inscription pour Simon Wälti / Tagesschule Bern a été rejetée.
		Vous pouvez consulter la liste des offres de prise en charge
		<a href="https://dv.kibon.example.com/gesuch/betreuungen/<ID-1>">ici</a>.
	</p>
	<p>
		Nous vous présentons nos meilleures salutations.<br/>
		Votre commune London
	</p>
	<p>
		Merci de ne pas répondre à ce message automatique.
	</p>
</div>

</body>

</html>

]


InfoSchulamtAnmeldungAbgelehnt[LUZERN_DEUTSCH]=[
From: kibon@dvbern.ch
To: Dagmar Wälti <empfaenger@dvbern.ch>
Subject: 000042, 2017/2018, kiBon  – Anmeldung abgelehnt
Content-Type: text/html;charset=utf-8

<html>
<head>
<style type="text/css">
        body {
            font-family: "Open Sans", Arial, Helvetica, sans-serif;
        }
      .kursInfoHeader {background-color: #bce1ff; font-weight: bold;}
      .signature { font-size: 90%;}
    </style>
    <link href="https://fonts.googleapis.com/css?family=Open+Sans" rel="stylesheet">
	<meta http-equiv="Content-Type" content="text/html; charset=utf-8"/>
	<meta name="viewport" content="width=device-width, initial-scale=1.0"/>
	<title>kiBon  – Anmeldung abgelehnt</title>

</head>

<body>

<div>
	<p>
		Sehr geehrte Familie
	</p>
	<p>
		Ihre Anmeldung für Simon Wälti / Tagesschule Bern wurde abgelehnt.
		Die Betreuungsangebote können
		<a href="https://lu.kibon.example.com/gesuch/betreuungen/<ID-1>">hier</a>
		eingesehen werden.
	</p>
	<p>
		Freundliche Grüsse <br/>
		Ihre Gemeinde London
	</p>
	<p>
		Dies ist eine automatisch versendete E-Mail. Bitte antworten Sie nicht auf diese Nachricht.
	</p>
</div>

</body>

</html>

]


InfoSchulamtAnmeldungAbgelehnt[SCHWYZ_DEUTSCH]=[
From: kibon@dvbern.ch
To: Dagmar Wälti <empfaenger@dvbern.ch>
Subject: 000042, 2017/2018, kiBon  – Anmeldung abgelehnt
Content-Type: text/html;charset=utf-8

<html>
<head>
<style type="text/css">
        body {
            font-family: "Open Sans", Arial, Helvetica, sans-serif;
        }
      .kursInfoHeader {background-color: #bce1ff; font-weight: bold;}
      .signature { font-size: 90%;}
    </style>
    <link href="https://fonts.googleapis.com/css?family=Open+Sans" rel="stylesheet">
	<meta http-equiv="Content-Type" content="text/html; charset=utf-8"/>
	<meta name="viewport" content="width=device-width, initial-scale=1.0"/>
	<title>kiBon  – Anmeldung abgelehnt</title>

</head>

<body>

<div>
	<p>
		Sehr geehrte Familie
	</p>
	<p>
		Ihre Anmeldung für Simon Wälti / Tagesschule Bern wurde abgelehnt.
		Die Betreuungsangebote können
		<a href="https://sz.kibon.example.com/gesuch/betreuungen/<ID-1>">hier</a>
		eingesehen werden.
	</p>
	<p>
		Freundliche Grüsse <br/>
		Ihre Gemeinde London
	</p>
	<p>
		Dies ist eine automatisch versendete E-Mail. Bitte antworten Sie nicht auf diese Nachricht.
	</p>
</div>

</body>

</html>

]


InfoSchulamtAnmeldungAbgelehnt[SOLOTHURN_DEUTSCH]=[
From: kibon@dvbern.ch
To: Dagmar Wälti <empfaenger@dvbern.ch>
Subject: 000042, 2017/2018, kiBon  – Anmeldung abgelehnt
Content-Type: text/html;charset=utf-8

<html>
<head>
<style type="text/css">
        body {
            font-family: "Open Sans", Arial, Helvetica, sans-serif;
        }
      .kursInfoHeader {background-color: #bce1ff; font-weight: bold;}
      .signature { font-size: 90%;}
    </style>
    <link href="https://fonts.googleapis.com/css?family=Open+Sans" rel="stylesheet">
	<meta http-equiv="Content-Type" content="text/html; charset=utf-8"/>
	<meta name="viewport" content="width=device-width, initial-scale=1.0"/>
	<title>kiBon  – Anmeldung abgelehnt</title>

</head>

<body>

<div>
	<p>
		Sehr geehrte Familie
	</p>
	<p>
		Ihre Anmeldung für Simon Wälti / Tagesschule Bern wurde abgelehnt.
		Die Betreuungsangebote können
		<a href="https://so.kibon.example.com/gesuch/betreuungen/<ID-1>">hier</a>
		eingesehen werden.
	</p>
	<p>
		Freundliche Grüsse <br/>
		Ihre Gemeinde London
	</p>
	<p>
		Dies ist eine automatisch versendete E-Mail. Bitte antworten Sie nicht auf diese Nachricht.
	</p>
</div>

</body>

</html>

]


InfoSchulamtAnmeldungAbgelehnt[ZUG_DEUTSCH]=[
From: kibon@dvbern.ch
To: Dagmar Wälti <empfaenger@dvbern.ch>
Subject: 000042, 2017/2018, kiBon  – Anmeldung abgelehnt
Content-Type: text/html;charset=utf-8

<html>
<head>
<style type="text/css">
        body {
            font-family: "Open Sans", Arial, Helvetica, sans-serif;
        }
      .kursInfoHeader {background-color: #bce1ff; font-weight: bold;}
      .signature { font-size: 90%;}
    </style>
    <link href="https://fonts.googleapis.com/css?family=Open+Sans" rel="stylesheet">
	<meta http-equiv="Content-Type" content="text/html; charset=utf-8"/>
	<meta name="viewport" content="width=device-width, initial-scale=1.0"/>
	<title>kiBon  – Anmeldung abgelehnt</title>

</head>

<body>

<div>
	<p>
		Sehr geehrte Familie
	</p>
	<p>
		Ihre Anmeldung für Simon Wälti / Tagesschule Bern wurde abgelehnt.
		Die Betreuungsangebote können
		<a href="https://zg.kibon.example.com/gesuch/betreuungen/<ID-1>">hier</a>
		eingesehen werden.
	</p>
	<p>
		Freundliche Grüsse <br/>
		Ihre Gemeinde London
	</p>
	<p>
		Dies ist eine automatisch versendete E-Mail. Bitte antworten Sie nicht auf diese Nachricht.
	</p>
</div>

</body>

</html>

]


InfoSchulamtAnmeldungFerieninselUebernommen[APPENZELL_AUSSERRHODEN_DEUTSCH]=[
From: kibon@dvbern.ch
To: Dagmar Wälti <empfaenger@dvbern.ch>
Subject: 000042, 2017/2018, kiBon  – Anmeldung für Simon Wälti akzeptiert
Content-Type: text/html;charset=utf-8

<html>
<head>
<style type="text/css">
        body {
            font-family: "Open Sans", Arial, Helvetica, sans-serif;
        }
      .kursInfoHeader {background-color: #bce1ff; font-weight: bold;}
      .signature { font-size: 90%;}
    </style>
    <link href="https://fonts.googleapis.com/css?family=Open+Sans" rel="stylesheet">
	<meta http-equiv="Content-Type" content="text/html; charset=utf-8"/>
	<meta name="viewport" content="width=device-width, initial-scale=1.0"/>
	<title>kiBon  – Anmeldung entgegengenommen</title>

</head>

<body>

<div>
	<p>
		Sehr geehrte Familie
	</p>
	<p>
		Ihre Anmeldung für Simon Wälti an der Ferieninsel Guarda wurde entgegengenommen. Sie erhalten die definitive Bestätigung der Anmeldung von der gewählten Institution. <br/>
		Die Betreuungen können <a href="https://ar.kibon.example.com/gesuch/verfuegen/<ID-1>">hier</a> eingesehen werden.
	</p>
	<p>
		Freundliche Grüsse <br/>
		Sozialversicherungen Appenzell Ausserrhoden
	</p>
	<p>
		Dies ist eine automatisch versendete E-Mail. Bitte antworten Sie nicht auf diese Nachricht.
	</p>
</div>

</body>

</html>

]


InfoSchulamtAnmeldungFerieninselUebernommen[BERN_DEUTSCH]=[
From: kibon@dvbern.ch
To: Dagmar Wälti <empfaenger@dvbern.ch>
Subject: 000042, 2017/2018, kiBon  – Anmeldung für Simon Wälti akzeptiert
Content-Type: text/html;charset=utf-8

<html>
<head>
<style type="text/css">
        body {
            font-family: "Open Sans", Arial, Helvetica, sans-serif;
        }
      .kursInfoHeader {background-color: #bce1ff; font-weight: bold;}
      .signature { font-size: 90%;}
    </style>
    <link href="https://fonts.googleapis.com/css?family=Open+Sans" rel="stylesheet">
	<meta http-equiv="Content-Type" content="text/html; charset=utf-8"/>
	<meta name="viewport" content="width=device-width, initial-scale=1.0"/>
	<title>kiBon  – Anmeldung entgegengenommen</title>

</head>

<body>

<div>
	<p>
		Guten Tag
	</p>
	<p>
		Ihre Anmeldung für Simon Wälti an der Ferieninsel Guarda wurde entgegengenommen. Sie erhalten die definitive Bestätigung der Anmeldung direkt von der Institution. <br/>
		Die gewählten Module können <a href="https://be.kibon.example.com/gesuch/verfuegen/<ID-1>">hier</a> eingesehen werden.
	</p>
	<p>
		Freundliche Grüsse <br/>
		Gemeinde London
	</p>
	<p>
		Dies ist eine automatisch versendete E-Mail. Bitte antworten Sie nicht auf diese Nachricht.
	</p>
</div>

</body>

</html>

]


InfoSchulamtAnmeldungFerieninselUebernommen[BERN_FRANZOESISCH]=[
From: kibon@dvbern.ch
To: Dagmar Wälti <empfaenger@dvbern.ch>
Subject: 000042, 2017/2018, kiBon  – L'inscription pour Simon Wälti a été acceptée
Content-Type: text/html;charset=utf-8

<html>
<head>
    <style type="text/css">
        body {
            font-family: "Open Sans", Arial, Helvetica, sans-serif;
        }
      .kursInfoHeader {background-color: #bce1ff; font-weight: bold;}
      .signature { font-size: 90%;}
    </style>
    <link href="https://fonts.googleapis.com/css?family=Open+Sans" rel="stylesheet">
	<meta http-equiv="Content-Type" content="text/html; charset=utf-8"/>
	<meta name="viewport" content="width=device-width, initial-scale=1.0"/>
	<title>kiBon  – Inscription acceptée</title>

</head>

<body>

<div>
	<p>
		Bonjour,
	</p>
	<p>
		Votre inscription pour Simon Wälti à Ferieninsel Guarda a été acceptée. Vous recevrez la confirmation définitive de l'inscription de la part de l'institution choisie. <br/>
		Vous pouvez consulter la liste des offres de prise en charge <a href="https://be.kibon.example.com/gesuch/verfuegen/<ID-1>">ici</a>.
	</p>
	<p>
		Nous vous présentons nos meilleures salutations. <br/>
		Commune London
	</p>
	<p>
		Merci de ne pas répondre à ce message automatique.
	</p>
</div>

</body>

</html>

]


InfoSchulamtAnmeldungFerieninselUebernommen[DVB_DEUTSCH]=[
From: kibon@dvbern.ch
To: Dagmar Wälti <empfaenger@dvbern.ch>
Subject: 000042, 2017/2018, kiBon  – Anmeldung für Simon Wälti akzeptiert
Content-Type: text/html;charset=utf-8

<html>
<head>
<style type="text/css">
        body {
            font-family: "Open Sans", Arial, Helvetica, sans-serif;
        }
      .kursInfoHeader {background-color: #bce1ff; font-weight: bold;}
      .signature { font-size: 90%;}
    </style>
    <link href="https://fonts.googleapis.com/css?family=Open+Sans" rel="stylesheet">
	<meta http-equiv="Content-Type" content="text/html; charset=utf-8"/>
	<meta name="viewport" content="width=device-width, initial-scale=1.0"/>
	<title>kiBon  – Anmeldung entgegengenommen</title>

</head>

<body>

<div>
	<p>
		Sehr geehrte Familie
	</p>
	<p>
		Ihre Anmeldung für Simon Wälti an der Ferieninsel Guarda wurde entgegengenommen. Sie erhalten die definitive Bestätigung der Anmeldung von der gewählten Institution. <br/>
		Die Betreuungen können <a href="https://dv.kibon.example.com/gesuch/verfuegen/<ID-1>">hier</a> eingesehen werden.
	</p>
	<p>
		Freundliche Grüsse <br/>
		Ihre Gemeinde London
	</p>
	<p>
		Dies ist eine automatisch versendete E-Mail. Bitte antworten Sie nicht auf diese Nachricht.
	</p>
</div>

</body>

</html>

]


InfoSchulamtAnmeldungFerieninselUebernommen[DVB_FRANZOESISCH]=[
From: kibon@dvbern.ch
To: Dagmar Wälti <empfaenger@dvbern.ch>
Subject: 000042, 2017/2018, kiBon  – L'inscription pour Simon Wälti a été acceptée
Content-Type: text/html;charset=utf-8

<html>
<head>
    <style type="text/css">
        body {
            font-family: "Open Sans", Arial, Helvetica, sans-serif;
        }
      .kursInfoHeader {background-color: #bce1ff; font-weight: bold;}
      .signature { font-size: 90%;}
    </style>
    <link href="https://fonts.googleapis.com/css?family=Open+Sans" rel="stylesheet">
	<meta http-equiv="Content-Type" content="text/html; charset=utf-8"/>
	<meta name="viewport" content="width=device-width, initial-scale=1.0"/>
	<title>kiBon  – Inscription acceptée</title>

</head>

<body>

<div>
	<p>
		Chère famille,
	</p>
	<p>
		Votre inscription pour Simon Wälti à Ferieninsel Guarda a été acceptée. Vous recevrez la confirmation définitive de l'inscription de la part de l'institution choisie. <br/>
		Vous pouvez consulter la liste des offres de prise en charge <a href="https://dv.kibon.example.com/gesuch/verfuegen/<ID-1>">ici</a>.
	</p>
	<p>
		Nous vous présentons nos meilleures salutations. <br/>
		Votre commune London
	</p>
	<p>
		Merci de ne pas répondre à ce message automatique.
	</p>
</div>

</body>

</html>

]


InfoSchulamtAnmeldungFerieninselUebernommen[LUZERN_DEUTSCH]=[
From: kibon@dvbern.ch
To: Dagmar Wälti <empfaenger@dvbern.ch>
Subject: 000042, 2017/2018, kiBon  – Anmeldung für Simon Wälti akzeptiert
Content-Type: text/html;charset=utf-8

<html>
<head>
<style type="text/css">
        body {
            font-family: "Open Sans", Arial, Helvetica, sans-serif;
        }
      .kursInfoHeader {background-color: #bce1ff; font-weight: bold;}
      .signature { font-size: 90%;}
    </style>
    <link href="https://fonts.googleapis.com/css?family=Open+Sans" rel="stylesheet">
	<meta http-equiv="Content-Type" content="text/html; charset=utf-8"/>
	<meta name="viewport" content="width=device-width, initial-scale=1.0"/>
	<title>kiBon  – Anmeldung entgegengenommen</title>

</head>

<body>

<div>
	<p>
		Sehr geehrte Familie
	</p>
	<p>
		Ihre Anmeldung für Simon Wälti an der Ferieninsel Guarda wurde entgegengenommen. Sie erhalten die definitive Bestätigung der Anmeldung von der gewählten Institution. <br/>
		Die Betreuungen können <a href="https://lu.kibon.example.com/gesuch/verfuegen/<ID-1>">hier</a> eingesehen werden.
	</p>
	<p>
		Freundliche Grüsse <br/>
		Ihre Gemeinde London
	</p>
	<p>
		Dies ist eine automatisch versendete E-Mail. Bitte antworten Sie nicht auf diese Nachricht.
	</p>
</div>

</body>

</html>

]


InfoSchulamtAnmeldungFerieninselUebernommen[SCHWYZ_DEUTSCH]=[
From: kibon@dvbern.ch
To: Dagmar Wälti <empfaenger@dvbern.ch>
Subject: 000042, 2017/2018, kiBon  – Anmeldung für Simon Wälti akzeptiert
Content-Type: text/html;charset=utf-8

<html>
<head>
<style type="text/css">
        body {
            font-family: "Open Sans", Arial, Helvetica, sans-serif;
        }
      .kursInfoHeader {background-color: #bce1ff; font-weight: bold;}
      .signature { font-size: 90%;}
    </style>
    <link href="https://fonts.googleapis.com/css?family=Open+Sans" rel="stylesheet">
	<meta http-equiv="Content-Type" content="text/html; charset=utf-8"/>
	<meta name="viewport" content="width=device-width, initial-scale=1.0"/>
	<title>kiBon  – Anmeldung entgegengenommen</title>

</head>

<body>

<div>
	<p>
		Sehr geehrte Familie
	</p>
	<p>
		Ihre Anmeldung für Simon Wälti an der Ferieninsel Guarda wurde entgegengenommen. Sie erhalten die definitive Bestätigung der Anmeldung von der gewählten Institution. <br/>
		Die Betreuungen können <a href="https://sz.kibon.example.com/gesuch/verfuegen/<ID-1>">hier</a> eingesehen werden.
	</p>
	<p>
		Freundliche Grüsse <br/>
		Ihre Gemeinde London
	</p>
	<p>
		Dies ist eine automatisch versendete E-Mail. Bitte antworten Sie nicht auf diese Nachricht.
	</p>
</div>

</body>

</html>

]


InfoSchulamtAnmeldungFerieninselUebernommen[SOLOTHURN_DEUTSCH]=[
From: kibon@dvbern.ch
To: Dagmar Wälti <empfaenger@dvbern.ch>
Subject: 000042, 2017/2018, kiBon  – Anmeldung für Simon Wälti akzeptiert
Content-Type: text/html;charset=utf-8

<html>
<head>
<style type="text/css">
        body {
            font-family: "Open Sans", Arial, Helvetica, sans-serif;
        }
      .kursInfoHeader {background-color: #bce1ff; font-weight: bold;}
      .signature { font-size: 90%;}
    </style>
    <link href="https://fonts.googleapis.com/css?family=Open+Sans" rel="stylesheet">
	<meta http-equiv="Content-Type" content="text/html; charset=utf-8"/>
	<meta name="viewport" content="width=device-width, initial-scale=1.0"/>
	<title>kiBon  – Anmeldung entgegengenommen</title>

</head>

<body>

<div>
	<p>
		Sehr geehrte Familie
	</p>
	<p>
		Ihre Anmeldung für Simon Wälti an der Ferieninsel Guarda wurde entgegengenommen. Sie erhalten die definitive Bestätigung der Anmeldung von der gewählten Institution. <br/>
		Die Betreuungen können <a href="https://so.kibon.example.com/gesuch/verfuegen/<ID-1>">hier</a> eingesehen werden.
	</p>
	<p>
		Freundliche Grüsse <br/>
		Ihre Gemeinde London
	</p>
	<p>
		Dies ist eine automatisch versendete E-Mail. Bitte antworten Sie nicht auf diese Nachricht.
	</p>
</div>

</body>

</html>

]


InfoSchulamtAnmeldungFerieninselUebernommen[ZUG_DEUTSCH]=[
From: kibon@dvbern.ch
To: Dagmar Wälti <empfaenger@dvbern.ch>
Subject: 000042, 2017/2018, kiBon  – Anmeldung für Simon Wälti akzeptiert
Content-Type: text/html;charset=utf-8

<html>
<head>
<style type="text/css">
        body {
            font-family: "Open Sans", Arial, Helvetica, sans-serif;
        }
      .kursInfoHeader {background-color: #bce1ff; font-weight: bold;}
      .signature { font-size: 90%;}
    </style>
    <link href="https://fonts.googleapis.com/css?family=Open+Sans" rel="stylesheet">
	<meta http-equiv="Content-Type" content="text/html; charset=utf-8"/>
	<meta name="viewport" content="width=device-width, initial-scale=1.0"/>
	<title>kiBon  – Anmeldung entgegengenommen</title>

</head>

<body>

<div>
	<p>
		Sehr geehrte Familie
	</p>
	<p>
		Ihre Anmeldung für Simon Wälti an der Ferieninsel Guarda wurde entgegengenommen. Sie erhalten die definitive Bestätigung der Anmeldung von der gewählten Institution. <br/>
		Die Betreuungen können <a href="https://zg.kibon.example.com/gesuch/verfuegen/<ID-1>">hier</a> eingesehen werden.
	</p>
	<p>
		Freundliche Grüsse <br/>
		Ihre Gemeinde London
	</p>
	<p>
		Dies ist eine automatisch versendete E-Mail. Bitte antworten Sie nicht auf diese Nachricht.
	</p>
</div>

</body>

</html>

]


InfoSchulamtAnmeldungStorniert[APPENZELL_AUSSERRHODEN_DEUTSCH]=[
From: kibon@dvbern.ch
To: Dagmar Wälti <empfaenger@dvbern.ch>
Subject: 000042, 2017/2018, kiBon  – Anmeldung storniert
Content-Type: text/html;charset=utf-8

<html>
<head>
    <style type="text/css">
        body {
            font-family: "Open Sans", Arial, Helvetica, sans-serif;
        }
      .kursInfoHeader {background-color: #bce1ff; font-weight: bold;}
      .signature { font-size: 90%;}
    </style>
    <link href="https://fonts.googleapis.com/css?family=Open+Sans" rel="stylesheet">
	<meta http-equiv="Content-Type" content="text/html; charset=utf-8"/>
	<meta name="viewport" content="width=device-width, initial-scale=1.0"/>
	<title>kiBon  – Anmeldung storniert</title>

</head>

<body>

<div>
	<p>
		Sehr geehrte Familie
	</p>
	<p>
		Ihre Anmeldung für Simon Wälti an der Tagesschule Tagesschule Bern wurde storniert.
	</p>
	<p>
		Freundliche Grüsse <br/>
		Sozialversicherungen Appenzell Ausserrhoden
	</p>
	<p>
		Dies ist eine automatisch versendete E-Mail. Bitte antworten Sie nicht auf diese Nachricht.
	</p>
</div>

</body>

</html>

]


InfoSchulamtAnmeldungStorniert[BERN_DEUTSCH]=[
From: kibon@dvbern.ch
To: Dagmar Wälti <empfaenger@dvbern.ch>
Subject: 000042, 2017/2018, kiBon  – Anmeldung storniert
Content-Type: text/html;charset=utf-8

<html>
<head>
    <style type="text/css">
        body {
            font-family: "Open Sans", Arial, Helvetica, sans-serif;
        }
      .kursInfoHeader {background-color: #bce1ff; font-weight: bold;}
      .signature { font-size: 90%;}
    </style>
    <link href="https://fonts.googleapis.com/css?family=Open+Sans" rel="stylesheet">
	<meta http-equiv="Content-Type" content="text/html; charset=utf-8"/>
	<meta name="viewport" content="width=device-width, initial-scale=1.0"/>
	<title>kiBon  – Anmeldung storniert</title>

</head>

<body>

<div>
	<p>
		Guten Tag
	</p>
	<p>
		Ihre Anmeldung für Simon Wälti an der Tagesschule Tagesschule Bern wurde storniert.
	</p>
	<p>
		Freundliche Grüsse <br/>
		Gemeinde London
	</p>
	<p>
		Dies ist eine automatisch versendete E-Mail. Bitte antworten Sie nicht auf diese Nachricht.
	</p>
</div>

</body>

</html>

]


InfoSchulamtAnmeldungStorniert[BERN_FRANZOESISCH]=[
From: kibon@dvbern.ch
To: Dagmar Wälti <empfaenger@dvbern.ch>
Subject: 000042, 2017/2018, kiBon  – Annulation de l'inscription
Content-Type: text/html;charset=utf-8

<html>
<head>
    <style type="text/css">
        body {
            font-family: "Open Sans", Arial, Helvetica, sans-serif;
        }
      .kursInfoHeader {background-color: #bce1ff; font-weight: bold;}
      .signature { font-size: 90%;}
    </style>
    <link href="https://fonts.googleapis.com/css?family=Open+Sans" rel="stylesheet">
	<meta http-equiv="Content-Type" content="text/html; charset=utf-8"/>
	<meta name="viewport" content="width=device-width, initial-scale=1.0"/>
	<title>kiBon  – Annulation de l'inscription</title>

</head>

<body>

<div>
	<p>
		Bonjour,
	</p>
	<p>
		Votre inscription pour Simon Wälti à l'école à journée continue Tagesschule Bern a été annulée.
	</p>
	<p>
		Nous vous présentons nos meilleures salutations.<br/>
		Commune London
	</p>
	<p>
		Merci de ne pas répondre à ce message automatique.
	</p>
</div>

</body>

</html>

]


InfoSchulamtAnmeldungStorniert[DVB_DEUTSCH]=[
From: kibon@dvbern.ch
To: Dagmar Wälti <empfaenger@dvbern.ch>
Subject: 000042, 2017/2018, kiBon  – Anmeldung storniert
Content-Type: text/html;charset=utf-8

<html>
<head>
    <style type="text/css">
        body {
            font-family: "Open Sans", Arial, Helvetica, sans-serif;
        }
      .kursInfoHeader {background-color: #bce1ff; font-weight: bold;}
      .signature { font-size: 90%;}
    </style>
    <link href="https://fonts.googleapis.com/css?family=Open+Sans" rel="stylesheet">
	<meta http-equiv="Content-Type" content="text/html; charset=utf-8"/>
	<meta name="viewport" content="width=device-width, initial-scale=1.0"/>
	<title>kiBon  – Anmeldung storniert</title>

</head>

<body>

<div>
	<p>
		Sehr geehrte Familie
	</p>
	<p>
		Ihre Anmeldung für Simon Wälti an der Tagesschule Tagesschule Bern wurde storniert.
	</p>
	<p>
		Freundliche Grüsse <br/>
		Ihre Gemeinde London
	</p>
	<p>
		Dies ist eine automatisch versendete E-Mail. Bitte antworten Sie nicht auf diese Nachricht.
	</p>
</div>

</body>

</html>

]


InfoSchulamtAnmeldungStorniert[DVB_FRANZOESISCH]=[
From: kibon@dvbern.ch
To: Dagmar Wälti <empfaenger@dvbern.ch>
Subject: 000042, 2017/2018, kiBon  – Annulation de l'inscription
Content-Type: text/html;charset=utf-8

<html>
<head>
    <style type="text/css">
        body {
            font-family: "Open Sans", Arial, Helvetica, sans-serif;
        }
      .kursInfoHeader {background-color: #bce1ff; font-weight: bold;}
      .signature { font-size: 90%;}
    </style>
    <link href="https://fonts.googleapis.com/css?family=Open+Sans" rel="stylesheet">
	<meta http-equiv="Content-Type" content="text/html; charset=utf-8"/>
	<meta name="viewport" content="width=device-width, initial-scale=1.0"/>
	<title>kiBon  – Annulation de l'inscription</title>

</head>

<body>

<div>
	<p>
		Chère famille,
	</p>
	<p>
		Votre inscription pour Simon Wälti à l'école à journée continue Tagesschule Bern a été annulée.
	</p>
	<p>
		Nous vous présentons nos meilleures salutations.<br/>
		Votre commune London
	</p>
	<p>
		Merci de ne pas répondre à ce message automatique.
	</p>
</div>

</body>

</html>

]


InfoSchulamtAnmeldungStorniert[LUZERN_DEUTSCH]=[
From: kibon@dvbern.ch
To: Dagmar Wälti <empfaenger@dvbern.ch>
Subject: 000042, 2017/2018, kiBon  – Anmeldung storniert
Content-Type: text/html;charset=utf-8

<html>
<head>
    <style type="text/css">
        body {
            font-family: "Open Sans", Arial, Helvetica, sans-serif;
        }
      .kursInfoHeader {background-color: #bce1ff; font-weight: bold;}
      .signature { font-size: 90%;}
    </style>
    <link href="https://fonts.googleapis.com/css?family=Open+Sans" rel="stylesheet">
	<meta http-equiv="Content-Type" content="text/html; charset=utf-8"/>
	<meta name="viewport" content="width=device-width, initial-scale=1.0"/>
	<title>kiBon  – Anmeldung storniert</title>

</head>

<body>

<div>
	<p>
		Sehr geehrte Familie
	</p>
	<p>
		Ihre Anmeldung für Simon Wälti an der Tagesschule Tagesschule Bern wurde storniert.
	</p>
	<p>
		Freundliche Grüsse <br/>
		Ihre Gemeinde London
	</p>
	<p>
		Dies ist eine automatisch versendete E-Mail. Bitte antworten Sie nicht auf diese Nachricht.
	</p>
</div>

</body>

</html>

]


InfoSchulamtAnmeldungStorniert[SCHWYZ_DEUTSCH]=[
From: kibon@dvbern.ch
To: Dagmar Wälti <empfaenger@dvbern.ch>
Subject: 000042, 2017/2018, kiBon  – Anmeldung storniert
Content-Type: text/html;charset=utf-8

<html>
<head>
    <style type="text/css">
        body {
            font-family: "Open Sans", Arial, Helvetica, sans-serif;
        }
      .kursInfoHeader {background-color: #bce1ff; font-weight: bold;}
      .signature { font-size: 90%;}
    </style>
    <link href="https://fonts.googleapis.com/css?family=Open+Sans" rel="stylesheet">
	<meta http-equiv="Content-Type" content="text/html; charset=utf-8"/>
	<meta name="viewport" content="width=device-width, initial-scale=1.0"/>
	<title>kiBon  – Anmeldung storniert</title>

</head>

<body>

<div>
	<p>
		Sehr geehrte Familie
	</p>
	<p>
		Ihre Anmeldung für Simon Wälti an der Tagesschule Tagesschule Bern wurde storniert.
	</p>
	<p>
		Freundliche Grüsse <br/>
		Ihre Gemeinde London
	</p>
	<p>
		Dies ist eine automatisch versendete E-Mail. Bitte antworten Sie nicht auf diese Nachricht.
	</p>
</div>

</body>

</html>

]


InfoSchulamtAnmeldungStorniert[SOLOTHURN_DEUTSCH]=[
From: kibon@dvbern.ch
To: Dagmar Wälti <empfaenger@dvbern.ch>
Subject: 000042, 2017/2018, kiBon  – Anmeldung storniert
Content-Type: text/html;charset=utf-8

<html>
<head>
    <style type="text/css">
        body {
            font-family: "Open Sans", Arial, Helvetica, sans-serif;
        }
      .kursInfoHeader {background-color: #bce1ff; font-weight: bold;}
      .signature { font-size: 90%;}
    </style>
    <link href="https://fonts.googleapis.com/css?family=Open+Sans" rel="stylesheet">
	<meta http-equiv="Content-Type" content="text/html; charset=utf-8"/>
	<meta name="viewport" content="width=device-width, initial-scale=1.0"/>
	<title>kiBon  – Anmeldung storniert</title>

</head>

<body>

<div>
	<p>
		Sehr geehrte Familie
	</p>
	<p>
		Ihre Anmeldung für Simon Wälti an der Tagesschule Tagesschule Bern wurde storniert.
	</p>
	<p>
		Freundliche Grüsse <br/>
		Ihre Gemeinde London
	</p>
	<p>
		Dies ist eine automatisch versendete E-Mail. Bitte antworten Sie nicht auf diese Nachricht.
	</p>
</div>

</body>

</html>

]


InfoSchulamtAnmeldungStorniert[ZUG_DEUTSCH]=[
From: kibon@dvbern.ch
To: Dagmar Wälti <empfaenger@dvbern.ch>
Subject: 000042, 2017/2018, kiBon  – Anmeldung storniert
Content-Type: text/html;charset=utf-8

<html>
<head>
    <style type="text/css">
        body {
            font-family: "Open Sans", Arial, Helvetica, sans-serif;
        }
      .kursInfoHeader {background-color: #bce1ff; font-weight: bold;}
      .signature { font-size: 90%;}
    </style>
    <link href="https://fonts.googleapis.com/css?family=Open+Sans" rel="stylesheet">
	<meta http-equiv="Content-Type" content="text/html; charset=utf-8"/>
	<meta name="viewport" content="width=device-width, initial-scale=1.0"/>
	<title>kiBon  – Anmeldung storniert</title>

</head>

<body>

<div>
	<p>
		Sehr geehrte Familie
	</p>
	<p>
		Ihre Anmeldung für Simon Wälti an der Tagesschule Tagesschule Bern wurde storniert.
	</p>
	<p>
		Freundliche Grüsse <br/>
		Ihre Gemeinde London
	</p>
	<p>
		Dies ist eine automatisch versendete E-Mail. Bitte antworten Sie nicht auf diese Nachricht.
	</p>
</div>

</body>

</html>

]


InfoSchulamtAnmeldungTagesschuleAkzeptiert[APPENZELL_AUSSERRHODEN_DEUTSCH]=[
From: kibon@dvbern.ch
To: Dagmar Wälti <empfaenger@dvbern.ch>
Subject: 000042, 2017/2018, kiBon  – Anmeldung für Simon Wälti akzeptiert
Content-Type: text/html;charset=utf-8

<html>
<head>
<style type="text/css">
        body {
            font-family: "Open Sans", Arial, Helvetica, sans-serif;
        }
      .kursInfoHeader {background-color: #bce1ff; font-weight: bold;}
      .signature { font-size: 90%;}
    </style>
    <link href="https://fonts.googleapis.com/css?family=Open+Sans" rel="stylesheet">
	<meta http-equiv="Content-Type" content="text/html; charset=utf-8"/>
	<meta name="viewport" content="width=device-width, initial-scale=1.0"/>
	<title>kiBon  – Anmeldung entgegengenommen</title>

</head>

<body>

<div>
	<p>
		Sehr geehrte Familie
	</p>
	<p>
		Wir bestätigen Ihnen Ihre Anmeldung für Simon Wälti an der Tagesschule "Tagesschule Bern". Die Anmeldebestätigung kann <a href="https://ar.kibon.example.com/gesuch/verfuegenView/<ID-1>/1/-1">hier</a> eingesehen werden.
		Ihr Antrag auf einen vergünstigten Tarif wurde noch nicht geprüft. Nach Abschluss der Prüfung erhalten Sie eine Bestätigung mit der definitiven Gebühr.
	</p>
	<p>
		Freundliche Grüsse <br/>
		Sozialversicherungen Appenzell Ausserrhoden
	</p>
	<p>
		Dies ist eine automatisch versendete E-Mail. Bitte antworten Sie nicht auf diese Nachricht.
	</p>
</div>

</body>

</html>

]


InfoSchulamtAnmeldungTagesschuleAkzeptiert[BERN_DEUTSCH]=[
From: kibon@dvbern.ch
To: Dagmar Wälti <empfaenger@dvbern.ch>
Subject: 000042, 2017/2018, kiBon  – Anmeldung für Simon Wälti akzeptiert
Content-Type: text/html;charset=utf-8

<html>
<head>
<style type="text/css">
        body {
            font-family: "Open Sans", Arial, Helvetica, sans-serif;
        }
      .kursInfoHeader {background-color: #bce1ff; font-weight: bold;}
      .signature { font-size: 90%;}
    </style>
    <link href="https://fonts.googleapis.com/css?family=Open+Sans" rel="stylesheet">
	<meta http-equiv="Content-Type" content="text/html; charset=utf-8"/>
	<meta name="viewport" content="width=device-width, initial-scale=1.0"/>
	<title>kiBon  – Anmeldung entgegengenommen</title>

</head>

<body>

<div>
	<p>
		Guten Tag
	</p>
	<p>
		Wir bestätigen Ihnen Ihre Anmeldung für Simon Wälti an der Tagesschule "Tagesschule Bern". Die Anmeldebestätigung kann <a href="https://be.kibon.example.com/gesuch/verfuegenView/<ID-1>/1/-1">hier</a> eingesehen werden.
		Ihr Antrag auf einen vergünstigten Tarif wurde noch nicht geprüft. Nach Abschluss der Prüfung erhalten Sie eine Bestätigung mit der definitiven Gebühr.
	</p>
	<p>
		Freundliche Grüsse <br/>
		Gemeinde London
	</p>
	<p>
		Dies ist eine automatisch versendete E-Mail. Bitte antworten Sie nicht auf diese Nachricht.
	</p>
</div>

</body>

</html>

]


InfoSchulamtAnmeldungTagesschuleAkzeptiert[BERN_FRANZOESISCH]=[
From: kibon@dvbern.ch
To: Dagmar Wälti <empfaenger@dvbern.ch>
Subject: 000042, 2017/2018, kiBon  – Inscription pour Simon Wälti acceptée
Content-Type: text/html;charset=utf-8

<html>
<head>
<style type="text/css">
        body {
            font-family: "Open Sans", Arial, Helvetica, sans-serif;
        }
      .kursInfoHeader {background-color: #bce1ff; font-weight: bold;}
      .signature { font-size: 90%;}
    </style>
    <link href="https://fonts.googleapis.com/css?family=Open+Sans" rel="stylesheet">
	<meta http-equiv="Content-Type" content="text/html; charset=utf-8"/>
	<meta name="viewport" content="width=device-width, initial-scale=1.0"/>
	<title>kiBon  – Inscription acceptée</title>

</head>

<body>

<div>
	<p>
		Bonjour,
	</p>
	<p>
		Votre inscription pour Simon Wälti à l'EJC (Tagesschule Bern) est acceptée. Vous pouvez consulter les horaires de prise en charge <a href="https://be.kibon.example.com/gesuch/verfuegenView/<ID-1>/1/-1">ici</a>.
		Votre demande de réduction de tarif n'a pas encore été contrôlée. Vous recevrez une confirmation avec les tarifs définitifs dès qu'elle aura été contrôlée.
	</p>
	<p>
		Nous vous présentons nos salutations les meilleures.<br/>
		Commune London
	</p>
	<p>
		Merci de ne pas répondre à ce message électronique.
	</p>
</div>

</body>

</html>

]


InfoSchulamtAnmeldungTagesschuleAkzeptiert[DVB_DEUTSCH]=[
From: kibon@dvbern.ch
To: Dagmar Wälti <empfaenger@dvbern.ch>
Subject: 000042, 2017/2018, kiBon  – Anmeldung für Simon Wälti akzeptiert
Content-Type: text/html;charset=utf-8

<html>
<head>
<style type="text/css">
        body {
            font-family: "Open Sans", Arial, Helvetica, sans-serif;
        }
      .kursInfoHeader {background-color: #bce1ff; font-weight: bold;}
      .signature { font-size: 90%;}
    </style>
    <link href="https://fonts.googleapis.com/css?family=Open+Sans" rel="stylesheet">
	<meta http-equiv="Content-Type" content="text/html; charset=utf-8"/>
	<meta name="viewport" content="width=device-width, initial-scale=1.0"/>
	<title>kiBon  – Anmeldung entgegengenommen</title>

</head>

<body>

<div>
	<p>
		Sehr geehrte Familie
	</p>
	<p>
		Wir bestätigen Ihnen Ihre Anmeldung für Simon Wälti an der Tagesschule "Tagesschule Bern". Die Anmeldebestätigung kann <a href="https://dv.kibon.example.com/gesuch/verfuegenView/<ID-1>/1/-1">hier</a> eingesehen werden.
		Ihr Antrag auf einen vergünstigten Tarif wurde noch nicht geprüft. Nach Abschluss der Prüfung erhalten Sie eine Bestätigung mit der definitiven Gebühr.
	</p>
	<p>
		Freundliche Grüsse <br/>
		Ihre Gemeinde London
	</p>
	<p>
		Dies ist eine automatisch versendete E-Mail. Bitte antworten Sie nicht auf diese Nachricht.
	</p>
</div>

</body>

</html>

]


InfoSchulamtAnmeldungTagesschuleAkzeptiert[DVB_FRANZOESISCH]=[
From: kibon@dvbern.ch
To: Dagmar Wälti <empfaenger@dvbern.ch>
Subject: 000042, 2017/2018, kiBon  – Inscription pour Simon Wälti acceptée
Content-Type: text/html;charset=utf-8

<html>
<head>
<style type="text/css">
        body {
            font-family: "Open Sans", Arial, Helvetica, sans-serif;
        }
      .kursInfoHeader {background-color: #bce1ff; font-weight: bold;}
      .signature { font-size: 90%;}
    </style>
    <link href="https://fonts.googleapis.com/css?family=Open+Sans" rel="stylesheet">
	<meta http-equiv="Content-Type" content="text/html; charset=utf-8"/>
	<meta name="viewport" content="width=device-width, initial-scale=1.0"/>
	<title>kiBon  – Inscription acceptée</title>

</head>

<body>

<div>
	<p>
		Chère famille,
	</p>
	<p>
		Votre inscription pour Simon Wälti à l'EJC (Tagesschule Bern) est acceptée. Vous pouvez consulter les horaires de prise en charge <a href="https://dv.kibon.example.com/gesuch/verfuegenView/<ID-1>/1/-1">ici</a>.
		Votre demande de réduction de tarif n'a pas encore été contrôlée. Vous recevrez une nouvelle confirmation avec les tarifs définitifs dès qu'elle aura été contrôlée.
	</p>
	<p>
		Nous vous présentons nos salutations les meilleures.<br/>
		Votre commune London
	</p>
	<p>
		Merci de ne pas répondre à ce message électronique.
	</p>
</div>

</body>

</html>

]


InfoSchulamtAnmeldungTagesschuleAkzeptiert[LUZERN_DEUTSCH]=[
From: kibon@dvbern.ch
To: Dagmar Wälti <empfaenger@dvbern.ch>
Subject: 000042, 2017/2018, kiBon  – Anmeldung für Simon Wälti akzeptiert
Content-Type: text/html;charset=utf-8

<html>
<head>
<style type="text/css">
        body {
            font-family: "Open Sans", Arial, Helvetica, sans-serif;
        }
      .kursInfoHeader {background-color: #bce1ff; font-weight: bold;}
      .signature { font-size: 90%;}
    </style>
    <link href="https://fonts.googleapis.com/css?family=Open+Sans" rel="stylesheet">
	<meta http-equiv="Content-Type" content="text/html; charset=utf-8"/>
	<meta name="viewport" content="width=device-width, initial-scale=1.0"/>
	<title>kiBon  – Anmeldung entgegengenommen</title>

</head>

<body>

<div>
	<p>
		Sehr geehrte Familie
	</p>
	<p>
		Wir bestätigen Ihnen Ihre Anmeldung für Simon Wälti an der Tagesschule "Tagesschule Bern". Die Anmeldebestätigung kann <a href="https://lu.kibon.example.com/gesuch/verfuegenView/<ID-1>/1/-1">hier</a> eingesehen werden.
		Ihr Antrag auf einen vergünstigten Tarif wurde noch nicht geprüft. Nach Abschluss der Prüfung erhalten Sie eine Bestätigung mit der definitiven Gebühr.
	</p>
	<p>
		Freundliche Grüsse <br/>
		Ihre Gemeinde London
	</p>
	<p>
		Dies ist eine automatisch versendete E-Mail. Bitte antworten Sie nicht auf diese Nachricht.
	</p>
</div>

</body>

</html>

]


InfoSchulamtAnmeldungTagesschuleAkzeptiert[SCHWYZ_DEUTSCH]=[
From: kibon@dvbern.ch
To: Dagmar Wälti <empfaenger@dvbern.ch>
Subject: 000042, 2017/2018, kiBon  – Anmeldung für Simon Wälti akzeptiert
Content-Type: text/html;charset=utf-8

<html>
<head>
<style type="text/css">
        body {
            font-family: "Open Sans", Arial, Helvetica, sans-serif;
        }
      .kursInfoHeader {background-color: #bce1ff; font-weight: bold;}
      .signature { font-size: 90%;}
    </style>
    <link href="https://fonts.googleapis.com/css?family=Open+Sans" rel="stylesheet">
	<meta http-equiv="Content-Type" content="text/html; charset=utf-8"/>
	<meta name="viewport" content="width=device-width, initial-scale=1.0"/>
	<title>kiBon  – Anmeldung entgegengenommen</title>

</head>

<body>

<div>
	<p>
		Sehr geehrte Familie
	</p>
	<p>
		Wir bestätigen Ihnen Ihre Anmeldung für Simon Wälti an der Tagesschule "Tagesschule Bern". Die Anmeldebestätigung kann <a href="https://sz.kibon.example.com/gesuch/verfuegenView/<ID-1>/1/-1">hier</a> eingesehen werden.
		Ihr Antrag auf einen vergünstigten Tarif wurde noch nicht geprüft. Nach Abschluss der Prüfung erhalten Sie eine Bestätigung mit der definitiven Gebühr.
	</p>
	<p>
		Freundliche Grüsse <br/>
		Ihre Gemeinde London
	</p>
	<p>
		Dies ist eine automatisch versendete E-Mail. Bitte antworten Sie nicht auf diese Nachricht.
	</p>
</div>

</body>

</html>

]


InfoSchulamtAnmeldungTagesschuleAkzeptiert[SOLOTHURN_DEUTSCH]=[
From: kibon@dvbern.ch
To: Dagmar Wälti <empfaenger@dvbern.ch>
Subject: 000042, 2017/2018, kiBon  – Anmeldung für Simon Wälti akzeptiert
Content-Type: text/html;charset=utf-8

<html>
<head>
<style type="text/css">
        body {
            font-family: "Open Sans", Arial, Helvetica, sans-serif;
        }
      .kursInfoHeader {background-color: #bce1ff; font-weight: bold;}
      .signature { font-size: 90%;}
    </style>
    <link href="https://fonts.googleapis.com/css?family=Open+Sans" rel="stylesheet">
	<meta http-equiv="Content-Type" content="text/html; charset=utf-8"/>
	<meta name="viewport" content="width=device-width, initial-scale=1.0"/>
	<title>kiBon  – Anmeldung entgegengenommen</title>

</head>

<body>

<div>
	<p>
		Sehr geehrte Familie
	</p>
	<p>
		Wir bestätigen Ihnen Ihre Anmeldung für Simon Wälti an der Tagesschule "Tagesschule Bern". Die Anmeldebestätigung kann <a href="https://so.kibon.example.com/gesuch/verfuegenView/<ID-1>/1/-1">hier</a> eingesehen werden.
		Ihr Antrag auf einen vergünstigten Tarif wurde noch nicht geprüft. Nach Abschluss der Prüfung erhalten Sie eine Bestätigung mit der definitiven Gebühr.
	</p>
	<p>
		Freundliche Grüsse <br/>
		Ihre Gemeinde London
	</p>
	<p>
		Dies ist eine automatisch versendete E-Mail. Bitte antworten Sie nicht auf diese Nachricht.
	</p>
</div>

</body>

</html>

]


InfoSchulamtAnmeldungTagesschuleAkzeptiert[ZUG_DEUTSCH]=[
From: kibon@dvbern.ch
To: Dagmar Wälti <empfaenger@dvbern.ch>
Subject: 000042, 2017/2018, kiBon  – Anmeldung für Simon Wälti akzeptiert
Content-Type: text/html;charset=utf-8

<html>
<head>
<style type="text/css">
        body {
            font-family: "Open Sans", Arial, Helvetica, sans-serif;
        }
      .kursInfoHeader {background-color: #bce1ff; font-weight: bold;}
      .signature { font-size: 90%;}
    </style>
    <link href="https://fonts.googleapis.com/css?family=Open+Sans" rel="stylesheet">
	<meta http-equiv="Content-Type" content="text/html; charset=utf-8"/>
	<meta name="viewport" content="width=device-width, initial-scale=1.0"/>
	<title>kiBon  – Anmeldung entgegengenommen</title>

</head>

<body>

<div>
	<p>
		Sehr geehrte Familie
	</p>
	<p>
		Wir bestätigen Ihnen Ihre Anmeldung für Simon Wälti an der Tagesschule "Tagesschule Bern". Die Anmeldebestätigung kann <a href="https://zg.kibon.example.com/gesuch/verfuegenView/<ID-1>/1/-1">hier</a> eingesehen werden.
		Ihr Antrag auf einen vergünstigten Tarif wurde noch nicht geprüft. Nach Abschluss der Prüfung erhalten Sie eine Bestätigung mit der definitiven Gebühr.
	</p>
	<p>
		Freundliche Grüsse <br/>
		Ihre Gemeinde London
	</p>
	<p>
		Dies ist eine automatisch versendete E-Mail. Bitte antworten Sie nicht auf diese Nachricht.
	</p>
</div>

</body>

</html>

]


InfoSchulamtAnmeldungTagesschuleUebernommen[APPENZELL_AUSSERRHODEN_DEUTSCH]=[
From: kibon@dvbern.ch
To: Dagmar Wälti <empfaenger@dvbern.ch>
Subject: 000042, 2017/2018, kiBon  – Anmeldung für Simon Wälti entgegengenommen
Content-Type: text/html;charset=utf-8

<html>
<head>
<style type="text/css">
        body {
            font-family: "Open Sans", Arial, Helvetica, sans-serif;
        }
      .kursInfoHeader {background-color: #bce1ff; font-weight: bold;}
      .signature { font-size: 90%;}
    </style>
    <link href="https://fonts.googleapis.com/css?family=Open+Sans" rel="stylesheet">
	<meta http-equiv="Content-Type" content="text/html; charset=utf-8"/>
	<meta name="viewport" content="width=device-width, initial-scale=1.0"/>
	<title>kiBon  – Anmeldung entgegengenommen</title>

</head>

<body>

<div>
	<p>
		Sehr geehrte Familie
	</p>
	<p>
		Wir bestätigen Ihnen Ihre Anmeldung für Simon Wälti an der Tagesschule "Tagesschule Bern". Die Module und der berechnete Tarif können <a href="https://ar.kibon.example.com/gesuch/verfuegenView/<ID-1>/1/-1">hier</a> eingesehen werden.
	</p>
	<p>
		Freundliche Grüsse <br/>
		Sozialversicherungen Appenzell Ausserrhoden
	</p>
	<p>
		Dies ist eine automatisch versendete E-Mail. Bitte antworten Sie nicht auf diese Nachricht.
	</p>
</div>

</body>

</html>

]


InfoSchulamtAnmeldungTagesschuleUebernommen[BERN_DEUTSCH]=[
From: kibon@dvbern.ch
To: Dagmar Wälti <empfaenger@dvbern.ch>
Subject: 000042, 2017/2018, kiBon  – Anmeldung für Simon Wälti entgegengenommen
Content-Type: text/html;charset=utf-8

<html>
<head>
<style type="text/css">
        body {
            font-family: "Open Sans", Arial, Helvetica, sans-serif;
        }
      .kursInfoHeader {background-color: #bce1ff; font-weight: bold;}
      .signature { font-size: 90%;}
    </style>
    <link href="https://fonts.googleapis.com/css?family=Open+Sans" rel="stylesheet">
	<meta http-equiv="Content-Type" content="text/html; charset=utf-8"/>
	<meta name="viewport" content="width=device-width, initial-scale=1.0"/>
	<title>kiBon  – Anmeldung entgegengenommen</title>

</head>

<body>

<div>
	<p>
		Guten Tag
	</p>
	<p>
		Wir bestätigen Ihnen Ihre Anmeldung für Simon Wälti an der Tagesschule "Tagesschule Bern". Die Module und der berechnete Tarif können <a href="https://be.kibon.example.com/gesuch/verfuegenView/<ID-1>/1/-1">hier</a> eingesehen werden.
	</p>
	<p>
		Freundliche Grüsse <br/>
		Gemeinde London
	</p>
	<p>
		Dies ist eine automatisch versendete E-Mail. Bitte antworten Sie nicht auf diese Nachricht.
	</p>
</div>

</body>

</html>

]


InfoSchulamtAnmeldungTagesschuleUebernommen[BERN_FRANZOESISCH]=[
From: kibon@dvbern.ch
To: Dagmar Wälti <empfaenger@dvbern.ch>
Subject: 000042, 2017/2018, kiBon  – Inscription pour Simon Wälti acceptée
Content-Type: text/html;charset=utf-8

<html>
<head>
<style type="text/css">
        body {
            font-family: "Open Sans", Arial, Helvetica, sans-serif;
        }
      .kursInfoHeader {background-color: #bce1ff; font-weight: bold;}
      .signature { font-size: 90%;}
    </style>
    <link href="https://fonts.googleapis.com/css?family=Open+Sans" rel="stylesheet">
	<meta http-equiv="Content-Type" content="text/html; charset=utf-8"/>
	<meta name="viewport" content="width=device-width, initial-scale=1.0"/>
	<title>kiBon  – Inscription acceptée</title>

</head>

<body>

<div>
	<p>
		Bonjour,
	</p>
	<p>
		Votre inscription pour Simon Wälti à l'EJC (Tagesschule Bern) a été acceptée. Vous pouvez consulter la liste des offres de prise en charge <a href="https://be.kibon.example.com/gesuch/verfuegenView/<ID-1>/1/-1">ici</a>.
	</p>
	<p>
		Nous vous présentons nos salutations les meilleures.<br/>
		Commune London
	</p>
	<p>
		Merci de ne pas répondre à ce message électronique.
	</p>
</div>

</body>

</html>

]


InfoSchulamtAnmeldungTagesschuleUebernommen[DVB_DEUTSCH]=[
From: kibon@dvbern.ch
To: Dagmar Wälti <empfaenger@dvbern.ch>
Subject: 000042, 2017/2018, kiBon  – Anmeldung für Simon Wälti entgegengenommen
Content-Type: text/html;charset=utf-8

<html>
<head>
<style type="text/css">
        body {
            font-family: "Open Sans", Arial, Helvetica, sans-serif;
        }
      .kursInfoHeader {background-color: #bce1ff; font-weight: bold;}
      .signature { font-size: 90%;}
    </style>
    <link href="https://fonts.googleapis.com/css?family=Open+Sans" rel="stylesheet">
	<meta http-equiv="Content-Type" content="text/html; charset=utf-8"/>
	<meta name="viewport" content="width=device-width, initial-scale=1.0"/>
	<title>kiBon  – Anmeldung entgegengenommen</title>

</head>

<body>

<div>
	<p>
		Sehr geehrte Familie
	</p>
	<p>
		Wir bestätigen Ihnen Ihre Anmeldung für Simon Wälti an der Tagesschule "Tagesschule Bern". Die Module und der berechnete Tarif können <a href="https://dv.kibon.example.com/gesuch/verfuegenView/<ID-1>/1/-1">hier</a> eingesehen werden.
	</p>
	<p>
		Freundliche Grüsse <br/>
		Ihre Gemeinde London
	</p>
	<p>
		Dies ist eine automatisch versendete E-Mail. Bitte antworten Sie nicht auf diese Nachricht.
	</p>
</div>

</body>

</html>

]


InfoSchulamtAnmeldungTagesschuleUebernommen[DVB_FRANZOESISCH]=[
From: kibon@dvbern.ch
To: Dagmar Wälti <empfaenger@dvbern.ch>
Subject: 000042, 2017/2018, kiBon  – Inscription pour Simon Wälti acceptée
Content-Type: text/html;charset=utf-8

<html>
<head>
<style type="text/css">
        body {
            font-family: "Open Sans", Arial, Helvetica, sans-serif;
        }
      .kursInfoHeader {background-color: #bce1ff; font-weight: bold;}
      .signature { font-size: 90%;}
    </style>
    <link href="https://fonts.googleapis.com/css?family=Open+Sans" rel="stylesheet">
	<meta http-equiv="Content-Type" content="text/html; charset=utf-8"/>
	<meta name="viewport" content="width=device-width, initial-scale=1.0"/>
	<title>kiBon  – Inscription acceptée</title>

</head>

<body>

<div>
	<p>
		Chère famille,
	</p>
	<p>
		Votre inscription pour Simon Wälti à l'EJC (Tagesschule Bern) a été acceptée. Vous pouvez consulter la liste des offres de prise en charge <a href="https://dv.kibon.example.com/gesuch/verfuegenView/<ID-1>/1/-1">ici</a>.
	</p>
	<p>
		Nous vous présentons nos salutations les meilleures.<br/>
		Votre commune London
	</p>
	<p>
		Merci de ne pas répondre à ce message électronique.
	</p>
</div>

</body>

</html>

]


InfoSchulamtAnmeldungTagesschuleUebernommen[LUZERN_DEUTSCH]=[
From: kibon@dvbern.ch
To: Dagmar Wälti <empfaenger@dvbern.ch>
Subject: 000042, 2017/2018, kiBon  – Anmeldung für Simon Wälti entgegengenommen
Content-Type: text/html;charset=utf-8

<html>
<head>
<style type="text/css">
        body {
            font-family: "Open Sans", Arial, Helvetica, sans-serif;
        }
      .kursInfoHeader {background-color: #bce1ff; font-weight: bold;}
      .signature { font-size: 90%;}
    </style>
    <link href="https://fonts.googleapis.com/css?family=Open+Sans" rel="stylesheet">
	<meta http-equiv="Content-Type" content="text/html; charset=utf-8"/>
	<meta name="viewport" content="width=device-width, initial-scale=1.0"/>
	<title>kiBon  – Anmeldung entgegengenommen</title>

</head>

<body>

<div>
	<p>
		Sehr geehrte Familie
	</p>
	<p>
		Wir bestätigen Ihnen Ihre Anmeldung für Simon Wälti an der Tagesschule "Tagesschule Bern". Die Module und der berechnete Tarif können <a href="https://lu.kibon.example.com/gesuch/verfuegenView/<ID-1>/1/-1">hier</a> eingesehen werden.
	</p>
	<p>
		Freundliche Grüsse <br/>
		Ihre Gemeinde London
	</p>
	<p>
		Dies ist eine automatisch versendete E-Mail. Bitte antworten Sie nicht auf diese Nachricht.
	</p>
</div>

</body>

</html>

]


InfoSchulamtAnmeldungTagesschuleUebernommen[SCHWYZ_DEUTSCH]=[
From: kibon@dvbern.ch
To: Dagmar Wälti <empfaenger@dvbern.ch>
Subject: 000042, 2017/2018, kiBon  – Anmeldung für Simon Wälti entgegengenommen
Content-Type: text/html;charset=utf-8

<html>
<head>
<style type="text/css">
        body {
            font-family: "Open Sans", Arial, Helvetica, sans-serif;
        }
      .kursInfoHeader {background-color: #bce1ff; font-weight: bold;}
      .signature { font-size: 90%;}
    </style>
    <link href="https://fonts.googleapis.com/css?family=Open+Sans" rel="stylesheet">
	<meta http-equiv="Content-Type" content="text/html; charset=utf-8"/>
	<meta name="viewport" content="width=device-width, initial-scale=1.0"/>
	<title>kiBon  – Anmeldung entgegengenommen</title>

</head>

<body>

<div>
	<p>
		Sehr geehrte Familie
	</p>
	<p>
		Wir bestätigen Ihnen Ihre Anmeldung für Simon Wälti an der Tagesschule "Tagesschule Bern". Die Module und der berechnete Tarif können <a href="https://sz.kibon.example.com/gesuch/verfuegenView/<ID-1>/1/-1">hier</a> eingesehen werden.
	</p>
	<p>
		Freundliche Grüsse <br/>
		Ihre Gemeinde London
	</p>
	<p>
		Dies ist eine automatisch versendete E-Mail. Bitte antworten Sie nicht auf diese Nachricht.
	</p>
</div>

</body>

</html>

]


InfoSchulamtAnmeldungTagesschuleUebernommen[SOLOTHURN_DEUTSCH]=[
From: kibon@dvbern.ch
To: Dagmar Wälti <empfaenger@dvbern.ch>
Subject: 000042, 2017/2018, kiBon  – Anmeldung für Simon Wälti entgegengenommen
Content-Type: text/html;charset=utf-8

<html>
<head>
<style type="text/css">
        body {
            font-family: "Open Sans", Arial, Helvetica, sans-serif;
        }
      .kursInfoHeader {background-color: #bce1ff; font-weight: bold;}
      .signature { font-size: 90%;}
    </style>
    <link href="https://fonts.googleapis.com/css?family=Open+Sans" rel="stylesheet">
	<meta http-equiv="Content-Type" content="text/html; charset=utf-8"/>
	<meta name="viewport" content="width=device-width, initial-scale=1.0"/>
	<title>kiBon  – Anmeldung entgegengenommen</title>

</head>

<body>

<div>
	<p>
		Sehr geehrte Familie
	</p>
	<p>
		Wir bestätigen Ihnen Ihre Anmeldung für Simon Wälti an der Tagesschule "Tagesschule Bern". Die Module und der berechnete Tarif können <a href="https://so.kibon.example.com/gesuch/verfuegenView/<ID-1>/1/-1">hier</a> eingesehen werden.
	</p>
	<p>
		Freundliche Grüsse <br/>
		Ihre Gemeinde London
	</p>
	<p>
		Dies ist eine automatisch versendete E-Mail. Bitte antworten Sie nicht auf diese Nachricht.
	</p>
</div>

</body>

</html>

]


InfoSchulamtAnmeldungTagesschuleUebernommen[ZUG_DEUTSCH]=[
From: kibon@dvbern.ch
To: Dagmar Wälti <empfaenger@dvbern.ch>
Subject: 000042, 2017/2018, kiBon  – Anmeldung für Simon Wälti entgegengenommen
Content-Type: text/html;charset=utf-8

<html>
<head>
<style type="text/css">
        body {
            font-family: "Open Sans", Arial, Helvetica, sans-serif;
        }
      .kursInfoHeader {background-color: #bce1ff; font-weight: bold;}
      .signature { font-size: 90%;}
    </style>
    <link href="https://fonts.googleapis.com/css?family=Open+Sans" rel="stylesheet">
	<meta http-equiv="Content-Type" content="text/html; charset=utf-8"/>
	<meta name="viewport" content="width=device-width, initial-scale=1.0"/>
	<title>kiBon  – Anmeldung entgegengenommen</title>

</head>

<body>

<div>
	<p>
		Sehr geehrte Familie
	</p>
	<p>
		Wir bestätigen Ihnen Ihre Anmeldung für Simon Wälti an der Tagesschule "Tagesschule Bern". Die Module und der berechnete Tarif können <a href="https://zg.kibon.example.com/gesuch/verfuegenView/<ID-1>/1/-1">hier</a> eingesehen werden.
	</p>
	<p>
		Freundliche Grüsse <br/>
		Ihre Gemeinde London
	</p>
	<p>
		Dies ist eine automatisch versendete E-Mail. Bitte antworten Sie nicht auf diese Nachricht.
	</p>
</div>

</body>

</html>

]