InfoMitteilungErhalten[APPENZELL_AUSSERRHODEN_DEUTSCH]=[
From: kibon@dvbern.ch
To: Dagmar Wälti <empfaenger@dvbern.ch>
Subject: kiBon  - Neue Nachricht der Gemeinde London
Content-Type: text/html;charset=utf-8

<html>
<head>
<style type="text/css">
        body {
            font-family: "Open Sans", Arial, Helvetica, sans-serif;
        }
      .kursInfoHeader {background-color: #bce1ff; font-weight: bold;}
      .signature { font-size: 90%;}
    </style>
    <link href="https://fonts.googleapis.com/css?family=Open+Sans" rel="stylesheet">
	<meta http-equiv="Content-Type" content="text/html; charset=utf-8"/>
	<meta name="viewport" content="width=device-width, initial-scale=1.0"/>
	<title>kiBon  - Neue Nachricht der Gemeinde London</title>

</head>

<body>

<div>
	<p>
		Sehr geehrte Familie
	</p>
	<p>
		Die Gemeinde London hat Ihnen eine
		<a href="https://ar.kibon.example.com/mitteilungen/<ID-1>/<ID-2>/">Nachricht</a>
		geschrieben.
	</p>
	<p>
		Freundliche Grüsse <br/>
		Sozialversicherungen Appenzell Ausserrhoden
	</p>
	<p>
		Dies ist eine automatisch versendete E-Mail. Bitte antworten Sie nicht auf diese Nachricht.
	</p>
</div>

</body>

</html>

]


InfoMitteilungErhalten[BERN_DEUTSCH]=[
From: kibon@dvbern.ch
To: Dagmar Wälti <empfaenger@dvbern.ch>
Subject: kiBon  - Neue Nachricht der Gemeinde London
Content-Type: text/html;charset=utf-8

<html>
<head>
<style type="text/css">
        body {
            font-family: "Open Sans", Arial, Helvetica, sans-serif;
        }
      .kursInfoHeader {background-color: #bce1ff; font-weight: bold;}
      .signature { font-size: 90%;}
    </style>
    <link href="https://fonts.googleapis.com/css?family=Open+Sans" rel="stylesheet">
	<meta http-equiv="Content-Type" content="text/html; charset=utf-8"/>
	<meta name="viewport" content="width=device-width, initial-scale=1.0"/>
	<title>kiBon  - Neue Nachricht der Gemeinde London</title>

</head>

<body>

<div>
	<p>
		Guten Tag
	</p>
	<p>
		Die Gemeinde London hat Ihnen eine
		<a href="https://be.kibon.example.com/mitteilungen/<ID-1>/<ID-2>/">Nachricht</a>
		geschrieben.
	</p>
	<p>
		Freundliche Grüsse <br/>
		Gemeinde London
	</p>
	<p>
		Dies ist eine automatisch versendete E-Mail. Bitte antworten Sie nicht auf diese Nachricht.
	</p>
</div>

</body>

</html>

]


InfoMitteilungErhalten[BERN_FRANZOESISCH]=[
From: kibon@dvbern.ch
To: Dagmar Wälti <empfaenger@dvbern.ch>
Subject: kiBon  - Nouveau message de la commune London
Content-Type: text/html;charset=utf-8

<html>
<head>
<style type="text/css">
        body {
            font-family: "Open Sans", Arial, Helvetica, sans-serif;
        }
      .kursInfoHeader {background-color: #bce1ff; font-weight: bold;}
      .signature { font-size: 90%;}
    </style>
    <link href="https://fonts.googleapis.com/css?family=Open+Sans" rel="stylesheet">
	<meta http-equiv="Content-Type" content="text/html; charset=utf-8"/>
	<meta name="viewport" content="width=device-width, initial-scale=1.0"/>
	<title>kiBon  - Nouveau message de la commune London</title>

</head>

<body>

<div>
	<p>
		Bonjour,
	</p>
	<p>
		Votre commune vous a envoyé un
		<a href="https://be.kibon.example.com/mitteilungen/<ID-1>/<ID-2>/">message</a>.
	</p>
	<p>
		Nous vous présentons nos meilleures salutations.<br/>
		Commune London
	</p>
	<p>
		Merci de ne pas répondre à ce message automatique.
	</p>
</div>

</body>

</html>

]


InfoMitteilungErhalten[DVB_DEUTSCH]=[
From: kibon@dvbern.ch
To: Dagmar Wälti <empfaenger@dvbern.ch>
Subject: kiBon  - Neue Nachricht der Gemeinde London
Content-Type: text/html;charset=utf-8

<html>
<head>
<style type="text/css">
        body {
            font-family: "Open Sans", Arial, Helvetica, sans-serif;
        }
      .kursInfoHeader {background-color: #bce1ff; font-weight: bold;}
      .signature { font-size: 90%;}
    </style>
    <link href="https://fonts.googleapis.com/css?family=Open+Sans" rel="stylesheet">
	<meta http-equiv="Content-Type" content="text/html; charset=utf-8"/>
	<meta name="viewport" content="width=device-width, initial-scale=1.0"/>
	<title>kiBon  - Neue Nachricht der Gemeinde London</title>

</head>

<body>

<div>
	<p>
		Sehr geehrte Familie
	</p>
	<p>
		Die Gemeinde London hat Ihnen eine
		<a href="https://dv.kibon.example.com/mitteilungen/<ID-1>/<ID-2>/">Nachricht</a>
		geschrieben.
	</p>
	<p>
		Freundliche Grüsse <br/>
		Ihre Gemeinde London
	</p>
	<p>
		Dies ist eine automatisch versendete E-Mail. Bitte antworten Sie nicht auf diese Nachricht.
	</p>
</div>

</body>

</html>

]


InfoMitteilungErhalten[DVB_FRANZOESISCH]=[
From: kibon@dvbern.ch
To: Dagmar Wälti <empfaenger@dvbern.ch>
Subject: kiBon  - Nouveau message de la commune London
Content-Type: text/html;charset=utf-8

<html>
<head>
<style type="text/css">
        body {
            font-family: "Open Sans", Arial, Helvetica, sans-serif;
        }
      .kursInfoHeader {background-color: #bce1ff; font-weight: bold;}
      .signature { font-size: 90%;}
    </style>
    <link href="https://fonts.googleapis.com/css?family=Open+Sans" rel="stylesheet">
	<meta http-equiv="Content-Type" content="text/html; charset=utf-8"/>
	<meta name="viewport" content="width=device-width, initial-scale=1.0"/>
	<title>kiBon  - Nouveau message de la commune London</title>

</head>

<body>

<div>
	<p>
		Chère famille,
	</p>
	<p>
		Votre commune vous a envoyé un
		<a href="https://dv.kibon.example.com/mitteilungen/<ID-1>/<ID-2>/">message</a>.
	</p>
	<p>
		Nous vous présentons nos meilleures salutations.<br/>
		Votre commune London
	</p>
	<p>
		Merci de ne pas répondre à ce message automatique.
	</p>
</div>

</body>

</html>

]


InfoMitteilungErhalten[LUZERN_DEUTSCH]=[
From: kibon@dvbern.ch
To: Dagmar Wälti <empfaenger@dvbern.ch>
Subject: kiBon  - Neue Nachricht der Gemeinde London
Content-Type: text/html;charset=utf-8

<html>
<head>
<style type="text/css">
        body {
            font-family: "Open Sans", Arial, Helvetica, sans-serif;
        }
      .kursInfoHeader {background-color: #bce1ff; font-weight: bold;}
      .signature { font-size: 90%;}
    </style>
    <link href="https://fonts.googleapis.com/css?family=Open+Sans" rel="stylesheet">
	<meta http-equiv="Content-Type" content="text/html; charset=utf-8"/>
	<meta name="viewport" content="width=device-width, initial-scale=1.0"/>
	<title>kiBon  - Neue Nachricht der Gemeinde London</title>

</head>

<body>

<div>
	<p>
		Sehr geehrte Familie
	</p>
	<p>
		Die Gemeinde London hat Ihnen eine
		<a href="https://lu.kibon.example.com/mitteilungen/<ID-1>/<ID-2>/">Nachricht</a>
		geschrieben.
	</p>
	<p>
		Freundliche Grüsse <br/>
		Ihre Gemeinde London
	</p>
	<p>
		Dies ist eine automatisch versendete E-Mail. Bitte antworten Sie nicht auf diese Nachricht.
	</p>
</div>

</body>

</html>

]


InfoMitteilungErhalten[SCHWYZ_DEUTSCH]=[
From: kibon@dvbern.ch
To: Dagmar Wälti <empfaenger@dvbern.ch>
Subject: kiBon  - Neue Nachricht der Gemeinde London
Content-Type: text/html;charset=utf-8

<html>
<head>
<style type="text/css">
        body {
            font-family: "Open Sans", Arial, Helvetica, sans-serif;
        }
      .kursInfoHeader {background-color: #bce1ff; font-weight: bold;}
      .signature { font-size: 90%;}
    </style>
    <link href="https://fonts.googleapis.com/css?family=Open+Sans" rel="stylesheet">
	<meta http-equiv="Content-Type" content="text/html; charset=utf-8"/>
	<meta name="viewport" content="width=device-width, initial-scale=1.0"/>
	<title>kiBon  - Neue Nachricht der Gemeinde London</title>

</head>

<body>

<div>
	<p>
		Sehr geehrte Familie
	</p>
	<p>
		Die Gemeinde London hat Ihnen eine
		<a href="https://sz.kibon.example.com/mitteilungen/<ID-1>/<ID-2>/">Nachricht</a>
		geschrieben.
	</p>
	<p>
		Freundliche Grüsse <br/>
		Ihre Gemeinde London
	</p>
	<p>
		Dies ist eine automatisch versendete E-Mail. Bitte antworten Sie nicht auf diese Nachricht.
	</p>
</div>

</body>

</html>

]


InfoMitteilungErhalten[SOLOTHURN_DEUTSCH]=[
From: kibon@dvbern.ch
To: Dagmar Wälti <empfaenger@dvbern.ch>
Subject: kiBon  - Neue Nachricht der Gemeinde London
Content-Type: text/html;charset=utf-8

<html>
<head>
<style type="text/css">
        body {
            font-family: "Open Sans", Arial, Helvetica, sans-serif;
        }
      .kursInfoHeader {background-color: #bce1ff; font-weight: bold;}
      .signature { font-size: 90%;}
    </style>
    <link href="https://fonts.googleapis.com/css?family=Open+Sans" rel="stylesheet">
	<meta http-equiv="Content-Type" content="text/html; charset=utf-8"/>
	<meta name="viewport" content="width=device-width, initial-scale=1.0"/>
	<title>kiBon  - Neue Nachricht der Gemeinde London</title>

</head>

<body>

<div>
	<p>
		Sehr geehrte Familie
	</p>
	<p>
		Die Gemeinde London hat Ihnen eine
		<a href="https://so.kibon.example.com/mitteilungen/<ID-1>/<ID-2>/">Nachricht</a>
		geschrieben.
	</p>
	<p>
		Freundliche Grüsse <br/>
		Ihre Gemeinde London
	</p>
	<p>
		Dies ist eine automatisch versendete E-Mail. Bitte antworten Sie nicht auf diese Nachricht.
	</p>
</div>

</body>

</html>

]


InfoMitteilungErhalten[ZUG_DEUTSCH]=[
From: kibon@dvbern.ch
To: Dagmar Wälti <empfaenger@dvbern.ch>
Subject: kiBon  - Neue Nachricht der Gemeinde London
Content-Type: text/html;charset=utf-8

<html>
<head>
<style type="text/css">
        body {
            font-family: "Open Sans", Arial, Helvetica, sans-serif;
        }
      .kursInfoHeader {background-color: #bce1ff; font-weight: bold;}
      .signature { font-size: 90%;}
    </style>
    <link href="https://fonts.googleapis.com/css?family=Open+Sans" rel="stylesheet">
	<meta http-equiv="Content-Type" content="text/html; charset=utf-8"/>
	<meta name="viewport" content="width=device-width, initial-scale=1.0"/>
	<title>kiBon  - Neue Nachricht der Gemeinde London</title>

</head>

<body>

<div>
	<p>
		Sehr geehrte Familie
	</p>
	<p>
		Die Gemeinde London hat Ihnen eine
		<a href="https://zg.kibon.example.com/mitteilungen/<ID-1>/<ID-2>/">Nachricht</a>
		geschrieben.
	</p>
	<p>
		Freundliche Grüsse <br/>
		Ihre Gemeinde London
	</p>
	<p>
		Dies ist eine automatisch versendete E-Mail. Bitte antworten Sie nicht auf diese Nachricht.
	</p>
</div>

</body>

</html>

]


InfoOffenePendenzenNeueMitteilungGemeindeMitarbeitende[APPENZELL_AUSSERRHODEN_DEUTSCH]=[
From: kibon@dvbern.ch
To: empfaenger@dvbern.ch
Subject: kiBon  –  Offene Pendenzen und neue Mitteilungen
Content-Type: text/html;charset=utf-8

<html>
<head>
<style type="text/css">
        body {
            font-family: "Open Sans", Arial, Helvetica, sans-serif;
        }
      .kursInfoHeader {background-color: #bce1ff; font-weight: bold;}
      .signature { font-size: 90%;}
    </style>
    <link href="https://fonts.googleapis.com/css?family=Open+Sans" rel="stylesheet">
    <meta http-equiv="Content-Type" content="text/html; charset=utf-8"/>
    <meta name="viewport" content="width=device-width, initial-scale=1.0"/>
    <title>kiBon – Offene Pendenzen und neue Mitteilungen</title>

</head>

<body>

<div>
	<p>
		Guten Tag
	</p>
	<p>
		Wir möchten Sie darüber informieren, dass für Ihre Gemeinde (London) in kiBon Pendenzen offen sind. <br>
		Sie können diese <a href="https://ar.kibon.example.com/pendenzen">hier</a> einsehen.
	</p>
	<p>
		Wir möchten Sie  ausserdem darüber informieren, dass Sie für Ihre Gemeinde (London) ungelesene Nachrichten im Posteingang haben.
		Sie können diese <a href="https://ar.kibon.example.com/posteingang">hier</a> einsehen.
	</p>
	<p>
		Dies ist eine automatisch versendete E-Mail. Bitte antworten Sie nicht auf diese Nachricht.
	</p>
</div>

</body>

</html>

]


InfoOffenePendenzenNeueMitteilungGemeindeMitarbeitende[BERN_DEUTSCH]=[
From: kibon@dvbern.ch
To: empfaenger@dvbern.ch
Subject: kiBon  –  Offene Pendenzen und neue Mitteilungen
Content-Type: text/html;charset=utf-8

<html>
<head>
<style type="text/css">
        body {
            font-family: "Open Sans", Arial, Helvetica, sans-serif;
        }
      .kursInfoHeader {background-color: #bce1ff; font-weight: bold;}
      .signature { font-size: 90%;}
    </style>
    <link href="https://fonts.googleapis.com/css?family=Open+Sans" rel="stylesheet">
    <meta http-equiv="Content-Type" content="text/html; charset=utf-8"/>
    <meta name="viewport" content="width=device-width, initial-scale=1.0"/>
    <title>kiBon – Offene Pendenzen und neue Mitteilungen</title>

</head>

<body>

<div>
	<p>
		Guten Tag
	</p>
	<p>
		Wir möchten Sie darüber informieren, dass für Ihre Gemeinde (London) in kiBon Pendenzen offen sind. <br>
		Sie können diese <a href="https://be.kibon.example.com/pendenzen">hier</a> einsehen.
	</p>
	<p>
		Wir möchten Sie  ausserdem darüber informieren, dass Sie für Ihre Gemeinde (London) ungelesene Nachrichten im Posteingang haben.
		Sie können diese <a href="https://be.kibon.example.com/posteingang">hier</a> einsehen.
	</p>
	<p>
		Dies ist eine automatisch versendete E-Mail. Bitte antworten Sie nicht auf diese Nachricht.
	</p>
</div>

</body>

</html>

]


InfoOffenePendenzenNeueMitteilungGemeindeMitarbeitende[BERN_FRANZOESISCH]=[
From: kibon@dvbern.ch
To: empfaenger@dvbern.ch
Subject: kiBon  –  Offene Pendenzen und neue Mitteilungen / dossiers en suspens et nouveau message
Content-Type: text/html;charset=utf-8

<html>
<head>
<style type="text/css">
        body {
            font-family: "Open Sans", Arial, Helvetica, sans-serif;
        }
      .kursInfoHeader {background-color: #bce1ff; font-weight: bold;}
      .signature { font-size: 90%;}
    </style>
    <link href="https://fonts.googleapis.com/css?family=Open+Sans" rel="stylesheet">
    <meta http-equiv="Content-Type" content="text/html; charset=utf-8"/>
    <meta name="viewport" content="width=device-width, initial-scale=1.0"/>
    <title>kiBon – Offene Pendenzen und neue Mitteilungen  / dossiers en suspens et nouveau message</title>

</head>

<body>

<div>
	<p>
		Guten Tag
	</p>
	<p>
		Wir möchten Sie darüber informieren, dass für Ihre Gemeinde (London) in kiBon Pendenzen offen sind. <br>
		Sie können diese <a href="https://be.kibon.example.com/pendenzen">hier</a> einsehen.
	</p>
	<p>
		Wir möchten Sie  ausserdem darüber informieren, dass Sie für Ihre Gemeinde (London) ungelesene Nachrichten im Posteingang haben.
		Sie können diese <a href="https://be.kibon.example.com/posteingang">hier</a> einsehen.
	</p>
	<p>
		Dies ist eine automatisch versendete E-Mail. Bitte antworten Sie nicht auf diese Nachricht.
	</p>

	<hr>

	<p>
		Bonjour,
	</p>
	<p>
        Nous tenons à vous informer que des dossiers en attente sont enregistrés dans kiBon pour votre commune (London).
		Vous pouvez les consulter
		<a href="https://be.kibon.example.com/pendenzen">ici</a>.
	</p>
	<p>
        Nous tenons  également  à vous informer que vous avez des messages non lus dans la boîte de réception concernant votre commune (London).
		Vous pouvez les consulter
		<a href="https://be.kibon.example.com/posteingang">ici</a>.
	</p>
	<p>
		Merci de ne pas répondre à ce message automatique.
	</p>

</div>

</body>

</html>

]


InfoOffenePendenzenNeueMitteilungGemeindeMitarbeitende[DVB_DEUTSCH]=[
From: kibon@dvbern.ch
To: empfaenger@dvbern.ch
Subject: kiBon  –  Offene Pendenzen und neue Mitteilungen
Content-Type: text/html;charset=utf-8

<html>
<head>
<style type="text/css">
        body {
            font-family: "Open Sans", Arial, Helvetica, sans-serif;
        }
      .kursInfoHeader {background-color: #bce1ff; font-weight: bold;}
      .signature { font-size: 90%;}
    </style>
    <link href="https://fonts.googleapis.com/css?family=Open+Sans" rel="stylesheet">
    <meta http-equiv="Content-Type" content="text/html; charset=utf-8"/>
    <meta name="viewport" content="width=device-width, initial-scale=1.0"/>
    <title>kiBon – Offene Pendenzen und neue Mitteilungen</title>

</head>

<body>

<div>
	<p>
		Guten Tag
	</p>
	<p>
		Wir möchten Sie darüber informieren, dass für Ihre Gemeinde (London) in kiBon Pendenzen offen sind. <br>
		Sie können diese <a href="https://dv.kibon.example.com/pendenzen">hier</a> einsehen.
	</p>
	<p>
		Wir möchten Sie  ausserdem darüber informieren, dass Sie für Ihre Gemeinde (London) ungelesene Nachrichten im Posteingang haben.
		Sie können diese <a href="https://dv.kibon.example.com/posteingang">hier</a> einsehen.
	</p>
	<p>
		Dies ist eine automatisch versendete E-Mail. Bitte antworten Sie nicht auf diese Nachricht.
	</p>
</div>

</body>

</html>

]


InfoOffenePendenzenNeueMitteilungGemeindeMitarbeitende[DVB_FRANZOESISCH]=[
From: kibon@dvbern.ch
To: empfaenger@dvbern.ch
Subject: kiBon  –  Offene Pendenzen und neue Mitteilungen / dossiers en suspens et nouveau message
Content-Type: text/html;charset=utf-8

<html>
<head>
<style type="text/css">
        body {
            font-family: "Open Sans", Arial, Helvetica, sans-serif;
        }
      .kursInfoHeader {background-color: #bce1ff; font-weight: bold;}
      .signature { font-size: 90%;}
    </style>
    <link href="https://fonts.googleapis.com/css?family=Open+Sans" rel="stylesheet">
    <meta http-equiv="Content-Type" content="text/html; charset=utf-8"/>
    <meta name="viewport" content="width=device-width, initial-scale=1.0"/>
    <title>kiBon – Offene Pendenzen und neue Mitteilungen  / dossiers en suspens et nouveau message</title>

</head>

<body>

<div>
	<p>
		Guten Tag
	</p>
	<p>
		Wir möchten Sie darüber informieren, dass für Ihre Gemeinde (London) in kiBon Pendenzen offen sind. <br>
		Sie können diese <a href="https://dv.kibon.example.com/pendenzen">hier</a> einsehen.
	</p>
	<p>
		Wir möchten Sie  ausserdem darüber informieren, dass Sie für Ihre Gemeinde (London) ungelesene Nachrichten im Posteingang haben.
		Sie können diese <a href="https://dv.kibon.example.com/posteingang">hier</a> einsehen.
	</p>
	<p>
		Dies ist eine automatisch versendete E-Mail. Bitte antworten Sie nicht auf diese Nachricht.
	</p>

	<hr>

	<p>
		Bonjour,
	</p>
	<p>
        Nous tenons à vous informer que des dossiers en attente sont enregistrés dans kiBon pour votre commune (London).
		Vous pouvez les consulter
		<a href="https://dv.kibon.example.com/pendenzen">ici</a>.
	</p>
	<p>
        Nous tenons  également  à vous informer que vous avez des messages non lus dans la boîte de réception concernant votre commune (London).
		Vous pouvez les consulter
		<a href="https://dv.kibon.example.com/posteingang">ici</a>.
	</p>
	<p>
		Merci de ne pas répondre à ce message automatique.
	</p>

</div>

</body>

</html>

]


InfoOffenePendenzenNeueMitteilungGemeindeMitarbeitende[LUZERN_DEUTSCH]=[
From: kibon@dvbern.ch
To: empfaenger@dvbern.ch
Subject: kiBon  –  Offene Pendenzen und neue Mitteilungen
Content-Type: text/html;charset=utf-8

<html>
<head>
<style type="text/css">
        body {
            font-family: "Open Sans", Arial, Helvetica, sans-serif;
        }
      .kursInfoHeader {background-color: #bce1ff; font-weight: bold;}
      .signature { font-size: 90%;}
    </style>
    <link href="https://fonts.googleapis.com/css?family=Open+Sans" rel="stylesheet">
    <meta http-equiv="Content-Type" content="text/html; charset=utf-8"/>
    <meta name="viewport" content="width=device-width, initial-scale=1.0"/>
    <title>kiBon – Offene Pendenzen und neue Mitteilungen</title>

</head>

<body>

<div>
	<p>
		Guten Tag
	</p>
	<p>
		Wir möchten Sie darüber informieren, dass für Ihre Gemeinde (London) in kiBon Pendenzen offen sind. <br>
		Sie können diese <a href="https://lu.kibon.example.com/pendenzen">hier</a> einsehen.
	</p>
	<p>
		Wir möchten Sie  ausserdem darüber informieren, dass Sie für Ihre Gemeinde (London) ungelesene Nachrichten im Posteingang haben.
		Sie können diese <a href="https://lu.kibon.example.com/posteingang">hier</a> einsehen.
	</p>
	<p>
		Dies ist eine automatisch versendete E-Mail. Bitte antworten Sie nicht auf diese Nachricht.
	</p>
</div>

</body>

</html>

]


InfoOffenePendenzenNeueMitteilungGemeindeMitarbeitende[SCHWYZ_DEUTSCH]=[
From: kibon@dvbern.ch
To: empfaenger@dvbern.ch
Subject: kiBon  –  Offene Pendenzen und neue Mitteilungen
Content-Type: text/html;charset=utf-8

<html>
<head>
<style type="text/css">
        body {
            font-family: "Open Sans", Arial, Helvetica, sans-serif;
        }
      .kursInfoHeader {background-color: #bce1ff; font-weight: bold;}
      .signature { font-size: 90%;}
    </style>
    <link href="https://fonts.googleapis.com/css?family=Open+Sans" rel="stylesheet">
    <meta http-equiv="Content-Type" content="text/html; charset=utf-8"/>
    <meta name="viewport" content="width=device-width, initial-scale=1.0"/>
    <title>kiBon – Offene Pendenzen und neue Mitteilungen</title>

</head>

<body>

<div>
	<p>
		Guten Tag
	</p>
	<p>
		Wir möchten Sie darüber informieren, dass für Ihre Gemeinde (London) in kiBon Pendenzen offen sind. <br>
		Sie können diese <a href="https://sz.kibon.example.com/pendenzen">hier</a> einsehen.
	</p>
	<p>
		Wir möchten Sie  ausserdem darüber informieren, dass Sie für Ihre Gemeinde (London) ungelesene Nachrichten im Posteingang haben.
		Sie können diese <a href="https://sz.kibon.example.com/posteingang">hier</a> einsehen.
	</p>
	<p>
		Dies ist eine automatisch versendete E-Mail. Bitte antworten Sie nicht auf diese Nachricht.
	</p>
</div>

</body>

</html>

]


InfoOffenePendenzenNeueMitteilungGemeindeMitarbeitende[SOLOTHURN_DEUTSCH]=[
From: kibon@dvbern.ch
To: empfaenger@dvbern.ch
Subject: kiBon  –  Offene Pendenzen und neue Mitteilungen
Content-Type: text/html;charset=utf-8

<html>
<head>
<style type="text/css">
        body {
            font-family: "Open Sans", Arial, Helvetica, sans-serif;
        }
      .kursInfoHeader {background-color: #bce1ff; font-weight: bold;}
      .signature { font-size: 90%;}
    </style>
    <link href="https://fonts.googleapis.com/css?family=Open+Sans" rel="stylesheet">
    <meta http-equiv="Content-Type" content="text/html; charset=utf-8"/>
    <meta name="viewport" content="width=device-width, initial-scale=1.0"/>
    <title>kiBon – Offene Pendenzen und neue Mitteilungen</title>

</head>

<body>

<div>
	<p>
		Guten Tag
	</p>
	<p>
		Wir möchten Sie darüber informieren, dass für Ihre Gemeinde (London) in kiBon Pendenzen offen sind. <br>
		Sie können diese <a href="https://so.kibon.example.com/pendenzen">hier</a> einsehen.
	</p>
	<p>
		Wir möchten Sie  ausserdem darüber informieren, dass Sie für Ihre Gemeinde (London) ungelesene Nachrichten im Posteingang haben.
		Sie können diese <a href="https://so.kibon.example.com/posteingang">hier</a> einsehen.
	</p>
	<p>
		Dies ist eine automatisch versendete E-Mail. Bitte antworten Sie nicht auf diese Nachricht.
	</p>
</div>

</body>

</html>

]


InfoOffenePendenzenNeueMitteilungGemeindeMitarbeitende[ZUG_DEUTSCH]=[
From: kibon@dvbern.ch
To: empfaenger@dvbern.ch
Subject: kiBon  –  Offene Pendenzen und neue Mitteilungen
Content-Type: text/html;charset=utf-8

<html>
<head>
<style type="text/css">
        body {
            font-family: "Open Sans", Arial, Helvetica, sans-serif;
        }
      .kursInfoHeader {background-color: #bce1ff; font-weight: bold;}
      .signature { font-size: 90%;}
    </style>
    <link href="https://fonts.googleapis.com/css?family=Open+Sans" rel="stylesheet">
    <meta http-equiv="Content-Type" content="text/html; charset=utf-8"/>
    <meta name="viewport" content="width=device-width, initial-scale=1.0"/>
    <title>kiBon – Offene Pendenzen und neue Mitteilungen</title>

</head>

<body>

<div>
	<p>
		Guten Tag
	</p>
	<p>
		Wir möchten Sie darüber informieren, dass für Ihre Gemeinde (London) in kiBon Pendenzen offen sind. <br>
		Sie können diese <a href="https://zg.kibon.example.com/pendenzen">hier</a> einsehen.
	</p>
	<p>
		Wir möchten Sie  ausserdem darüber informieren, dass Sie für Ihre Gemeinde (London) ungelesene Nachrichten im Posteingang haben.
		Sie können diese <a href="https://zg.kibon.example.com/posteingang">hier</a> einsehen.
	</p>
	<p>
		Dies ist eine automatisch versendete E-Mail. Bitte antworten Sie nicht auf diese Nachricht.
	</p>
</div>

</body>

</html>

]


InfoOffenePendenzenNeueMitteilungInstitution[APPENZELL_AUSSERRHODEN_DEUTSCH]=[
From: kibon@dvbern.ch
To: empfaenger@dvbern.ch
Subject: kiBon  –  Offene Pendenzen und neue Mitteilungen (Testinstitution)
Content-Type: text/html;charset=utf-8

<html>
<head>
<style type="text/css">
        body {
            font-family: "Open Sans", Arial, Helvetica, sans-serif;
        }
      .kursInfoHeader {background-color: #bce1ff; font-weight: bold;}
      .signature { font-size: 90%;}
    </style>
    <link href="https://fonts.googleapis.com/css?family=Open+Sans" rel="stylesheet">
    <meta http-equiv="Content-Type" content="text/html; charset=utf-8"/>
    <meta name="viewport" content="width=device-width, initial-scale=1.0"/>
    <title>kiBon – Offene Pendenzen und neue Mitteilungen (Testinstitution)</title>

</head>

<body>

<div>
	<p>
		Guten Tag
	</p>
	<p>
		Wir möchten Sie darüber informieren, dass für Ihre Institution Testinstitution in kiBon Pendenzen offen sind. <br>
		Sie können diese <a href="https://ar.kibon.example.com/pendenzenBetreuungen">hier</a> einsehen.
	</p>
	<p>
		Wir möchten Sie  ausserdem darüber informieren, dass Sie für Ihre Institution Testinstitution ungelesene Nachrichten im Posteingang haben.
		Sie können diese <a href="https://ar.kibon.example.com/posteingang">hier</a> einsehen.
	</p>
	<p>
		Dies ist eine automatisch versendete E-Mail. Bitte antworten Sie nicht auf diese Nachricht.
	</p>
</div>

</body>

</html>

]


InfoOffenePendenzenNeueMitteilungInstitution[BERN_DEUTSCH]=[
From: kibon@dvbern.ch
To: empfaenger@dvbern.ch
Subject: kiBon  –  Offene Pendenzen und neue Mitteilungen (Testinstitution)
Content-Type: text/html;charset=utf-8

<html>
<head>
<style type="text/css">
        body {
            font-family: "Open Sans", Arial, Helvetica, sans-serif;
        }
      .kursInfoHeader {background-color: #bce1ff; font-weight: bold;}
      .signature { font-size: 90%;}
    </style>
    <link href="https://fonts.googleapis.com/css?family=Open+Sans" rel="stylesheet">
    <meta http-equiv="Content-Type" content="text/html; charset=utf-8"/>
    <meta name="viewport" content="width=device-width, initial-scale=1.0"/>
    <title>kiBon – Offene Pendenzen und neue Mitteilungen (Testinstitution)</title>

</head>

<body>

<div>
	<p>
		Guten Tag
	</p>
	<p>
		Wir möchten Sie darüber informieren, dass für Ihre Institution Testinstitution in kiBon Pendenzen offen sind. <br>
		Sie können diese <a href="https://be.kibon.example.com/pendenzenBetreuungen">hier</a> einsehen.
	</p>
	<p>
		Wir möchten Sie  ausserdem darüber informieren, dass Sie für Ihre Institution Testinstitution ungelesene Nachrichten im Posteingang haben.
		Sie können diese <a href="https://be.kibon.example.com/posteingang">hier</a> einsehen.
	</p>
	<p>
		Dies ist eine automatisch versendete E-Mail. Bitte antworten Sie nicht auf diese Nachricht.
	</p>
</div>

</body>

</html>

]


InfoOffenePendenzenNeueMitteilungInstitution[BERN_FRANZOESISCH]=[
From: kibon@dvbern.ch
To: empfaenger@dvbern.ch
Subject: kiBon  –  Offene Pendenzen und neue Mitteilungen (Testinstitution) / Confirmation de places en attente et nouveau message (Testinstitution)
Content-Type: text/html;charset=utf-8

<html>
<head>
<style type="text/css">
        body {
            font-family: "Open Sans", Arial, Helvetica, sans-serif;
        }
      .kursInfoHeader {background-color: #bce1ff; font-weight: bold;}
      .signature { font-size: 90%;}
    </style>
    <link href="https://fonts.googleapis.com/css?family=Open+Sans" rel="stylesheet">
    <meta http-equiv="Content-Type" content="text/html; charset=utf-8"/>
    <meta name="viewport" content="width=device-width, initial-scale=1.0"/>
    <title>kiBon – Offene Pendenzen und neue Mitteilungen (Testinstitution) / Confirmation de places en attente et nouveau message (Testinstitution)</title>

</head>

<body>

<div>
	<p>
		Guten Tag
	</p>
	<p>
		Wir möchten Sie darüber informieren, dass für Ihre Institution Testinstitution in kiBon Pendenzen offen sind. <br>
		Sie können diese <a href="https://be.kibon.example.com/pendenzenBetreuungen">hier</a> einsehen.
	</p>
	<p>
		Wir möchten Sie  ausserdem darüber informieren, dass Sie für Ihre Institution Testinstitution ungelesene Nachrichten im Posteingang haben.
		Sie können diese <a href="https://be.kibon.example.com/posteingang">hier</a> einsehen.
	</p>
	<p>
		Freundliche Grüsse <br/>
		kiBon-Team
	</p>
	<p>
		Dies ist eine automatisch versendete E-Mail. Bitte antworten Sie nicht auf diese Nachricht.
	</p>

	<hr>

	<p>
		Bonjour,
	</p>
	<p>
		Nous vous informons que des places sont en attente de confirmation pour
		l'institution Testinstitution dans kiBon.
		Vous pouvez les consulter
		<a href="https://be.kibon.example.com/pendenzenBetreuungen">ici</a>.
	</p>
	<p>
		Nous vous informons aussi  qu'il y a des nouveaux messages pour
		l'institution Testinstitution dans kiBon.
		Vous pouvez les consulter
		<a href="https://be.kibon.example.com/posteingang">ici</a>.
	</p>
	<p>
		Avec nos salutations les meilleures,<br>
		kiBon-Team
	</p>
	<p>
		Merci de ne pas répondre à ce message automatique.
	</p>

</div>

</body>

</html>

]


InfoOffenePendenzenNeueMitteilungInstitution[DVB_DEUTSCH]=[
From: kibon@dvbern.ch
To: empfaenger@dvbern.ch
Subject: kiBon  –  Offene Pendenzen und neue Mitteilungen (Testinstitution)
Content-Type: text/html;charset=utf-8

<html>
<head>
<style type="text/css">
        body {
            font-family: "Open Sans", Arial, Helvetica, sans-serif;
        }
      .kursInfoHeader {background-color: #bce1ff; font-weight: bold;}
      .signature { font-size: 90%;}
    </style>
    <link href="https://fonts.googleapis.com/css?family=Open+Sans" rel="stylesheet">
    <meta http-equiv="Content-Type" content="text/html; charset=utf-8"/>
    <meta name="viewport" content="width=device-width, initial-scale=1.0"/>
    <title>kiBon – Offene Pendenzen und neue Mitteilungen (Testinstitution)</title>

</head>

<body>

<div>
	<p>
		Guten Tag
	</p>
	<p>
		Wir möchten Sie darüber informieren, dass für Ihre Institution Testinstitution in kiBon Pendenzen offen sind. <br>
		Sie können diese <a href="https://dv.kibon.example.com/pendenzenBetreuungen">hier</a> einsehen.
	</p>
	<p>
		Wir möchten Sie  ausserdem darüber informieren, dass Sie für Ihre Institution Testinstitution ungelesene Nachrichten im Posteingang haben.
		Sie können diese <a href="https://dv.kibon.example.com/posteingang">hier</a> einsehen.
	</p>
	<p>
		Dies ist eine automatisch versendete E-Mail. Bitte antworten Sie nicht auf diese Nachricht.
	</p>
</div>

</body>

</html>

]


InfoOffenePendenzenNeueMitteilungInstitution[DVB_FRANZOESISCH]=[
From: kibon@dvbern.ch
To: empfaenger@dvbern.ch
Subject: kiBon  –  Offene Pendenzen und neue Mitteilungen (Testinstitution) / Confirmation de places en attente et nouveau message (Testinstitution)
Content-Type: text/html;charset=utf-8

<html>
<head>
<style type="text/css">
        body {
            font-family: "Open Sans", Arial, Helvetica, sans-serif;
        }
      .kursInfoHeader {background-color: #bce1ff; font-weight: bold;}
      .signature { font-size: 90%;}
    </style>
    <link href="https://fonts.googleapis.com/css?family=Open+Sans" rel="stylesheet">
    <meta http-equiv="Content-Type" content="text/html; charset=utf-8"/>
    <meta name="viewport" content="width=device-width, initial-scale=1.0"/>
    <title>kiBon – Offene Pendenzen und neue Mitteilungen (Testinstitution) / Confirmation de places en attente et nouveau message (Testinstitution)</title>

</head>

<body>

<div>
	<p>
		Guten Tag
	</p>
	<p>
		Wir möchten Sie darüber informieren, dass für Ihre Institution Testinstitution in kiBon Pendenzen offen sind. <br>
		Sie können diese <a href="https://dv.kibon.example.com/pendenzenBetreuungen">hier</a> einsehen.
	</p>
	<p>
		Wir möchten Sie  ausserdem darüber informieren, dass Sie für Ihre Institution Testinstitution ungelesene Nachrichten im Posteingang haben.
		Sie können diese <a href="https://dv.kibon.example.com/posteingang">hier</a> einsehen.
	</p>
	<p>
		Freundliche Grüsse <br/>
		kiBon-Team
	</p>
	<p>
		Dies ist eine automatisch versendete E-Mail. Bitte antworten Sie nicht auf diese Nachricht.
	</p>

	<hr>

	<p>
		Bonjour,
	</p>
	<p>
		Nous vous informons que des places sont en attente de confirmation pour
		l'institution Testinstitution dans kiBon.
		Vous pouvez les consulter
		<a href="https://dv.kibon.example.com/pendenzenBetreuungen">ici</a>.
	</p>
	<p>
		Nous vous informons aussi  qu'il y a des nouveaux messages pour
		l'institution Testinstitution dans kiBon.
		Vous pouvez les consulter
		<a href="https://dv.kibon.example.com/posteingang">ici</a>.
	</p>
	<p>
		Avec nos salutations les meilleures,<br>
		kiBon-Team
	</p>
	<p>
		Merci de ne pas répondre à ce message automatique.
	</p>

</div>

</body>

</html>

]


InfoOffenePendenzenNeueMitteilungInstitution[LUZERN_DEUTSCH]=[
From: kibon@dvbern.ch
To: empfaenger@dvbern.ch
Subject: kiBon  –  Offene Pendenzen und neue Mitteilungen (Testinstitution)
Content-Type: text/html;charset=utf-8

<html>
<head>
<style type="text/css">
        body {
            font-family: "Open Sans", Arial, Helvetica, sans-serif;
        }
      .kursInfoHeader {background-color: #bce1ff; font-weight: bold;}
      .signature { font-size: 90%;}
    </style>
    <link href="https://fonts.googleapis.com/css?family=Open+Sans" rel="stylesheet">
    <meta http-equiv="Content-Type" content="text/html; charset=utf-8"/>
    <meta name="viewport" content="width=device-width, initial-scale=1.0"/>
    <title>kiBon – Offene Pendenzen und neue Mitteilungen (Testinstitution)</title>

</head>

<body>

<div>
	<p>
		Guten Tag
	</p>
	<p>
		Wir möchten Sie darüber informieren, dass für Ihre Institution Testinstitution in kiBon Pendenzen offen sind. <br>
		Sie können diese <a href="https://lu.kibon.example.com/pendenzenBetreuungen">hier</a> einsehen.
	</p>
	<p>
		Wir möchten Sie  ausserdem darüber informieren, dass Sie für Ihre Institution Testinstitution ungelesene Nachrichten im Posteingang haben.
		Sie können diese <a href="https://lu.kibon.example.com/posteingang">hier</a> einsehen.
	</p>
	<p>
		Dies ist eine automatisch versendete E-Mail. Bitte antworten Sie nicht auf diese Nachricht.
	</p>
</div>

</body>

</html>

]


InfoOffenePendenzenNeueMitteilungInstitution[SCHWYZ_DEUTSCH]=[
From: kibon@dvbern.ch
To: empfaenger@dvbern.ch
Subject: kiBon  –  Offene Pendenzen und neue Mitteilungen (Testinstitution)
Content-Type: text/html;charset=utf-8

<html>
<head>
<style type="text/css">
        body {
            font-family: "Open Sans", Arial, Helvetica, sans-serif;
        }
      .kursInfoHeader {background-color: #bce1ff; font-weight: bold;}
      .signature { font-size: 90%;}
    </style>
    <link href="https://fonts.googleapis.com/css?family=Open+Sans" rel="stylesheet">
    <meta http-equiv="Content-Type" content="text/html; charset=utf-8"/>
    <meta name="viewport" content="width=device-width, initial-scale=1.0"/>
    <title>kiBon – Offene Pendenzen und neue Mitteilungen (Testinstitution)</title>

</head>

<body>

<div>
	<p>
		Guten Tag
	</p>
	<p>
		Wir möchten Sie darüber informieren, dass für Ihre Institution Testinstitution in kiBon Pendenzen offen sind. <br>
		Sie können diese <a href="https://sz.kibon.example.com/pendenzenBetreuungen">hier</a> einsehen.
	</p>
	<p>
		Wir möchten Sie  ausserdem darüber informieren, dass Sie für Ihre Institution Testinstitution ungelesene Nachrichten im Posteingang haben.
		Sie können diese <a href="https://sz.kibon.example.com/posteingang">hier</a> einsehen.
	</p>
	<p>
		Dies ist eine automatisch versendete E-Mail. Bitte antworten Sie nicht auf diese Nachricht.
	</p>
</div>

</body>

</html>

]


InfoOffenePendenzenNeueMitteilungInstitution[SOLOTHURN_DEUTSCH]=[
From: kibon@dvbern.ch
To: empfaenger@dvbern.ch
Subject: kiBon  –  Offene Pendenzen und neue Mitteilungen (Testinstitution)
Content-Type: text/html;charset=utf-8

<html>
<head>
<style type="text/css">
        body {
            font-family: "Open Sans", Arial, Helvetica, sans-serif;
        }
      .kursInfoHeader {background-color: #bce1ff; font-weight: bold;}
      .signature { font-size: 90%;}
    </style>
    <link href="https://fonts.googleapis.com/css?family=Open+Sans" rel="stylesheet">
    <meta http-equiv="Content-Type" content="text/html; charset=utf-8"/>
    <meta name="viewport" content="width=device-width, initial-scale=1.0"/>
    <title>kiBon – Offene Pendenzen und neue Mitteilungen (Testinstitution)</title>

</head>

<body>

<div>
	<p>
		Guten Tag
	</p>
	<p>
		Wir möchten Sie darüber informieren, dass für Ihre Institution Testinstitution in kiBon Pendenzen offen sind. <br>
		Sie können diese <a href="https://so.kibon.example.com/pendenzenBetreuungen">hier</a> einsehen.
	</p>
	<p>
		Wir möchten Sie  ausserdem darüber informieren, dass Sie für Ihre Institution Testinstitution ungelesene Nachrichten im Posteingang haben.
		Sie können diese <a href="https://so.kibon.example.com/posteingang">hier</a> einsehen.
	</p>
	<p>
		Dies ist eine automatisch versendete E-Mail. Bitte antworten Sie nicht auf diese Nachricht.
	</p>
</div>

</body>

</html>

]


InfoOffenePendenzenNeueMitteilungInstitution[ZUG_DEUTSCH]=[
From: kibon@dvbern.ch
To: empfaenger@dvbern.ch
Subject: kiBon  –  Offene Pendenzen und neue Mitteilungen (Testinstitution)
Content-Type: text/html;charset=utf-8

<html>
<head>
<style type="text/css">
        body {
            font-family: "Open Sans", Arial, Helvetica, sans-serif;
        }
      .kursInfoHeader {background-color: #bce1ff; font-weight: bold;}
      .signature { font-size: 90%;}
    </style>
    <link href="https://fonts.googleapis.com/css?family=Open+Sans" rel="stylesheet">
    <meta http-equiv="Content-Type" content="text/html; charset=utf-8"/>
    <meta name="viewport" content="width=device-width, initial-scale=1.0"/>
    <title>kiBon – Offene Pendenzen und neue Mitteilungen (Testinstitution)</title>

</head>

<body>

<div>
	<p>
		Guten Tag
	</p>
	<p>
		Wir möchten Sie darüber informieren, dass für Ihre Institution Testinstitution in kiBon Pendenzen offen sind. <br>
		Sie können diese <a href="https://zg.kibon.example.com/pendenzenBetreuungen">hier</a> einsehen.
	</p>
	<p>
		Wir möchten Sie  ausserdem darüber informieren, dass Sie für Ihre Institution Testinstitution ungelesene Nachrichten im Posteingang haben.
		Sie können diese <a href="https://zg.kibon.example.com/posteingang">hier</a> einsehen.
	</p>
	<p>
		Dies ist eine automatisch versendete E-Mail. Bitte antworten Sie nicht auf diese Nachricht.
	</p>
</div>

</body>

</html>

]