InfoLastenausgleichErfolgreich[BERN_DEUTSCH]=[
From: kibon@dvbern.ch
To: empfaenger@dvbern.ch
Subject: kiBon  - Lastenausgleich-Prozess erfolgreich beendet
Content-Type: text/html;charset=utf-8

<html>
<head>
    <style type="text/css">
        body {
            font-family: "Open Sans", Arial, Helvetica, sans-serif;
        }
      .kursInfoHeader {background-color: #bce1ff; font-weight: bold;}
      .signature { font-size: 90%;}
    </style>
    <link href="https://fonts.googleapis.com/css?family=Open+Sans" rel="stylesheet">
	<meta http-equiv="Content-Type" content="text/html; charset=utf-8"/>
	<meta name="viewport" content="width=device-width, initial-scale=1.0"/>
	<title>Lastenausgleich-Prozess erfolgreich beendet</title>

</head>

<body>

<div>
	<p>
		Guten Tag
	</p>
	<p>
		Der Lastenausgleich-Prozess des Jahres 2025 wurde erfolgreich beendet und kann <a href="https://be.kibon.example.com/lastenausgleich">hier</a> eingesehen werden.
	</p>
	<p>
		Freundliche Grüsse<br/>
		kiBon-Team
	</p>
	<p>
		Dies ist eine automatisch versendete E-Mail. Bitte antworten Sie nicht auf diese Nachricht.
	</p>
</div>

</body>

</html>

]


InfoLastenausgleichNichtErfolgreich[APPENZELL_AUSSERRHODEN_DEUTSCH]=[
From: kibon@dvbern.ch
To: empfaenger@dvbern.ch
Subject: kiBon  - Lastenausgleich-Prozess nicht erfolgreich beendet
Content-Type: text/html;charset=utf-8

<html>
<head>
    <style type="text/css">
        body {
            font-family: "Open Sans", Arial, Helvetica, sans-serif;
        }
      .kursInfoHeader {background-color: #bce1ff; font-weight: bold;}
      .signature { font-size: 90%;}
    </style>
    <link href="https://fonts.googleapis.com/css?family=Open+Sans" rel="stylesheet">
	<meta http-equiv="Content-Type" content="text/html; charset=utf-8"/>
	<meta name="viewport" content="width=device-width, initial-scale=1.0"/>
	<title>Lastenausgleich-Prozess nicht erfolgreich beendet</title>

</head>

<body>

<div>
	<p>
		Guten Tag
	</p>
	<p>
		Der Lastenausgleich-Prozess des Jahres 2025 konnte nicht erfolgreich beendet werden. Bitte wenden Sie sich an den technischen kiBon Support.
	</p>
	<p>
		Freundliche Grüsse<br/>
		kiBon-Team
	</p>
	<p>
		Dies ist eine automatisch versendete E-Mail. Bitte antworten Sie nicht auf diese Nachricht.
	</p>
</div>

</body>

</html>

]


InfoLastenausgleichNichtErfolgreich[BERN_DEUTSCH]=[
From: kibon@dvbern.ch
To: empfaenger@dvbern.ch
Subject: kiBon  - Lastenausgleich-Prozess nicht erfolgreich beendet
Content-Type: text/html;charset=utf-8

<html>
<head>
    <style type="text/css">
        body {
            font-family: "Open Sans", Arial, Helvetica, sans-serif;
        }
      .kursInfoHeader {background-color: #bce1ff; font-weight: bold;}
      .signature { font-size: 90%;}
    </style>
    <link href="https://fonts.googleapis.com/css?family=Open+Sans" rel="stylesheet">
	<meta http-equiv="Content-Type" content="text/html; charset=utf-8"/>
	<meta name="viewport" content="width=device-width, initial-scale=1.0"/>
	<title>Lastenausgleich-Prozess nicht erfolgreich beendet</title>

</head>

<body>

<div>
	<p>
		Guten Tag
	</p>
	<p>
		Der Lastenausgleich-Prozess des Jahres 2025 konnte nicht erfolgreich beendet werden. Bitte wenden Sie sich an den technischen kiBon Support.
	</p>
	<p>
		Freundliche Grüsse<br/>
		kiBon-Team
	</p>
	<p>
		Dies ist eine automatisch versendete E-Mail. Bitte antworten Sie nicht auf diese Nachricht.
	</p>
</div>

</body>

</html>

]


InfoLastenausgleichNichtErfolgreich[DVB_DEUTSCH]=[
From: kibon@dvbern.ch
To: empfaenger@dvbern.ch
Subject: kiBon  - Lastenausgleich-Prozess nicht erfolgreich beendet
Content-Type: text/html;charset=utf-8

<html>
<head>
    <style type="text/css">
        body {
            font-family: "Open Sans", Arial, Helvetica, sans-serif;
        }
      .kursInfoHeader {background-color: #bce1ff; font-weight: bold;}
      .signature { font-size: 90%;}
    </style>
    <link href="https://fonts.googleapis.com/css?family=Open+Sans" rel="stylesheet">
	<meta http-equiv="Content-Type" content="text/html; charset=utf-8"/>
	<meta name="viewport" content="width=device-width, initial-scale=1.0"/>
	<title>Lastenausgleich-Prozess nicht erfolgreich beendet</title>

</head>

<body>

<div>
	<p>
		Guten Tag
	</p>
	<p>
		Der Lastenausgleich-Prozess des Jahres 2025 konnte nicht erfolgreich beendet werden. Bitte wenden Sie sich an den technischen kiBon Support.
	</p>
	<p>
		Freundliche Grüsse<br/>
		kiBon-Team
	</p>
	<p>
		Dies ist eine automatisch versendete E-Mail. Bitte antworten Sie nicht auf diese Nachricht.
	</p>
</div>

</body>

</html>

]


InfoLastenausgleichNichtErfolgreich[LUZERN_DEUTSCH]=[
From: kibon@dvbern.ch
To: empfaenger@dvbern.ch
Subject: kiBon  - Lastenausgleich-Prozess nicht erfolgreich beendet
Content-Type: text/html;charset=utf-8

<html>
<head>
    <style type="text/css">
        body {
            font-family: "Open Sans", Arial, Helvetica, sans-serif;
        }
      .kursInfoHeader {background-color: #bce1ff; font-weight: bold;}
      .signature { font-size: 90%;}
    </style>
    <link href="https://fonts.googleapis.com/css?family=Open+Sans" rel="stylesheet">
	<meta http-equiv="Content-Type" content="text/html; charset=utf-8"/>
	<meta name="viewport" content="width=device-width, initial-scale=1.0"/>
	<title>Lastenausgleich-Prozess nicht erfolgreich beendet</title>

</head>

<body>

<div>
	<p>
		Guten Tag
	</p>
	<p>
		Der Lastenausgleich-Prozess des Jahres 2025 konnte nicht erfolgreich beendet werden. Bitte wenden Sie sich an den technischen kiBon Support.
	</p>
	<p>
		Freundliche Grüsse<br/>
		kiBon-Team
	</p>
	<p>
		Dies ist eine automatisch versendete E-Mail. Bitte antworten Sie nicht auf diese Nachricht.
	</p>
</div>

</body>

</html>

]


InfoLastenausgleichNichtErfolgreich[SCHWYZ_DEUTSCH]=[
From: kibon@dvbern.ch
To: empfaenger@dvbern.ch
Subject: kiBon  - Lastenausgleich-Prozess nicht erfolgreich beendet
Content-Type: text/html;charset=utf-8

<html>
<head>
    <style type="text/css">
        body {
            font-family: "Open Sans", Arial, Helvetica, sans-serif;
        }
      .kursInfoHeader {background-color: #bce1ff; font-weight: bold;}
      .signature { font-size: 90%;}
    </style>
    <link href="https://fonts.googleapis.com/css?family=Open+Sans" rel="stylesheet">
	<meta http-equiv="Content-Type" content="text/html; charset=utf-8"/>
	<meta name="viewport" content="width=device-width, initial-scale=1.0"/>
	<title>Lastenausgleich-Prozess nicht erfolgreich beendet</title>

</head>

<body>

<div>
	<p>
		Guten Tag
	</p>
	<p>
		Der Lastenausgleich-Prozess des Jahres 2025 konnte nicht erfolgreich beendet werden. Bitte wenden Sie sich an den technischen kiBon Support.
	</p>
	<p>
		Freundliche Grüsse<br/>
		kiBon-Team
	</p>
	<p>
		Dies ist eine automatisch versendete E-Mail. Bitte antworten Sie nicht auf diese Nachricht.
	</p>
</div>

</body>

</html>

]


InfoLastenausgleichNichtErfolgreich[SOLOTHURN_DEUTSCH]=[
From: kibon@dvbern.ch
To: empfaenger@dvbern.ch
Subject: kiBon  - Lastenausgleich-Prozess nicht erfolgreich beendet
Content-Type: text/html;charset=utf-8

<html>
<head>
    <style type="text/css">
        body {
            font-family: "Open Sans", Arial, Helvetica, sans-serif;
        }
      .kursInfoHeader {background-color: #bce1ff; font-weight: bold;}
      .signature { font-size: 90%;}
    </style>
    <link href="https://fonts.googleapis.com/css?family=Open+Sans" rel="stylesheet">
	<meta http-equiv="Content-Type" content="text/html; charset=utf-8"/>
	<meta name="viewport" content="width=device-width, initial-scale=1.0"/>
	<title>Lastenausgleich-Prozess nicht erfolgreich beendet</title>

</head>

<body>

<div>
	<p>
		Guten Tag
	</p>
	<p>
		Der Lastenausgleich-Prozess des Jahres 2025 konnte nicht erfolgreich beendet werden. Bitte wenden Sie sich an den technischen kiBon Support.
	</p>
	<p>
		Freundliche Grüsse<br/>
		kiBon-Team
	</p>
	<p>
		Dies ist eine automatisch versendete E-Mail. Bitte antworten Sie nicht auf diese Nachricht.
	</p>
</div>

</body>

</html>

]


InfoLastenausgleichNichtErfolgreich[ZUG_DEUTSCH]=[
From: kibon@dvbern.ch
To: empfaenger@dvbern.ch
Subject: kiBon  - Lastenausgleich-Prozess nicht erfolgreich beendet
Content-Type: text/html;charset=utf-8

<html>
<head>
    <style type="text/css">
        body {
            font-family: "Open Sans", Arial, Helvetica, sans-serif;
        }
      .kursInfoHeader {background-color: #bce1ff; font-weight: bold;}
      .signature { font-size: 90%;}
    </style>
    <link href="https://fonts.googleapis.com/css?family=Open+Sans" rel="stylesheet">
	<meta http-equiv="Content-Type" content="text/html; charset=utf-8"/>
	<meta name="viewport" content="width=device-width, initial-scale=1.0"/>
	<title>Lastenausgleich-Prozess nicht erfolgreich beendet</title>

</head>

<body>

<div>
	<p>
		Guten Tag
	</p>
	<p>
		Der Lastenausgleich-Prozess des Jahres 2025 konnte nicht erfolgreich beendet werden. Bitte wenden Sie sich an den technischen kiBon Support.
	</p>
	<p>
		Freundliche Grüsse<br/>
		kiBon-Team
	</p>
	<p>
		Dies ist eine automatisch versendete E-Mail. Bitte antworten Sie nicht auf diese Nachricht.
	</p>
</div>

</body>

</html>

]


InfoStatistikGeneriert[APPENZELL_AUSSERRHODEN_DEUTSCH]=[
From: kibon@dvbern.ch
To: empfaenger@dvbern.ch
Subject: kiBon  – Statistik erstellt
Content-Type: text/html;charset=utf-8

<html>
<head>
<style type="text/css">
        body {
            font-family: "Open Sans", Arial, Helvetica, sans-serif;
        }
      .kursInfoHeader {background-color: #bce1ff; font-weight: bold;}
      .signature { font-size: 90%;}
    </style>
    <link href="https://fonts.googleapis.com/css?family=Open+Sans" rel="stylesheet">
	<meta http-equiv="Content-Type" content="text/html; charset=utf-8"/>
	<meta name="viewport" content="width=device-width, initial-scale=1.0"/>
	<title>kiBon  – Statistik erstellt</title>

</head>

<body>

<div>

	<p>
		Guten Tag
	</p>
	<p>
		Ihre Statistik wurde generiert und kann <a href="https://be.kibon.ch/download/statistik.xlsx">hier</a> heruntergeladen werden.
	</p>
	<p>
		Wenn Sie Fragen haben, stehen Ihnen unsere Mitarbeitenden per Telefon (<a href="tel:071 354 51 51">071 354 51 51</a>) oder E-Mail (<a href="mailto:kibeg@sovar.ch">kibeg@sovar.ch</a>) zur Verfügung.<br><br>Freundliche Grüsse<br>kiBon - Team
	</p>
</div>

</body>

</html>

]


InfoStatistikGeneriert[BERN_DEUTSCH]=[
From: kibon@dvbern.ch
To: empfaenger@dvbern.ch
Subject: kiBon  – Statistik erstellt
Content-Type: text/html;charset=utf-8

<html>
<head>
<style type="text/css">
        body {
            font-family: "Open Sans", Arial, Helvetica, sans-serif;
        }
      .kursInfoHeader {background-color: #bce1ff; font-weight: bold;}
      .signature { font-size: 90%;}
    </style>
    <link href="https://fonts.googleapis.com/css?family=Open+Sans" rel="stylesheet">
	<meta http-equiv="Content-Type" content="text/html; charset=utf-8"/>
	<meta name="viewport" content="width=device-width, initial-scale=1.0"/>
	<title>kiBon  – Statistik erstellt</title>

</head>

<body>

<div>

	<p>
		Guten Tag
	</p>
	<p>
		Ihre Statistik wurde generiert und kann <a href="https://be.kibon.ch/download/statistik.xlsx">hier</a> heruntergeladen werden.
	</p>
	<p>
		Wenn Sie Fragen haben, stehen Ihnen unsere Mitarbeitenden per Telefon (<a href="tel:+41 31 378 24 33">+41 31 378 24 33</a>) oder E-Mail (<a href="mailto:support@kibon.ch">support@kibon.ch</a>) zur Verfügung.<br><br>Freundliche Grüsse<br>kiBon-Team
	</p>
</div>

</body>

</html>

]


InfoStatistikGeneriert[BERN_FRANZOESISCH]=[
From: kibon@dvbern.ch
To: empfaenger@dvbern.ch
Subject: kiBon  – Statistique disponible
Content-Type: text/html;charset=utf-8

<html>
<head>
<style type="text/css">
        body {
            font-family: "Open Sans", Arial, Helvetica, sans-serif;
        }
      .kursInfoHeader {background-color: #bce1ff; font-weight: bold;}
      .signature { font-size: 90%;}
    </style>
    <link href="https://fonts.googleapis.com/css?family=Open+Sans" rel="stylesheet">
	<meta http-equiv="Content-Type" content="text/html; charset=utf-8"/>
	<meta name="viewport" content="width=device-width, initial-scale=1.0"/>
	<title>kiBon  – Statistique disponible</title>

</head>

<body>

<div>

	<p>
		Bonjour,
	</p>
	<p>
		La statistique vous concernant est disponible et peut être téléchargée <a href="https://be.kibon.ch/download/statistik.xlsx">ici</a>.
	</p>
	<p>
	En cas de question, n’hésitez pas à prendre contact avec nous par téléphone (<a href="tel:+41 31 378 24 33">+41 31 378 24 33</a>) ou par courriel (<a href="mailto:support@kibon.ch">support@kibon.ch</a>).<br><br>Avec nos salutations les meilleures, <br>kiBon-Team
	</p>
</div>

</body>

</html>

]


InfoStatistikGeneriert[DVB_DEUTSCH]=[
From: kibon@dvbern.ch
To: empfaenger@dvbern.ch
Subject: kiBon  – Statistik erstellt
Content-Type: text/html;charset=utf-8

<html>
<head>
<style type="text/css">
        body {
            font-family: "Open Sans", Arial, Helvetica, sans-serif;
        }
      .kursInfoHeader {background-color: #bce1ff; font-weight: bold;}
      .signature { font-size: 90%;}
    </style>
    <link href="https://fonts.googleapis.com/css?family=Open+Sans" rel="stylesheet">
	<meta http-equiv="Content-Type" content="text/html; charset=utf-8"/>
	<meta name="viewport" content="width=device-width, initial-scale=1.0"/>
	<title>kiBon  – Statistik erstellt</title>

</head>

<body>

<div>

	<p>
		Guten Tag
	</p>
	<p>
		Ihre Statistik wurde generiert und kann <a href="https://be.kibon.ch/download/statistik.xlsx">hier</a> heruntergeladen werden.
	</p>
	<p>
		Wenn Sie Fragen haben, stehen Ihnen unsere Mitarbeitenden per Telefon (<a href="tel:+41 31 378 24 33">+41 31 378 24 33</a>) oder E-Mail (<a href="mailto:support@kibon.ch">support@kibon.ch</a>) zur Verfügung.<br><br>Freundliche Grüsse<br>kiBon - Team
	</p>
</div>

</body>

</html>

]


InfoStatistikGeneriert[DVB_FRANZOESISCH]=[
From: kibon@dvbern.ch
To: empfaenger@dvbern.ch
Subject: kiBon  – Statistique disponible
Content-Type: text/html;charset=utf-8

<html>
<head>
<style type="text/css">
        body {
            font-family: "Open Sans", Arial, Helvetica, sans-serif;
        }
      .kursInfoHeader {background-color: #bce1ff; font-weight: bold;}
      .signature { font-size: 90%;}
    </style>
    <link href="https://fonts.googleapis.com/css?family=Open+Sans" rel="stylesheet">
	<meta http-equiv="Content-Type" content="text/html; charset=utf-8"/>
	<meta name="viewport" content="width=device-width, initial-scale=1.0"/>
	<title>kiBon  – Statistique disponible</title>

</head>

<body>

<div>

	<p>
		Bonjour,
	</p>
	<p>
		La statistique vous concernant est disponible et peut être téléchargée <a href="https://be.kibon.ch/download/statistik.xlsx">ici</a>.
	</p>
	<p>
	En cas de question, n’hésitez pas à nous contacter par téléphone (<a href="tel:+41 31 378 24 33">+41 31 378 24 33</a>) ou par courriel (<a href="mailto:support@kibon.ch">support@kibon.ch</a>).<br><br>Meilleures salutations<br>L’équipe kiBon
	</p>
</div>

</body>

</html>

]


InfoStatistikGeneriert[LUZERN_DEUTSCH]=[
From: kibon@dvbern.ch
To: empfaenger@dvbern.ch
Subject: kiBon  – Statistik erstellt
Content-Type: text/html;charset=utf-8

<html>
<head>
<style type="text/css">
        body {
            font-family: "Open Sans", Arial, Helvetica, sans-serif;
        }
      .kursInfoHeader {background-color: #bce1ff; font-weight: bold;}
      .signature { font-size: 90%;}
    </style>
    <link href="https://fonts.googleapis.com/css?family=Open+Sans" rel="stylesheet">
	<meta http-equiv="Content-Type" content="text/html; charset=utf-8"/>
	<meta name="viewport" content="width=device-width, initial-scale=1.0"/>
	<title>kiBon  – Statistik erstellt</title>

</head>

<body>

<div>

	<p>
		Guten Tag
	</p>
	<p>
		Ihre Statistik wurde generiert und kann <a href="https://be.kibon.ch/download/statistik.xlsx">hier</a> heruntergeladen werden.
	</p>
	<p>
		Wenn Sie Fragen zu kiBon haben, stehen Ihnen unsere Mitarbeitenden per Telefon (<a href="tel:+41 31 378 24 33">+41 31 378 24 33</a>) oder E-Mail (<a href="support@kibon.ch">support@kibon.ch</a>) zur Verfügung.<br><br>Freundliche Grüsse<br>kiBon - Team
	</p>
</div>

</body>

</html>

]


InfoStatistikGeneriert[SCHWYZ_DEUTSCH]=[
From: kibon@dvbern.ch
To: empfaenger@dvbern.ch
Subject: kiBon  – Statistik erstellt
Content-Type: text/html;charset=utf-8

<html>
<head>
<style type="text/css">
        body {
            font-family: "Open Sans", Arial, Helvetica, sans-serif;
        }
      .kursInfoHeader {background-color: #bce1ff; font-weight: bold;}
      .signature { font-size: 90%;}
    </style>
    <link href="https://fonts.googleapis.com/css?family=Open+Sans" rel="stylesheet">
	<meta http-equiv="Content-Type" content="text/html; charset=utf-8"/>
	<meta name="viewport" content="width=device-width, initial-scale=1.0"/>
	<title>kiBon  – Statistik erstellt</title>

</head>

<body>

<div>

	<p>
		Guten Tag
	</p>
	<p>
		Ihre Statistik wurde generiert und kann <a href="https://be.kibon.ch/download/statistik.xlsx">hier</a> heruntergeladen werden.
	</p>
	<p>
		Wir freuen uns auf die Zusammenarbeit! Bei Fragen stehen wir Ihnen per Telefon (<a href="tel:+41 41 819 16 89">041 819 16 89</a>) oder E-Mail (<a href="mailto:ags@sz.ch">ags@sz.ch</a>) zur Verfügung.<br><br>Freundliche Grüsse<br>Fachstelle Kinderbetreuung<br>Kanton Schwyz
	</p>
</div>

</body>

</html>

]


InfoStatistikGeneriert[SOLOTHURN_DEUTSCH]=[
From: kibon@dvbern.ch
To: empfaenger@dvbern.ch
Subject: kiBon  – Statistik erstellt
Content-Type: text/html;charset=utf-8

<html>
<head>
<style type="text/css">
        body {
            font-family: "Open Sans", Arial, Helvetica, sans-serif;
        }
      .kursInfoHeader {background-color: #bce1ff; font-weight: bold;}
      .signature { font-size: 90%;}
    </style>
    <link href="https://fonts.googleapis.com/css?family=Open+Sans" rel="stylesheet">
	<meta http-equiv="Content-Type" content="text/html; charset=utf-8"/>
	<meta name="viewport" content="width=device-width, initial-scale=1.0"/>
	<title>kiBon  – Statistik erstellt</title>

</head>

<body>

<div>

	<p>
		Guten Tag
	</p>
	<p>
		Ihre Statistik wurde generiert und kann <a href="https://be.kibon.ch/download/statistik.xlsx">hier</a> heruntergeladen werden.
	</p>
	<p>
		Wenn Sie Fragen haben, stehen Ihnen unsere Mitarbeitenden per Telefon (<a href="tel:+41 31 328 19 19">+41 31 328 19 19</a>) oder E-Mail (<a href="mailto:kibon@vseg.ch">kibon&#64;vseg.ch</a>) zur Verfügung.<br><br>Freundliche Grüsse<br>kiBon - Team
	</p>
</div>

</body>

</html>

]


InfoStatistikGeneriert[ZUG_DEUTSCH]=[
From: kibon@dvbern.ch
To: empfaenger@dvbern.ch
Subject: kiBon  – Statistik erstellt
Content-Type: text/html;charset=utf-8

<html>
<head>
<style type="text/css">
        body {
            font-family: "Open Sans", Arial, Helvetica, sans-serif;
        }
      .kursInfoHeader {background-color: #bce1ff; font-weight: bold;}
      .signature { font-size: 90%;}
    </style>
    <link href="https://fonts.googleapis.com/css?family=Open+Sans" rel="stylesheet">
	<meta http-equiv="Content-Type" content="text/html; charset=utf-8"/>
	<meta name="viewport" content="width=device-width, initial-scale=1.0"/>
	<title>kiBon  – Statistik erstellt</title>

</head>

<body>

<div>

	<p>
		Guten Tag
	</p>
	<p>
		Ihre Statistik wurde generiert und kann <a href="https://be.kibon.ch/download/statistik.xlsx">hier</a> heruntergeladen werden.
	</p>
	<p>
		Wenn Sie Fragen haben, stehen Ihnen unsere Mitarbeitenden per Telefon (<a href="tel:+41 31 378 24 33">+41 31 378 24 33</a>) oder E-Mail (<a href="mailto:support@kibon.ch">support@kibon.ch</a>) zur Verfügung.<br><br>Freundliche Grüsse<br>kiBon - Team
	</p>
</div>

</body>

</html>

]


InfoZahlungslaufGeneriert[APPENZELL_AUSSERRHODEN_DEUTSCH]=[
From: kibon@dvbern.ch
To: empfaenger@dvbern.ch
Subject: kiBon  – Zahlungslauf erstellt
Content-Type: text/html;charset=utf-8

<html>
<head>
<style type="text/css">
        body {
            font-family: "Open Sans", Arial, Helvetica, sans-serif;
        }
      .kursInfoHeader {background-color: #bce1ff; font-weight: bold;}
      .signature { font-size: 90%;}
    </style>
    <link href="https://fonts.googleapis.com/css?family=Open+Sans" rel="stylesheet">
	<meta http-equiv="Content-Type" content="text/html; charset=utf-8"/>
	<meta name="viewport" content="width=device-width, initial-scale=1.0"/>
	<title>kiBon  – Zahlungslauf erstellt</title>

</head>

<body>

<div>

	<p>
		Guten Tag
	</p>
	<p>
		Ihr Zahlungslauf wurde erstellt und kann <a href="https://be.kibon.ch/zahlungsauftrag">hier</a> heruntergeladen werden.
	</p>
    <p>
        Wenn Sie Fragen haben, stehen Ihnen unsere Mitarbeitenden per Telefon (<a href="tel:071 354 51 51">071 354 51 51</a>) oder E-Mail (<a href="mailto:kibeg@sovar.ch">kibeg@sovar.ch</a>) zur Verfügung.<br><br>Freundliche Grüsse<br>kiBon - Team
    </p>
</div>

</body>

</html>

]


InfoZahlungslaufGeneriert[BERN_DEUTSCH]=[
From: kibon@dvbern.ch
To: empfaenger@dvbern.ch
Subject: kiBon  – Zahlungslauf erstellt
Content-Type: text/html;charset=utf-8

<html>
<head>
<style type="text/css">
        body {
            font-family: "Open Sans", Arial, Helvetica, sans-serif;
        }
      .kursInfoHeader {background-color: #bce1ff; font-weight: bold;}
      .signature { font-size: 90%;}
    </style>
    <link href="https://fonts.googleapis.com/css?family=Open+Sans" rel="stylesheet">
	<meta http-equiv="Content-Type" content="text/html; charset=utf-8"/>
	<meta name="viewport" content="width=device-width, initial-scale=1.0"/>
	<title>kiBon  – Zahlungslauf erstellt</title>

</head>

<body>

<div>

	<p>
		Guten Tag
	</p>
	<p>
		Ihr Zahlungslauf wurde erstellt und kann <a href="https://be.kibon.ch/zahlungsauftrag">hier</a> heruntergeladen werden.
	</p>
    <p>
        Wenn Sie Fragen haben, stehen Ihnen unsere Mitarbeitenden per Telefon (<a href="tel:+41 31 378 24 33">+41 31 378 24 33</a>) oder E-Mail (<a href="mailto:support@kibon.ch">support@kibon.ch</a>) zur Verfügung.<br><br>Freundliche Grüsse<br>kiBon-Team
    </p>
</div>

</body>

</html>

]



InfoZahlungslaufGeneriert[DVB_DEUTSCH]=[
From: kibon@dvbern.ch
To: empfaenger@dvbern.ch
Subject: kiBon  – Zahlungslauf erstellt
Content-Type: text/html;charset=utf-8

<html>
<head>
<style type="text/css">
        body {
            font-family: "Open Sans", Arial, Helvetica, sans-serif;
        }
      .kursInfoHeader {background-color: #bce1ff; font-weight: bold;}
      .signature { font-size: 90%;}
    </style>
    <link href="https://fonts.googleapis.com/css?family=Open+Sans" rel="stylesheet">
	<meta http-equiv="Content-Type" content="text/html; charset=utf-8"/>
	<meta name="viewport" content="width=device-width, initial-scale=1.0"/>
	<title>kiBon  – Zahlungslauf erstellt</title>

</head>

<body>

<div>

	<p>
		Guten Tag
	</p>
	<p>
		Ihr Zahlungslauf wurde erstellt und kann <a href="https://be.kibon.ch/zahlungsauftrag">hier</a> heruntergeladen werden.
	</p>
    <p>
        Wenn Sie Fragen haben, stehen Ihnen unsere Mitarbeitenden per Telefon (<a href="tel:+41 31 378 24 33">+41 31 378 24 33</a>) oder E-Mail (<a href="mailto:support@kibon.ch">support@kibon.ch</a>) zur Verfügung.<br><br>Freundliche Grüsse<br>kiBon - Team
    </p>
</div>

</body>

</html>

]


InfoZahlungslaufGeneriert[BERN_FRANZOESISCH]=[
From: kibon@dvbern.ch
To: empfaenger@dvbern.ch
Subject: kiBon  – cycle de paiement disponible
Content-Type: text/html;charset=utf-8

<html>
<head>
<style type="text/css">
        body {
            font-family: "Open Sans", Arial, Helvetica, sans-serif;
        }
      .kursInfoHeader {background-color: #bce1ff; font-weight: bold;}
      .signature { font-size: 90%;}
    </style>
    <link href="https://fonts.googleapis.com/css?family=Open+Sans" rel="stylesheet">
	<meta http-equiv="Content-Type" content="text/html; charset=utf-8"/>
	<meta name="viewport" content="width=device-width, initial-scale=1.0"/>
	<title>kiBon  – cycle de paiement disponible</title>

</head>

<body>

<div>

	<p>
		Bonjour,
	</p>
	<p>
        Votre cycle de paiement a été généré et peut être téléchargé <a href="https://be.kibon.ch/zahlungsauftrag">ici</a>.
	</p>
    <p>
        En cas de question, n’hésitez pas à prendre contact avec nous par téléphone (<a href="tel:+41 31 378 24 33">+41 31 378 24 33</a>) ou par courriel (<a href="mailto:support@kibon.ch">support@kibon.ch</a>).<br><br>Avec nos salutations les meilleures, <br>kiBon-Team
    </p>
</div>

</body>

</html>

]


InfoZahlungslaufGeneriert[DVB_FRANZOESISCH]=[
From: kibon@dvbern.ch
To: empfaenger@dvbern.ch
Subject: kiBon  – cycle de paiement disponible
Content-Type: text/html;charset=utf-8

<html>
<head>
<style type="text/css">
        body {
            font-family: "Open Sans", Arial, Helvetica, sans-serif;
        }
      .kursInfoHeader {background-color: #bce1ff; font-weight: bold;}
      .signature { font-size: 90%;}
    </style>
    <link href="https://fonts.googleapis.com/css?family=Open+Sans" rel="stylesheet">
	<meta http-equiv="Content-Type" content="text/html; charset=utf-8"/>
	<meta name="viewport" content="width=device-width, initial-scale=1.0"/>
	<title>kiBon  – cycle de paiement disponible</title>

</head>

<body>

<div>

	<p>
		Bonjour,
	</p>
	<p>
        Votre cycle de paiement a été généré et peut être téléchargé <a href="https://be.kibon.ch/zahlungsauftrag">ici</a>.
	</p>
    <p>
        En cas de question, n’hésitez pas à nous contacter par téléphone (<a href="tel:+41 31 378 24 33">+41 31 378 24 33</a>) ou par courriel (<a href="mailto:support@kibon.ch">support@kibon.ch</a>).<br><br>Meilleures salutations<br>L’équipe kiBon
    </p>
</div>

</body>

</html>

]


InfoZahlungslaufGeneriert[LUZERN_DEUTSCH]=[
From: kibon@dvbern.ch
To: empfaenger@dvbern.ch
Subject: kiBon  – Zahlungslauf erstellt
Content-Type: text/html;charset=utf-8

<html>
<head>
<style type="text/css">
        body {
            font-family: "Open Sans", Arial, Helvetica, sans-serif;
        }
      .kursInfoHeader {background-color: #bce1ff; font-weight: bold;}
      .signature { font-size: 90%;}
    </style>
    <link href="https://fonts.googleapis.com/css?family=Open+Sans" rel="stylesheet">
	<meta http-equiv="Content-Type" content="text/html; charset=utf-8"/>
	<meta name="viewport" content="width=device-width, initial-scale=1.0"/>
	<title>kiBon  – Zahlungslauf erstellt</title>

</head>

<body>

<div>

	<p>
		Guten Tag
	</p>
	<p>
		Ihr Zahlungslauf wurde erstellt und kann <a href="https://be.kibon.ch/zahlungsauftrag">hier</a> heruntergeladen werden.
	</p>
    <p>
        Wenn Sie Fragen zu kiBon haben, stehen Ihnen unsere Mitarbeitenden per Telefon (<a href="tel:+41 31 378 24 33">+41 31 378 24 33</a>) oder E-Mail (<a href="support@kibon.ch">support@kibon.ch</a>) zur Verfügung.<br><br>Freundliche Grüsse<br>kiBon - Team
    </p>
</div>

</body>

</html>

]


InfoZahlungslaufGeneriert[SCHWYZ_DEUTSCH]=[
From: kibon@dvbern.ch
To: empfaenger@dvbern.ch
Subject: kiBon  – Zahlungslauf erstellt
Content-Type: text/html;charset=utf-8

<html>
<head>
<style type="text/css">
        body {
            font-family: "Open Sans", Arial, Helvetica, sans-serif;
        }
      .kursInfoHeader {background-color: #bce1ff; font-weight: bold;}
      .signature { font-size: 90%;}
    </style>
    <link href="https://fonts.googleapis.com/css?family=Open+Sans" rel="stylesheet">
	<meta http-equiv="Content-Type" content="text/html; charset=utf-8"/>
	<meta name="viewport" content="width=device-width, initial-scale=1.0"/>
	<title>kiBon  – Zahlungslauf erstellt</title>

</head>

<body>

<div>

	<p>
		Guten Tag
	</p>
	<p>
		Ihr Zahlungslauf wurde erstellt und kann <a href="https://be.kibon.ch/zahlungsauftrag">hier</a> heruntergeladen werden.
	</p>
    <p>
        Wir freuen uns auf die Zusammenarbeit! Bei Fragen stehen wir Ihnen per Telefon (<a href="tel:+41 41 819 16 89">041 819 16 89</a>) oder E-Mail (<a href="mailto:ags@sz.ch">ags@sz.ch</a>) zur Verfügung.<br><br>Freundliche Grüsse<br>Fachstelle Kinderbetreuung<br>Kanton Schwyz
    </p>
</div>

</body>

</html>

]


InfoZahlungslaufGeneriert[SOLOTHURN_DEUTSCH]=[
From: kibon@dvbern.ch
To: empfaenger@dvbern.ch
Subject: kiBon  – Zahlungslauf erstellt
Content-Type: text/html;charset=utf-8

<html>
<head>
<style type="text/css">
        body {
            font-family: "Open Sans", Arial, Helvetica, sans-serif;
        }
      .kursInfoHeader {background-color: #bce1ff; font-weight: bold;}
      .signature { font-size: 90%;}
    </style>
    <link href="https://fonts.googleapis.com/css?family=Open+Sans" rel="stylesheet">
	<meta http-equiv="Content-Type" content="text/html; charset=utf-8"/>
	<meta name="viewport" content="width=device-width, initial-scale=1.0"/>
	<title>kiBon  – Zahlungslauf erstellt</title>

</head>

<body>

<div>

	<p>
		Guten Tag
	</p>
	<p>
		Ihr Zahlungslauf wurde erstellt und kann <a href="https://be.kibon.ch/zahlungsauftrag">hier</a> heruntergeladen werden.
	</p>
    <p>
        Wenn Sie Fragen haben, stehen Ihnen unsere Mitarbeitenden per Telefon (<a href="tel:+41 31 328 19 19">+41 31 328 19 19</a>) oder E-Mail (<a href="mailto:kibon@vseg.ch">kibon&#64;vseg.ch</a>) zur Verfügung.<br><br>Freundliche Grüsse<br>kiBon - Team
    </p>
</div>

</body>

</html>

]


InfoZahlungslaufGeneriert[ZUG_DEUTSCH]=[
From: kibon@dvbern.ch
To: empfaenger@dvbern.ch
Subject: kiBon  – Zahlungslauf erstellt
Content-Type: text/html;charset=utf-8

<html>
<head>
<style type="text/css">
        body {
            font-family: "Open Sans", Arial, Helvetica, sans-serif;
        }
      .kursInfoHeader {background-color: #bce1ff; font-weight: bold;}
      .signature { font-size: 90%;}
    </style>
    <link href="https://fonts.googleapis.com/css?family=Open+Sans" rel="stylesheet">
	<meta http-equiv="Content-Type" content="text/html; charset=utf-8"/>
	<meta name="viewport" content="width=device-width, initial-scale=1.0"/>
	<title>kiBon  – Zahlungslauf erstellt</title>

</head>

<body>

<div>

	<p>
		Guten Tag
	</p>
	<p>
		Ihr Zahlungslauf wurde erstellt und kann <a href="https://be.kibon.ch/zahlungsauftrag">hier</a> heruntergeladen werden.
	</p>
    <p>
        Wenn Sie Fragen haben, stehen Ihnen unsere Mitarbeitenden per Telefon (<a href="tel:+41 31 378 24 33">+41 31 378 24 33</a>) oder E-Mail (<a href="mailto:support@kibon.ch">support@kibon.ch</a>) zur Verfügung.<br><br>Freundliche Grüsse<br>kiBon - Team
    </p>
</div>

</body>

</html>

]


InfoZahlungslaufNichtErfolgreichGeneriert[APPENZELL_AUSSERRHODEN_DEUTSCH]=[
From: kibon@dvbern.ch
To: empfaenger@dvbern.ch
Subject: kiBon  – Zahlungslauf konnte nicht erstellt werden
Content-Type: text/html;charset=utf-8

<html>
<head>
<style type="text/css">
        body {
            font-family: "Open Sans", Arial, Helvetica, sans-serif;
        }
      .kursInfoHeader {background-color: #bce1ff; font-weight: bold;}
      .signature { font-size: 90%;}
    </style>
    <link href="https://fonts.googleapis.com/css?family=Open+Sans" rel="stylesheet">
	<meta http-equiv="Content-Type" content="text/html; charset=utf-8"/>
	<meta name="viewport" content="width=device-width, initial-scale=1.0"/>
	<title>kiBon  – Zahlungslauf konnte nicht erstellt werden</title>

</head>

<body>

<div>

	<p>
		Guten Tag
	</p>
	<p>
        Der Zahlungslauf konnte nicht erfolgreich erstellt werden. Bitte versuchen Sie es zu einem späteren Zeitpunkt erneut.
	</p>
    <p>
        Falls das Problem weiterhin besteht oder Sie Fragen haben, stehen Ihnen unsere Mitarbeitenden per Telefon (<a href="tel:+41 31 378 24 33">+41 31 378 24 33</a>) oder E-Mail (<a href="mailto:support@kibon.ch">support@kibon.ch</a>) zur Verfügung.
    </p>
    <p>
        Wenn Sie Fragen haben, stehen Ihnen unsere Mitarbeitenden per Telefon (<a href="tel:071 354 51 51">071 354 51 51</a>) oder E-Mail (<a href="mailto:kibeg@sovar.ch">kibeg@sovar.ch</a>) zur Verfügung.<br><br>Freundliche Grüsse<br>kiBon - Team
    </p>
</div>

</body>

</html>

]


InfoZahlungslaufNichtErfolgreichGeneriert[BERN_DEUTSCH]=[
From: kibon@dvbern.ch
To: empfaenger@dvbern.ch
Subject: kiBon  – Zahlungslauf konnte nicht erstellt werden
Content-Type: text/html;charset=utf-8

<html>
<head>
<style type="text/css">
        body {
            font-family: "Open Sans", Arial, Helvetica, sans-serif;
        }
      .kursInfoHeader {background-color: #bce1ff; font-weight: bold;}
      .signature { font-size: 90%;}
    </style>
    <link href="https://fonts.googleapis.com/css?family=Open+Sans" rel="stylesheet">
	<meta http-equiv="Content-Type" content="text/html; charset=utf-8"/>
	<meta name="viewport" content="width=device-width, initial-scale=1.0"/>
	<title>kiBon  – Zahlungslauf konnte nicht erstellt werden</title>

</head>

<body>

<div>

	<p>
		Guten Tag
	</p>
	<p>
        Der Zahlungslauf konnte nicht erfolgreich erstellt werden. Bitte versuchen Sie es zu einem späteren Zeitpunkt erneut.
	</p>
    <p>
        Falls das Problem weiterhin besteht oder Sie Fragen haben, stehen Ihnen unsere Mitarbeitenden per Telefon (<a href="tel:+41 31 378 24 33">+41 31 378 24 33</a>) oder E-Mail (<a href="mailto:support@kibon.ch">support@kibon.ch</a>) zur Verfügung.
    </p>
    <p>
        Wenn Sie Fragen haben, stehen Ihnen unsere Mitarbeitenden per Telefon (<a href="tel:+41 31 378 24 33">+41 31 378 24 33</a>) oder E-Mail (<a href="mailto:support@kibon.ch">support@kibon.ch</a>) zur Verfügung.<br><br>Freundliche Grüsse<br>kiBon-Team
    </p>
</div>

</body>

</html>

]


InfoZahlungslaufNichtErfolgreichGeneriert[DVB_DEUTSCH]=[
From: kibon@dvbern.ch
To: empfaenger@dvbern.ch
Subject: kiBon  – Zahlungslauf konnte nicht erstellt werden
Content-Type: text/html;charset=utf-8

<html>
<head>
<style type="text/css">
        body {
            font-family: "Open Sans", Arial, Helvetica, sans-serif;
        }
      .kursInfoHeader {background-color: #bce1ff; font-weight: bold;}
      .signature { font-size: 90%;}
    </style>
    <link href="https://fonts.googleapis.com/css?family=Open+Sans" rel="stylesheet">
	<meta http-equiv="Content-Type" content="text/html; charset=utf-8"/>
	<meta name="viewport" content="width=device-width, initial-scale=1.0"/>
	<title>kiBon  – Zahlungslauf konnte nicht erstellt werden</title>

</head>

<body>

<div>

	<p>
		Guten Tag
	</p>
	<p>
        Der Zahlungslauf konnte nicht erfolgreich erstellt werden. Bitte versuchen Sie es zu einem späteren Zeitpunkt erneut.
	</p>
    <p>
        Falls das Problem weiterhin besteht oder Sie Fragen haben, stehen Ihnen unsere Mitarbeitenden per Telefon (<a href="tel:+41 31 378 24 33">+41 31 378 24 33</a>) oder E-Mail (<a href="mailto:support@kibon.ch">support@kibon.ch</a>) zur Verfügung.
    </p>
    <p>
        Wenn Sie Fragen haben, stehen Ihnen unsere Mitarbeitenden per Telefon (<a href="tel:+41 31 378 24 33">+41 31 378 24 33</a>) oder E-Mail (<a href="mailto:support@kibon.ch">support@kibon.ch</a>) zur Verfügung.<br><br>Freundliche Grüsse<br>kiBon - Team
    </p>
</div>

</body>

</html>

]


InfoZahlungslaufNichtErfolgreichGeneriert[BERN_FRANZOESISCH]=[
From: kibon@dvbern.ch
To: empfaenger@dvbern.ch
Subject: kiBon  – cycle de paiement impossible à créer
Content-Type: text/html;charset=utf-8

<html>
<head>
<style type="text/css">
        body {
            font-family: "Open Sans", Arial, Helvetica, sans-serif;
        }
      .kursInfoHeader {background-color: #bce1ff; font-weight: bold;}
      .signature { font-size: 90%;}
    </style>
    <link href="https://fonts.googleapis.com/css?family=Open+Sans" rel="stylesheet">
	<meta http-equiv="Content-Type" content="text/html; charset=utf-8"/>
	<meta name="viewport" content="width=device-width, initial-scale=1.0"/>
	<title>kiBon  – cycle de paiement impossible à créer</title>

</head>

<body>

<div>

	<p>
		Bonjour,
	</p>
    <p>
        Votre cycle de paiement n’a pas pu être créé. Veuillez réessayer ultérieurement.
    </p>
    <p>
        En cas de problème persistant ou de question, n’hésitez pas à nous contacter par téléphone (<a href="tel:+41 31 378 24 33">+41 31 378 24 33</a>) ou par courriel (<a href="mailto:support@kibon.ch">support@kibon.ch</a>).
    </p>
    <p>
        En cas de question, n’hésitez pas à prendre contact avec nous par téléphone (<a href="tel:+41 31 378 24 33">+41 31 378 24 33</a>) ou par courriel (<a href="mailto:support@kibon.ch">support@kibon.ch</a>).<br><br>Avec nos salutations les meilleures, <br>kiBon-Team
    </p>
</div>

</body>

</html>

]


InfoZahlungslaufNichtErfolgreichGeneriert[DVB_FRANZOESISCH]=[
From: kibon@dvbern.ch
To: empfaenger@dvbern.ch
Subject: kiBon  – cycle de paiement impossible à créer
Content-Type: text/html;charset=utf-8

<html>
<head>
<style type="text/css">
        body {
            font-family: "Open Sans", Arial, Helvetica, sans-serif;
        }
      .kursInfoHeader {background-color: #bce1ff; font-weight: bold;}
      .signature { font-size: 90%;}
    </style>
    <link href="https://fonts.googleapis.com/css?family=Open+Sans" rel="stylesheet">
	<meta http-equiv="Content-Type" content="text/html; charset=utf-8"/>
	<meta name="viewport" content="width=device-width, initial-scale=1.0"/>
	<title>kiBon  – cycle de paiement impossible à créer</title>

</head>

<body>

<div>

	<p>
		Bonjour,
	</p>
    <p>
        Votre cycle de paiement n’a pas pu être créé. Veuillez réessayer ultérieurement.
    </p>
    <p>
        En cas de problème persistant ou de question, n’hésitez pas à nous contacter par téléphone (<a href="tel:+41 31 378 24 33">+41 31 378 24 33</a>) ou par courriel (<a href="mailto:support@kibon.ch">support@kibon.ch</a>).
    </p>
    <p>
        En cas de question, n’hésitez pas à nous contacter par téléphone (<a href="tel:+41 31 378 24 33">+41 31 378 24 33</a>) ou par courriel (<a href="mailto:support@kibon.ch">support@kibon.ch</a>).<br><br>Meilleures salutations<br>L’équipe kiBon
    </p>
</div>

</body>

</html>

]


InfoZahlungslaufNichtErfolgreichGeneriert[LUZERN_DEUTSCH]=[
From: kibon@dvbern.ch
To: empfaenger@dvbern.ch
Subject: kiBon  – Zahlungslauf konnte nicht erstellt werden
Content-Type: text/html;charset=utf-8

<html>
<head>
<style type="text/css">
        body {
            font-family: "Open Sans", Arial, Helvetica, sans-serif;
        }
      .kursInfoHeader {background-color: #bce1ff; font-weight: bold;}
      .signature { font-size: 90%;}
    </style>
    <link href="https://fonts.googleapis.com/css?family=Open+Sans" rel="stylesheet">
	<meta http-equiv="Content-Type" content="text/html; charset=utf-8"/>
	<meta name="viewport" content="width=device-width, initial-scale=1.0"/>
	<title>kiBon  – Zahlungslauf konnte nicht erstellt werden</title>

</head>

<body>

<div>

	<p>
		Guten Tag
	</p>
	<p>
        Der Zahlungslauf konnte nicht erfolgreich erstellt werden. Bitte versuchen Sie es zu einem späteren Zeitpunkt erneut.
	</p>
    <p>
        Falls das Problem weiterhin besteht oder Sie Fragen haben, stehen Ihnen unsere Mitarbeitenden per Telefon (<a href="tel:+41 31 378 24 33">+41 31 378 24 33</a>) oder E-Mail (<a href="mailto:support@kibon.ch">support@kibon.ch</a>) zur Verfügung.
    </p>
    <p>
        Wenn Sie Fragen zu kiBon haben, stehen Ihnen unsere Mitarbeitenden per Telefon (<a href="tel:+41 31 378 24 33">+41 31 378 24 33</a>) oder E-Mail (<a href="support@kibon.ch">support@kibon.ch</a>) zur Verfügung.<br><br>Freundliche Grüsse<br>kiBon - Team
    </p>
</div>

</body>

</html>

]


InfoZahlungslaufNichtErfolgreichGeneriert[SCHWYZ_DEUTSCH]=[
From: kibon@dvbern.ch
To: empfaenger@dvbern.ch
Subject: kiBon  – Zahlungslauf konnte nicht erstellt werden
Content-Type: text/html;charset=utf-8

<html>
<head>
<style type="text/css">
        body {
            font-family: "Open Sans", Arial, Helvetica, sans-serif;
        }
      .kursInfoHeader {background-color: #bce1ff; font-weight: bold;}
      .signature { font-size: 90%;}
    </style>
    <link href="https://fonts.googleapis.com/css?family=Open+Sans" rel="stylesheet">
	<meta http-equiv="Content-Type" content="text/html; charset=utf-8"/>
	<meta name="viewport" content="width=device-width, initial-scale=1.0"/>
	<title>kiBon  – Zahlungslauf konnte nicht erstellt werden</title>

</head>

<body>

<div>

	<p>
		Guten Tag
	</p>
	<p>
        Der Zahlungslauf konnte nicht erfolgreich erstellt werden. Bitte versuchen Sie es zu einem späteren Zeitpunkt erneut.
	</p>
    <p>
        Falls das Problem weiterhin besteht oder Sie Fragen haben, stehen Ihnen unsere Mitarbeitenden per Telefon (<a href="tel:+41 31 378 24 33">+41 31 378 24 33</a>) oder E-Mail (<a href="mailto:support@kibon.ch">support@kibon.ch</a>) zur Verfügung.
    </p>
    <p>
        Wir freuen uns auf die Zusammenarbeit! Bei Fragen stehen wir Ihnen per Telefon (<a href="tel:+41 41 819 16 89">041 819 16 89</a>) oder E-Mail (<a href="mailto:ags@sz.ch">ags@sz.ch</a>) zur Verfügung.<br><br>Freundliche Grüsse<br>Fachstelle Kinderbetreuung<br>Kanton Schwyz
    </p>
</div>

</body>

</html>

]


InfoZahlungslaufNichtErfolgreichGeneriert[SOLOTHURN_DEUTSCH]=[
From: kibon@dvbern.ch
To: empfaenger@dvbern.ch
Subject: kiBon  – Zahlungslauf konnte nicht erstellt werden
Content-Type: text/html;charset=utf-8

<html>
<head>
<style type="text/css">
        body {
            font-family: "Open Sans", Arial, Helvetica, sans-serif;
        }
      .kursInfoHeader {background-color: #bce1ff; font-weight: bold;}
      .signature { font-size: 90%;}
    </style>
    <link href="https://fonts.googleapis.com/css?family=Open+Sans" rel="stylesheet">
	<meta http-equiv="Content-Type" content="text/html; charset=utf-8"/>
	<meta name="viewport" content="width=device-width, initial-scale=1.0"/>
	<title>kiBon  – Zahlungslauf konnte nicht erstellt werden</title>

</head>

<body>

<div>

	<p>
		Guten Tag
	</p>
	<p>
        Der Zahlungslauf konnte nicht erfolgreich erstellt werden. Bitte versuchen Sie es zu einem späteren Zeitpunkt erneut.
	</p>
    <p>
        Falls das Problem weiterhin besteht oder Sie Fragen haben, stehen Ihnen unsere Mitarbeitenden per Telefon (<a href="tel:+41 31 378 24 33">+41 31 378 24 33</a>) oder E-Mail (<a href="mailto:support@kibon.ch">support@kibon.ch</a>) zur Verfügung.
    </p>
    <p>
        Wenn Sie Fragen haben, stehen Ihnen unsere Mitarbeitenden per Telefon (<a href="tel:+41 31 328 19 19">+41 31 328 19 19</a>) oder E-Mail (<a href="mailto:kibon@vseg.ch">kibon&#64;vseg.ch</a>) zur Verfügung.<br><br>Freundliche Grüsse<br>kiBon - Team
    </p>
</div>

</body>

</html>

]


InfoZahlungslaufNichtErfolgreichGeneriert[ZUG_DEUTSCH]=[
From: kibon@dvbern.ch
To: empfaenger@dvbern.ch
Subject: kiBon  – Zahlungslauf konnte nicht erstellt werden
Content-Type: text/html;charset=utf-8

<html>
<head>
<style type="text/css">
        body {
            font-family: "Open Sans", Arial, Helvetica, sans-serif;
        }
      .kursInfoHeader {background-color: #bce1ff; font-weight: bold;}
      .signature { font-size: 90%;}
    </style>
    <link href="https://fonts.googleapis.com/css?family=Open+Sans" rel="stylesheet">
	<meta http-equiv="Content-Type" content="text/html; charset=utf-8"/>
	<meta name="viewport" content="width=device-width, initial-scale=1.0"/>
	<title>kiBon  – Zahlungslauf konnte nicht erstellt werden</title>

</head>

<body>

<div>

	<p>
		Guten Tag
	</p>
	<p>
        Der Zahlungslauf konnte nicht erfolgreich erstellt werden. Bitte versuchen Sie es zu einem späteren Zeitpunkt erneut.
	</p>
    <p>
        Falls das Problem weiterhin besteht oder Sie Fragen haben, stehen Ihnen unsere Mitarbeitenden per Telefon (<a href="tel:+41 31 378 24 33">+41 31 378 24 33</a>) oder E-Mail (<a href="mailto:support@kibon.ch">support@kibon.ch</a>) zur Verfügung.
    </p>
    <p>
        Wenn Sie Fragen haben, stehen Ihnen unsere Mitarbeitenden per Telefon (<a href="tel:+41 31 378 24 33">+41 31 378 24 33</a>) oder E-Mail (<a href="mailto:support@kibon.ch">support@kibon.ch</a>) zur Verfügung.<br><br>Freundliche Grüsse<br>kiBon - Team
    </p>
</div>

</body>

</html>

]