BenutzerEinladung[APPENZELL_AUSSERRHODEN_DEUTSCH]=[
From: kibon@dvbern.ch
To: empfaenger@dvbern.ch
Subject: kiBon  – Einladung
Content-Type: text/html;charset=utf-8

<html>
<head>
<style type="text/css">
        body {
            font-family: "Open Sans", Arial, Helvetica, sans-serif;
        }
      .kursInfoHeader {background-color: #bce1ff; font-weight: bold;}
      .signature { font-size: 90%;}
    </style>
    <link href="https://fonts.googleapis.com/css?family=Open+Sans" rel="stylesheet">
    <meta http-equiv="Content-Type" content="text/html; charset=utf-8"/>
    <meta name="viewport" content="width=device-width, initial-scale=1.0"/>
    <title>kiBon  – Einladung</title>

</head>

<body>

<div>
    <p>
		<strong>Einladung zur Mitarbeit</strong><br><br>Sie wurden von Sandra Muster zur Nutzung von kiBon in der Rolle als Sachbearbeiter/in BG & TS (London) eingeladen. Unter folgendem Link können Sie sich anmelden und die Anwendung nutzen:
    </p>
    <p>
        <table cellspacing="0" cellpadding="0" width="100%">
            <tr>
                <td>
                    <table border="0" class="mobile-button" cellspacing="0" cellpadding="0">
                        <tr>
                            <td align="center" bgcolor="#d50025" style="background-color: #d50025; margin: auto; max-width: 600px; -webkit-border-radius: 2px; -moz-border-radius: 2px; border-radius: 2px; padding: 10px 15px; " width="100%">
                                <!--[if mso]>&nbsp;<![endif]-->
                                <a href="https://ar.kibon.example.com/einladung/annehmen" target="_blank" style="color: #ffffff; font-weight:normal; text-align:center; background-color: #d50025; text-decoration: none; border: none; -webkit-border-radius: 2px; -moz-border-radius: 2px; border-radius: 2px; display: inline-block;">
                                    <span style="color: #ffffff; font-weight:normal; line-height:1.5em; text-align:center;">EINLADUNG ANNEHMEN</span>
                                </a>
                                <!--[if mso]>&nbsp;<![endif]-->
                            </td>
                        </tr>
                    </table>
                </td>
            </tr>
        </table>
    </p>
    <p>
        Diese Einladung ist bis zum <strong>15.03.2026</strong> gültig.
    </p>
    <p>
		Wenn Sie Fragen haben, stehen Ihnen unsere Mitarbeitenden per Telefon (<a href="tel:071 354 51 51">071 354 51 51</a>) oder E-Mail (<a href="mailto:kibeg@sovar.ch">kibeg@sovar.ch</a>) zur Verfügung.<br><br>Freundliche Grüsse<br>kiBon - Team
    </p>

</div>

</body>

</html>

]


BenutzerEinladung[BERN_DEUTSCH]=[
From: kibon@dvbern.ch
To: empfaenger@dvbern.ch
Subject: kiBon  – Einladung
Content-Type: text/html;charset=utf-8

<html>
<head>
<style type="text/css">
        body {
            font-family: "Open Sans", Arial, Helvetica, sans-serif;
        }
      .kursInfoHeader {background-color: #bce1ff; font-weight: bold;}
      .signature { font-size: 90%;}
    </style>
    <link href="https://fonts.googleapis.com/css?family=Open+Sans" rel="stylesheet">
    <meta http-equiv="Content-Type" content="text/html; charset=utf-8"/>
    <meta name="viewport" content="width=device-width, initial-scale=1.0"/>
    <title>kiBon  – Einladung</title>

</head>

<body>

<div>
    <p>
		<strong>Einladung zur Mitarbeit</strong><br><br><p>Guten Tag</p>Sie wurden von Sandra Muster zur Nutzung von kiBon in der Rolle als Sachbearbeiter/in BG & TS (London) eingeladen. Unter folgendem Link können Sie sich anmelden und die Anwendung nutzen:
    </p>
    <p>
        <table cellspacing="0" cellpadding="0" width="100%">
            <tr>
                <td>
                    <table border="0" class="mobile-button" cellspacing="0" cellpadding="0">
                        <tr>
                            <td align="center" bgcolor="#d50025" style="background-color: #d50025; margin: auto; max-width: 600px; -webkit-border-radius: 2px; -moz-border-radius: 2px; border-radius: 2px; padding: 10px 15px; " width="100%">
                                <!--[if mso]>&nbsp;<![endif]-->
                                <a href="https://be.kibon.example.com/einladung/annehmen" target="_blank" style="color: #ffffff; font-weight:normal; text-align:center; background-color: #d50025; text-decoration: none; border: none; -webkit-border-radius: 2px; -moz-border-radius: 2px; border-radius: 2px; display: inline-block;">
                                    <span style="color: #ffffff; font-weight:normal; line-height:1.5em; text-align:center;">EINLADUNG ANNEHMEN</span>
                                </a>
                                <!--[if mso]>&nbsp;<![endif]-->
                            </td>
                        </tr>
                    </table>
                </td>
            </tr>
        </table>
    </p>
    <p>
        Diese Einladung ist bis zum <strong>15.03.2026</strong> gültig.
    </p>
    <p>
		Wenn Sie Fragen haben, stehen Ihnen unsere Mitarbeitenden per Telefon (<a href="tel:+41 31 378 24 33">+41 31 378 24 33</a>) oder E-Mail (<a href="mailto:support@kibon.ch">support@kibon.ch</a>) zur Verfügung.<br><br>Freundliche Grüsse<br>kiBon-Team
    </p>

</div>

</body>

</html>

]


BenutzerEinladung[BERN_FRANZOESISCH]=[
From: kibon@dvbern.ch
To: empfaenger@dvbern.ch
Subject: kiBon  – Einladung / Confirmation
Content-Type: text/html;charset=utf-8

<html>
<head>
<style type="text/css">
        body {
            font-family: "Open Sans", Arial, Helvetica, sans-serif;
        }
      .kursInfoHeader {background-color: #bce1ff; font-weight: bold;}
      .signature { font-size: 90%;}
    </style>
    <link href="https://fonts.googleapis.com/css?family=Open+Sans" rel="stylesheet">
    <meta http-equiv="Content-Type" content="text/html; charset=utf-8"/>
    <meta name="viewport" content="width=device-width, initial-scale=1.0"/>
    <title>kiBon  – Einladung / Confirmation</title>

</head>

<body>

<div>
    <p>
		<strong>Einladung zur Mitarbeit</strong><br><br><p>Guten Tag</p>Sie wurden von Sandra Muster zur Nutzung von kiBon in der Rolle als Sachbearbeiter/in BG & TS (London) eingeladen. Unter folgendem Link können Sie sich anmelden und die Anwendung nutzen:
    </p>
	<p>
        <table cellspacing="0" cellpadding="0" width="100%">
            <tr>
                <td>
                    <table border="0" class="mobile-button" cellspacing="0" cellpadding="0">
                        <tr>
                            <td align="center" bgcolor="#d50025" style="background-color: #d50025; margin: auto; max-width: 600px; -webkit-border-radius: 2px; -moz-border-radius: 2px; border-radius: 2px; padding: 10px 15px; " width="100%">
                                <!--[if mso]>&nbsp;<![endif]-->
                                <a href="https://be.kibon.example.com/einladung/annehmen" target="_blank" style="color: #ffffff; font-weight:normal; text-align:center; background-color: #d50025; text-decoration: none; border: none; -webkit-border-radius: 2px; -moz-border-radius: 2px; border-radius: 2px; display: inline-block;">
                                    <span style="color: #ffffff; font-weight:normal; line-height:1.5em; text-align:center;">EINLADUNG ANNEHMEN</span>
                                </a>
                                <!--[if mso]>&nbsp;<![endif]-->
                            </td>
                        </tr>
                    </table>
                </td>
            </tr>
        </table>
    </p>
	<p>
		Bitte verwenden Sie für das BE-Login die E-Mail-Adresse, mit der Sie zu kiBon eingeladen wurden.
	</p>
    <p>
        Diese Einladung ist bis zum <strong>15.03.2026</strong> gültig.
    </p>
    <p>
		Wenn Sie Fragen haben, stehen Ihnen unsere Mitarbeitenden per Telefon (<a href="tel:+41 31 378 24 33">+41 31 378 24 33</a>) oder E-Mail (<a href="mailto:support@kibon.ch">support@kibon.ch</a>) zur Verfügung.<br><br>Freundliche Grüsse<br>kiBon-Team
    </p>
    <p>
		Dies ist eine automatisch versendete E-Mail. Bitte antworten Sie nicht auf diese Nachricht.
    </p>

	<hr>

    <p>
		<strong>Invitation</strong><br><br><p>Bonjour</p>Vous avez été invité-e par Sandra Muster à utiliser l’application kiBon dans la fonction de Collaborateur/-trice spécialisé-e BG et école à journée continue (London). Pour vous inscrire et utiliser l’application, cliquez sur le lien suivant:
    </p>
    <p>
    <table cellspacing="0" cellpadding="0" width="100%">
        <tr>
            <td>
                <table border="0" class="mobile-button" cellspacing="0" cellpadding="0">
                    <tr>
                        <td align="center" bgcolor="#d50025" style="background-color: #d50025; margin: auto; max-width: 600px; -webkit-border-radius: 2px; -moz-border-radius: 2px; border-radius: 2px; padding: 10px 15px; " width="100%">
                            <!--[if mso]>&nbsp;<![endif]-->
                            <a href="https://be.kibon.example.com/einladung/annehmen" target="_blank" style="color: #ffffff; font-weight:normal; text-align:center; background-color: #d50025; text-decoration: none; border: none; -webkit-border-radius: 2px; -moz-border-radius: 2px; border-radius: 2px; display: inline-block;">
                                <span style="color: #ffffff; font-weight:normal; line-height:1.5em; text-align:center;">CONFIRMATION</span>
                            </a>
                            <!--[if mso]>&nbsp;<![endif]-->
                        </td>
                    </tr>
                </table>
            </td>
        </tr>
    </table>
    </p>
	<p>
		Pour le login BE, veuillez utiliser l'adresse électronique avec laquelle vous avez été invité sur kiBon.
	</p>
    <p>
		Ce lien est actif jusqu’au <strong>15.03.2026</strong>.
    </p>
    <p>
		En cas de question, n’hésitez pas à prendre contact avec nous par téléphone (<a href="tel:+41 31 378 24 33">+41 31 378 24 33</a>) ou par courriel (<a href="mailto:support@kibon.ch">support@kibon.ch</a>).<br><br>Avec nos salutations les meilleures, <br>kiBon-Team
    </p>
    <p>
		Merci de ne pas répondre à ce message automatique.
    </p>
</div>

</body>

</html>

]


BenutzerEinladung[DVB_DEUTSCH]=[
From: kibon@dvbern.ch
To: empfaenger@dvbern.ch
Subject: kiBon  – Einladung
Content-Type: text/html;charset=utf-8

<html>
<head>
<style type="text/css">
        body {
            font-family: "Open Sans", Arial, Helvetica, sans-serif;
        }
      .kursInfoHeader {background-color: #bce1ff; font-weight: bold;}
      .signature { font-size: 90%;}
    </style>
    <link href="https://fonts.googleapis.com/css?family=Open+Sans" rel="stylesheet">
    <meta http-equiv="Content-Type" content="text/html; charset=utf-8"/>
    <meta name="viewport" content="width=device-width, initial-scale=1.0"/>
    <title>kiBon  – Einladung</title>

</head>

<body>

<div>
    <p>
		<strong>Einladung zur Mitarbeit</strong><br><br>Sie wurden von Sandra Muster zur Nutzung von kiBon in der Rolle als Sachbearbeiter/in BG & TS (London) eingeladen. Unter folgendem Link können Sie sich anmelden und die Anwendung nutzen:
    </p>
    <p>
        <table cellspacing="0" cellpadding="0" width="100%">
            <tr>
                <td>
                    <table border="0" class="mobile-button" cellspacing="0" cellpadding="0">
                        <tr>
                            <td align="center" bgcolor="#d50025" style="background-color: #d50025; margin: auto; max-width: 600px; -webkit-border-radius: 2px; -moz-border-radius: 2px; border-radius: 2px; padding: 10px 15px; " width="100%">
                                <!--[if mso]>&nbsp;<![endif]-->
                                <a href="https://dv.kibon.example.com/einladung/annehmen" target="_blank" style="color: #ffffff; font-weight:normal; text-align:center; background-color: #d50025; text-decoration: none; border: none; -webkit-border-radius: 2px; -moz-border-radius: 2px; border-radius: 2px; display: inline-block;">
                                    <span style="color: #ffffff; font-weight:normal; line-height:1.5em; text-align:center;">EINLADUNG ANNEHMEN</span>
                                </a>
                                <!--[if mso]>&nbsp;<![endif]-->
                            </td>
                        </tr>
                    </table>
                </td>
            </tr>
        </table>
    </p>
    <p>
        Diese Einladung ist bis zum <strong>15.03.2026</strong> gültig.
    </p>
    <p>
		Wenn Sie Fragen haben, stehen Ihnen unsere Mitarbeitenden per Telefon (<a href="tel:+41 31 378 24 33">+41 31 378 24 33</a>) oder E-Mail (<a href="mailto:support@kibon.ch">support@kibon.ch</a>) zur Verfügung.<br><br>Freundliche Grüsse<br>kiBon - Team
    </p>

</div>

</body>

</html>

]


BenutzerEinladung[DVB_FRANZOESISCH]=[
From: kibon@dvbern.ch
To: empfaenger@dvbern.ch
Subject: kiBon  – Einladung / Confirmation
Content-Type: text/html;charset=utf-8

<html>
<head>
<style type="text/css">
        body {
            font-family: "Open Sans", Arial, Helvetica, sans-serif;
        }
      .kursInfoHeader {background-color: #bce1ff; font-weight: bold;}
      .signature { font-size: 90%;}
    </style>
    <link href="https://fonts.googleapis.com/css?family=Open+Sans" rel="stylesheet">
    <meta http-equiv="Content-Type" content="text/html; charset=utf-8"/>
    <meta name="viewport" content="width=device-width, initial-scale=1.0"/>
    <title>kiBon  – Einladung / Confirmation</title>

</head>

<body>

<div>
    <p>
		<strong>Einladung zur Mitarbeit</strong><br><br>Sie wurden von Sandra Muster zur Nutzung von kiBon in der Rolle als Sachbearbeiter/in BG & TS (London) eingeladen. Unter folgendem Link können Sie sich anmelden und die Anwendung nutzen:
    </p>
	<p>
        <table cellspacing="0" cellpadding="0" width="100%">
            <tr>
                <td>
                    <table border="0" class="mobile-button" cellspacing="0" cellpadding="0">
                        <tr>
                            <td align="center" bgcolor="#d50025" style="background-color: #d50025; margin: auto; max-width: 600px; -webkit-border-radius: 2px; -moz-border-radius: 2px; border-radius: 2px; padding: 10px 15px; " width="100%">
                                <!--[if mso]>&nbsp;<![endif]-->
                                <a href="https://dv.kibon.example.com/einladung/annehmen" target="_blank" style="color: #ffffff; font-weight:normal; text-align:center; background-color: #d50025; text-decoration: none; border: none; -webkit-border-radius: 2px; -moz-border-radius: 2px; border-radius: 2px; display: inline-block;">
                                    <span style="color: #ffffff; font-weight:normal; line-height:1.5em; text-align:center;">EINLADUNG ANNEHMEN</span>
                                </a>
                                <!--[if mso]>&nbsp;<![endif]-->
                            </td>
                        </tr>
                    </table>
                </td>
            </tr>
        </table>
    </p>
    <p>
        Diese Einladung ist bis zum <strong>15.03.2026</strong> gültig.
    </p>
    <p>
		Wenn Sie Fragen haben, stehen Ihnen unsere Mitarbeitenden per Telefon (<a href="tel:+41 31 378 24 33">+41 31 378 24 33</a>) oder E-Mail (<a href="mailto:support@kibon.ch">support@kibon.ch</a>) zur Verfügung.<br><br>Freundliche Grüsse<br>kiBon - Team
    </p>
    <p>
		Dies ist eine automatisch versendete E-Mail. Bitte antworten Sie nicht auf diese Nachricht.
    </p>

	<hr>

    <p>
		<strong>Invitation</strong><br><br>Vous avez été invité-e par Sandra Muster à utiliser l’application kiBon dans la fonction de Collaborateur/-trice spécialisé-e BG et école à journée continue (London). Pour vous inscrire et utiliser l’application, cliquez sur le lien suivant:
    </p>
    <p>
    <table cellspacing="0" cellpadding="0" width="100%">
        <tr>
            <td>
                <table border="0" class="mobile-button" cellspacing="0" cellpadding="0">
                    <tr>
                        <td align="center" bgcolor="#d50025" style="background-color: #d50025; margin: auto; max-width: 600px; -webkit-border-radius: 2px; -moz-border-radius: 2px; border-radius: 2px; padding: 10px 15px; " width="100%">
                            <!--[if mso]>&nbsp;<![endif]-->
                            <a href="https://dv.kibon.example.com/einladung/annehmen" target="_blank" style="color: #ffffff; font-weight:normal; text-align:center; background-color: #d50025; text-decoration: none; border: none; -webkit-border-radius: 2px; -moz-border-radius: 2px; border-radius: 2px; display: inline-block;">
                                <span style="color: #ffffff; font-weight:normal; line-height:1.5em; text-align:center;">CONFIRMATION</span>
                            </a>
                            <!--[if mso]>&nbsp;<![endif]-->
                        </td>
                    </tr>
                </table>
            </td>
        </tr>
    </table>
    </p>
    <p>
		Ce lien est actif jusqu’au <strong>15.03.2026</strong>.
    </p>
    <p>
		En cas de question, n’hésitez pas à nous contacter par téléphone (<a href="tel:+41 31 378 24 33">+41 31 378 24 33</a>) ou par courriel (<a href="mailto:support@kibon.ch">support@kibon.ch</a>).<br><br>Meilleures salutations<br>L’équipe kiBon
    </p>
    <p>
		Merci de ne pas répondre à ce message automatique.
    </p>
</div>

</body>

</html>

]


BenutzerEinladung[LUZERN_DEUTSCH]=[
From: kibon@dvbern.ch
To: empfaenger@dvbern.ch
Subject: kiBon  – Einladung
Content-Type: text/html;charset=utf-8

<html>
<head>
<style type="text/css">
        body {
            font-family: "Open Sans", Arial, Helvetica, sans-serif;
        }
      .kursInfoHeader {background-color: #bce1ff; font-weight: bold;}
      .signature { font-size: 90%;}
    </style>
    <link href="https://fonts.googleapis.com/css?family=Open+Sans" rel="stylesheet">
    <meta http-equiv="Content-Type" content="text/html; charset=utf-8"/>
    <meta name="viewport" content="width=device-width, initial-scale=1.0"/>
    <title>kiBon  – Einladung</title>

</head>

<body>

<div>
    <p>
		<strong>Einladung zur Mitarbeit</strong><br><br>Sie wurden von Sandra Muster zur Nutzung von kiBon in der Rolle als Sachbearbeiter/in BG & TS (London) eingeladen. Unter folgendem Link können Sie sich anmelden und die Anwendung nutzen:
    </p>
    <p>
        <table cellspacing="0" cellpadding="0" width="100%">
            <tr>
                <td>
                    <table border="0" class="mobile-button" cellspacing="0" cellpadding="0">
                        <tr>
                            <td align="center" bgcolor="#d50025" style="background-color: #d50025; margin: auto; max-width: 600px; -webkit-border-radius: 2px; -moz-border-radius: 2px; border-radius: 2px; padding: 10px 15px; " width="100%">
                                <!--[if mso]>&nbsp;<![endif]-->
                                <a href="https://lu.kibon.example.com/einladung/annehmen" target="_blank" style="color: #ffffff; font-weight:normal; text-align:center; background-color: #d50025; text-decoration: none; border: none; -webkit-border-radius: 2px; -moz-border-radius: 2px; border-radius: 2px; display: inline-block;">
                                    <span style="color: #ffffff; font-weight:normal; line-height:1.5em; text-align:center;">EINLADUNG ANNEHMEN</span>
                                </a>
                                <!--[if mso]>&nbsp;<![endif]-->
                            </td>
                        </tr>
                    </table>
                </td>
            </tr>
        </table>
    </p>
    <p>
        Diese Einladung ist bis zum <strong>15.03.2026</strong> gültig.
    </p>
    <p>
		Wenn Sie Fragen zu kiBon haben, stehen Ihnen unsere Mitarbeitenden per Telefon (<a href="tel:+41 31 378 24 33">+41 31 378 24 33</a>) oder E-Mail (<a href="support@kibon.ch">support@kibon.ch</a>) zur Verfügung.<br><br>Freundliche Grüsse<br>kiBon - Team
    </p>

</div>

</body>

</html>

]


BenutzerEinladung[SCHWYZ_DEUTSCH]=[
From: kibon@dvbern.ch
To: empfaenger@dvbern.ch
Subject: kiBon  – Einladung
Content-Type: text/html;charset=utf-8

<html>
<head>
<style type="text/css">
        body {
            font-family: "Open Sans", Arial, Helvetica, sans-serif;
        }
      .kursInfoHeader {background-color: #bce1ff; font-weight: bold;}
      .signature { font-size: 90%;}
    </style>
    <link href="https://fonts.googleapis.com/css?family=Open+Sans" rel="stylesheet">
    <meta http-equiv="Content-Type" content="text/html; charset=utf-8"/>
    <meta name="viewport" content="width=device-width, initial-scale=1.0"/>
    <title>kiBon  – Einladung</title>

</head>

<body>

<div>
    <p>
		<strong>Einladung zur Mitarbeit</strong><br><br>Sie wurden von Sandra Muster zur Nutzung von kiBon in der Rolle als Sachbearbeiter/in BG & TS (London) eingeladen. Unter folgendem Link können Sie sich anmelden und die Anwendung nutzen:
    </p>
	<ol type="1">
		<li>Klick auf untenstehenden Link <a href="https://sz.kibon.example.com/einladung/annehmen">«Registrierung starten»</a>. Sie werden auf kiBon weitergeleitet.</li>
		<li>Geben Sie Ihre Daten ein. Die Mobiltelefonnummer wird für die 2-Faktor-Authentifizierung benötigt.</li>
		<li>Verifizieren Sie Ihre E-Mail-Adresse.</li>
		<li>Klick auf «Registrierung abschliessen». </li>
	</ol>
    <p>
		Wichtig: Diese Einladung ist nur bis zum <strong>15.03.2026</strong> gültig.
    </p>
	<p>
	<table cellspacing="0" cellpadding="0" width="100%">
		<tr>
			<td>
				<table border="0" class="mobile-button" cellspacing="0" cellpadding="0">
					<tr>
						<td align="center" bgcolor="#d50025" style="background-color: #d50025; margin: auto; max-width: 600px; -webkit-border-radius: 2px; -moz-border-radius: 2px; border-radius: 2px; padding: 10px 15px; " width="100%">
							<!--[if mso]>&nbsp;<![endif]-->
							<a href="https://sz.kibon.example.com/einladung/annehmen" target="_blank" style="color: #ffffff; font-weight:normal; text-align:center; background-color: #d50025; text-decoration: none; border: none; -webkit-border-radius: 2px; -moz-border-radius: 2px; border-radius: 2px; display: inline-block;">
								<span style="color: #ffffff; font-weight:normal; line-height:1.5em; text-align:center;">Registrierung starten</span>
							</a>
							<!--[if mso]>&nbsp;<![endif]-->
						</td>
					</tr>
				</table>
			</td>
		</tr>
	</table>
	</p>
    <p>
		Wir freuen uns auf die Zusammenarbeit! Bei Fragen stehen wir Ihnen per Telefon (<a href="tel:+41 41 819 16 89">041 819 16 89</a>) oder E-Mail (<a href="mailto:ags@sz.ch">ags@sz.ch</a>) zur Verfügung.<br><br>Freundliche Grüsse<br>Fachstelle Kinderbetreuung<br>Kanton Schwyz
    </p>
</div>

</body>

</html>

]


BenutzerEinladung[SOLOTHURN_DEUTSCH]=[
From: kibon@dvbern.ch
To: empfaenger@dvbern.ch
Subject: kiBon  – Einladung
Content-Type: text/html;charset=utf-8

<html>
<head>
<style type="text/css">
        body {
            font-family: "Open Sans", Arial, Helvetica, sans-serif;
        }
      .kursInfoHeader {background-color: #bce1ff; font-weight: bold;}
      .signature { font-size: 90%;}
    </style>
    <link href="https://fonts.googleapis.com/css?family=Open+Sans" rel="stylesheet">
    <meta http-equiv="Content-Type" content="text/html; charset=utf-8"/>
    <meta name="viewport" content="width=device-width, initial-scale=1.0"/>
    <title>kiBon  – Einladung</title>

</head>

<body>

<div>
    <p>
		<strong>Einladung zur Mitarbeit</strong><br><br>Sie wurden von Sandra Muster zur Nutzung von kiBon in der Rolle als Sachbearbeiter/in BG & TS (London) eingeladen. Unter folgendem Link können Sie sich anmelden und die Anwendung nutzen:
    </p>
    <p>
        <table cellspacing="0" cellpadding="0" width="100%">
            <tr>
                <td>
                    <table border="0" class="mobile-button" cellspacing="0" cellpadding="0">
                        <tr>
                            <td align="center" bgcolor="#d50025" style="background-color: #d50025; margin: auto; max-width: 600px; -webkit-border-radius: 2px; -moz-border-radius: 2px; border-radius: 2px; padding: 10px 15px; " width="100%">
                                <!--[if mso]>&nbsp;<![endif]-->
                                <a href="https://so.kibon.example.com/einladung/annehmen" target="_blank" style="color: #ffffff; font-weight:normal; text-align:center; background-color: #d50025; text-decoration: none; border: none; -webkit-border-radius: 2px; -moz-border-radius: 2px; border-radius: 2px; display: inline-block;">
                                    <span style="color: #ffffff; font-weight:normal; line-height:1.5em; text-align:center;">EINLADUNG ANNEHMEN</span>
                                </a>
                                <!--[if mso]>&nbsp;<![endif]-->
                            </td>
                        </tr>
                    </table>
                </td>
            </tr>
        </table>
    </p>
    <p>
        Diese Einladung ist bis zum <strong>15.03.2026</strong> gültig.
    </p>
    <p>
		Wenn Sie Fragen haben, stehen Ihnen unsere Mitarbeitenden per Telefon (<a href="tel:+41 31 328 19 19">+41 31 328 19 19</a>) oder E-Mail (<a href="mailto:kibon@vseg.ch">kibon&#64;vseg.ch</a>) zur Verfügung.<br><br>Freundliche Grüsse<br>kiBon - Team
    </p>

</div>

</body>

</html>

]


BenutzerEinladung[ZUG_DEUTSCH]=[
From: kibon@dvbern.ch
To: empfaenger@dvbern.ch
Subject: kiBon  – Einladung
Content-Type: text/html;charset=utf-8

<html>
<head>
<style type="text/css">
        body {
            font-family: "Open Sans", Arial, Helvetica, sans-serif;
        }
      .kursInfoHeader {background-color: #bce1ff; font-weight: bold;}
      .signature { font-size: 90%;}
    </style>
    <link href="https://fonts.googleapis.com/css?family=Open+Sans" rel="stylesheet">
    <meta http-equiv="Content-Type" content="text/html; charset=utf-8"/>
    <meta name="viewport" content="width=device-width, initial-scale=1.0"/>
    <title>kiBon  – Einladung</title>

</head>

<body>

<div>
    <p>
		<strong>Einladung zur Mitarbeit</strong><br><br>Sie wurden von Sandra Muster zur Nutzung von kiBon in der Rolle als Sachbearbeiter/in BG & TS (London) eingeladen. Unter folgendem Link können Sie sich anmelden und die Anwendung nutzen:
    </p>
    <p>
        <table cellspacing="0" cellpadding="0" width="100%">
            <tr>
                <td>
                    <table border="0" class="mobile-button" cellspacing="0" cellpadding="0">
                        <tr>
                            <td align="center" bgcolor="#d50025" style="background-color: #d50025; margin: auto; max-width: 600px; -webkit-border-radius: 2px; -moz-border-radius: 2px; border-radius: 2px; padding: 10px 15px; " width="100%">
                                <!--[if mso]>&nbsp;<![endif]-->
                                <a href="https://zg.kibon.example.com/einladung/annehmen" target="_blank" style="color: #ffffff; font-weight:normal; text-align:center; background-color: #d50025; text-decoration: none; border: none; -webkit-border-radius: 2px; -moz-border-radius: 2px; border-radius: 2px; display: inline-block;">
                                    <span style="color: #ffffff; font-weight:normal; line-height:1.5em; text-align:center;">EINLADUNG ANNEHMEN</span>
                                </a>
                                <!--[if mso]>&nbsp;<![endif]-->
                            </td>
                        </tr>
                    </table>
                </td>
            </tr>
        </table>
    </p>
    <p>
        Diese Einladung ist bis zum <strong>15.03.2026</strong> gültig.
    </p>
    <p>
		Wenn Sie Fragen haben, stehen Ihnen unsere Mitarbeitenden per Telefon (<a href="tel:+41 31 378 24 33">+41 31 378 24 33</a>) oder E-Mail (<a href="mailto:support@kibon.ch">support@kibon.ch</a>) zur Verfügung.<br><br>Freundliche Grüsse<br>kiBon - Team
    </p>

</div>

</body>

</html>

]


GesuchstellerInitZPV[BERN_DEUTSCH]=[
From: kibon@dvbern.ch
To: empfaenger@dvbern.ch
Subject: kiBon - Verknüpfung Ihres Antrags mit weiterem BE-Login
Content-Type: text/html;charset=utf-8

<html>
<head>
    <style type="text/css">
        body {
            font-family: "Open Sans", Arial, Helvetica, sans-serif;
        }
      .kursInfoHeader {background-color: #bce1ff; font-weight: bold;}
      .signature { font-size: 90%;}
    </style>
    <link href="https://fonts.googleapis.com/css?family=Open+Sans" rel="stylesheet">
	<meta http-equiv="Content-Type" content="text/html; charset=utf-8"/>
	<meta name="viewport" content="width=device-width, initial-scale=1.0"/>
	<title>kiBon - Verknüpfung Ihres Antrags mit weiterem BE-Login</title>

</head>

<body>

<div>
	<p>
		Guten Tag
	</p>
	<p>
		Sie haben die Verknüpfung Ihres kiBon-Antrags mit einem zweiten BE-Login beantragt, um die Steuerdaten abzurufen.
	</p>
	<p>
		<b>Achtung:</b> Stellen Sie bitte sicher, dass Sie im BE-Login nicht mehr eingeloggt sind.
	</p>
	<p>
		Über die untenstehende Schaltfläche erlauben Sie den Abruf Ihrer Steuerdaten:<br>
		<a href="https://be.kibon.ch/sso/init">BE Login verknüpfen und Abfrage der Steuerdaten erlauben.</a></li>
	</p>
	<p>
		Nachdem Sie sich beim BE-Login eingeloggt haben, werden Sie auf kiBon zurückgeleitet, wo Ihr Antrag mit dem BE-Login verknüpft wird.
	</p>

	<p>
		Freundliche Grüsse<br/>
		kiBon - Team
	</p>
	<p>
		Dies ist eine automatisch versendete E-Mail. Bitte antworten Sie nicht auf diese Nachricht.
	</p>
</div>

</body>

</html>

]


GesuchstellerInitZPV[BERN_FRANZOESISCH]=[
From: kibon@dvbern.ch
To: empfaenger@dvbern.ch
Subject: kiBon - lier votre demande avec un autre BE-Login
Content-Type: text/html;charset=utf-8

<html>
<head>
    <style type="text/css">
        body {
            font-family: "Open Sans", Arial, Helvetica, sans-serif;
        }
      .kursInfoHeader {background-color: #bce1ff; font-weight: bold;}
      .signature { font-size: 90%;}
    </style>
    <link href="https://fonts.googleapis.com/css?family=Open+Sans" rel="stylesheet">
	<meta http-equiv="Content-Type" content="text/html; charset=utf-8"/>
	<meta name="viewport" content="width=device-width, initial-scale=1.0"/>
	<title>kiBon - lier votre demande avec un autre BE-Login</title>

</head>

<body>

<div>
	<p>
		Bonjour,
	</p>
	<p>
		Vous souhaitez relier votre demande kiBon à un deuxième compte BE-Login pour pouvoir récupérer les données fiscales.
	</p>
	<p>
		<b>Attention:</b> assurez-vous que vous êtes déconnecté·e de BE-Login.
	</p>
	<p>
		Le bouton ci-dessous vous permet de récupérer vos données fiscales:<br>
		<a href="https://be.kibon.ch/sso/init">Connecter à BE Login et autoriser la récupération des données fiscales.</a></li>
	</p>
	<p>
		Une fois connecté·e dans BE-Login, vous serez redirigé·e vers kiBon et votre demande sera reliée à votre compte BE-Login.
	</p>

	<p>
		Avec nos salutations les meilleures,<br/>
		L’équipe kiBon
	</p>
	<p>
		Merci de ne pas répondre à ce message automatique.
	</p>
</div>

</body>

</html>

]