InfoGemeindeAngebotAktiviert[APPENZELL_AUSSERRHODEN_DEUTSCH]=[
From: kibon@dvbern.ch
To: empfaenger@dvbern.ch
Subject: kiBon  – Angebot Tagesschule wurde aktiviert
Content-Type: text/html;charset=utf-8

<html>
<head>
<style type="text/css">
        body {
            font-family: "Open Sans", Arial, Helvetica, sans-serif;
        }
      .kursInfoHeader {background-color: #bce1ff; font-weight: bold;}
      .signature { font-size: 90%;}
    </style>
    <link href="https://fonts.googleapis.com/css?family=Open+Sans" rel="stylesheet">
	<meta http-equiv="Content-Type" content="text/html; charset=utf-8"/>
	<meta name="viewport" content="width=device-width, initial-scale=1.0"/>
	<title>kiBon  – Angebot Tagesschule wurde aktiviert</title>

</head>

<body>

<div>
	<p>Das Angebot Tagesschule wurde für die Gemeinde London aktiviert.</p>
	<p>Vervollständigen Sie das Profil für Tagesschule <a href="https://ar.kibon.example.com/gemeinde/edit/<ID-1>/0">hier</a>.</p>
</div>

</body>

</html>

]


InfoGemeindeAngebotAktiviert[BERN_DEUTSCH]=[
From: kibon@dvbern.ch
To: empfaenger@dvbern.ch
Subject: kiBon  – Angebot Tagesschule wurde aktiviert
Content-Type: text/html;charset=utf-8

<html>
<head>
<style type="text/css">
        body {
            font-family: "Open Sans", Arial, Helvetica, sans-serif;
        }
      .kursInfoHeader {background-color: #bce1ff; font-weight: bold;}
      .signature { font-size: 90%;}
    </style>
    <link href="https://fonts.googleapis.com/css?family=Open+Sans" rel="stylesheet">
	<meta http-equiv="Content-Type" content="text/html; charset=utf-8"/>
	<meta name="viewport" content="width=device-width, initial-scale=1.0"/>
	<title>kiBon  – Angebot Tagesschule wurde aktiviert</title>

</head>

<body>

<div>
	<p>Das Angebot Tagesschule wurde für die Gemeinde London aktiviert.</p>
	<p>Vervollständigen Sie das Profil für Tagesschule <a href="https://be.kibon.example.com/gemeinde/edit/<ID-1>/0">hier</a>.</p>
</div>

</body>

</html>

]


InfoGemeindeAngebotAktiviert[BERN_FRANZOESISCH]=[
From: kibon@dvbern.ch
To: empfaenger@dvbern.ch
Subject: kiBon  – L'offre Ecole à journée continue a été activée
Content-Type: text/html;charset=utf-8

<html>
<head>
<style type="text/css">
        body {
            font-family: "Open Sans", Arial, Helvetica, sans-serif;
        }
      .kursInfoHeader {background-color: #bce1ff; font-weight: bold;}
      .signature { font-size: 90%;}
    </style>
    <link href="https://fonts.googleapis.com/css?family=Open+Sans" rel="stylesheet">
	<meta http-equiv="Content-Type" content="text/html; charset=utf-8"/>
	<meta name="viewport" content="width=device-width, initial-scale=1.0"/>
	<title>kiBon  – L'offre Ecole à journée continue a été activée</title>

</head>

<body>

<div>
	<p>L'offre Ecole à journée continue a été activée pour la commune London.</p>
	<p>Veuillez compléter le profile pour Ecole à journée continue <a href="https://be.kibon.example.com/gemeinde/edit/<ID-1>/0">ici</a>.</p>
</div>

</body>

</html>

]


InfoGemeindeAngebotAktiviert[DVB_DEUTSCH]=[
From: kibon@dvbern.ch
To: empfaenger@dvbern.ch
Subject: kiBon  – Angebot Tagesschule wurde aktiviert
Content-Type: text/html;charset=utf-8

<html>
<head>
<style type="text/css">
        body {
            font-family: "Open Sans", Arial, Helvetica, sans-serif;
        }
      .kursInfoHeader {background-color: #bce1ff; font-weight: bold;}
      .signature { font-size: 90%;}
    </style>
    <link href="https://fonts.googleapis.com/css?family=Open+Sans" rel="stylesheet">
	<meta http-equiv="Content-Type" content="text/html; charset=utf-8"/>
	<meta name="viewport" content="width=device-width, initial-scale=1.0"/>
	<title>kiBon  – Angebot Tagesschule wurde aktiviert</title>

</head>

<body>

<div>
	<p>Das Angebot Tagesschule wurde für die Gemeinde London aktiviert.</p>
	<p>Vervollständigen Sie das Profil für Tagesschule <a href="https://dv.kibon.example.com/gemeinde/edit/<ID-1>/0">hier</a>.</p>
</div>

</body>

</html>

]


InfoGemeindeAngebotAktiviert[DVB_FRANZOESISCH]=[
From: kibon@dvbern.ch
To: empfaenger@dvbern.ch
Subject: kiBon  – L'offre Ecole à journée continue a été activée
Content-Type: text/html;charset=utf-8

<html>
<head>
<style type="text/css">
        body {
            font-family: "Open Sans", Arial, Helvetica, sans-serif;
        }
      .kursInfoHeader {background-color: #bce1ff; font-weight: bold;}
      .signature { font-size: 90%;}
    </style>
    <link href="https://fonts.googleapis.com/css?family=Open+Sans" rel="stylesheet">
	<meta http-equiv="Content-Type" content="text/html; charset=utf-8"/>
	<meta name="viewport" content="width=device-width, initial-scale=1.0"/>
	<title>kiBon  – L'offre Ecole à journée continue a été activée</title>

</head>

<body>

<div>
	<p>L'offre Ecole à journée continue a été activée pour la commune London.</p>
	<p>Veuillez compléter le profile pour Ecole à journée continue <a href="https://dv.kibon.example.com/gemeinde/edit/<ID-1>/0">ici</a>.</p>
</div>

</body>

</html>

]


InfoGemeindeAngebotAktiviert[LUZERN_DEUTSCH]=[
From: kibon@dvbern.ch
To: empfaenger@dvbern.ch
Subject: kiBon  – Angebot Tagesschule wurde aktiviert
Content-Type: text/html;charset=utf-8

<html>
<head>
<style type="text/css">
        body {
            font-family: "Open Sans", Arial, Helvetica, sans-serif;
        }
      .kursInfoHeader {background-color: #bce1ff; font-weight: bold;}
      .signature { font-size: 90%;}
    </style>
    <link href="https://fonts.googleapis.com/css?family=Open+Sans" rel="stylesheet">
	<meta http-equiv="Content-Type" content="text/html; charset=utf-8"/>
	<meta name="viewport" content="width=device-width, initial-scale=1.0"/>
	<title>kiBon  – Angebot Tagesschule wurde aktiviert</title>

</head>

<body>

<div>
	<p>Das Angebot Tagesschule wurde für die Gemeinde London aktiviert.</p>
	<p>Vervollständigen Sie das Profil für Tagesschule <a href="https://lu.kibon.example.com/gemeinde/edit/<ID-1>/0">hier</a>.</p>
</div>

</body>

</html>

]


InfoGemeindeAngebotAktiviert[SCHWYZ_DEUTSCH]=[
From: kibon@dvbern.ch
To: empfaenger@dvbern.ch
Subject: kiBon  – Angebot Tagesschule wurde aktiviert
Content-Type: text/html;charset=utf-8

<html>
<head>
<style type="text/css">
        body {
            font-family: "Open Sans", Arial, Helvetica, sans-serif;
        }
      .kursInfoHeader {background-color: #bce1ff; font-weight: bold;}
      .signature { font-size: 90%;}
    </style>
    <link href="https://fonts.googleapis.com/css?family=Open+Sans" rel="stylesheet">
	<meta http-equiv="Content-Type" content="text/html; charset=utf-8"/>
	<meta name="viewport" content="width=device-width, initial-scale=1.0"/>
	<title>kiBon  – Angebot Tagesschule wurde aktiviert</title>

</head>

<body>

<div>
	<p>Das Angebot Tagesschule wurde für die Gemeinde London aktiviert.</p>
	<p>Vervollständigen Sie das Profil für Tagesschule <a href="https://sz.kibon.example.com/gemeinde/edit/<ID-1>/0">hier</a>.</p>
</div>

</body>

</html>

]


InfoGemeindeAngebotAktiviert[SOLOTHURN_DEUTSCH]=[
From: kibon@dvbern.ch
To: empfaenger@dvbern.ch
Subject: kiBon  – Angebot Tagesschule wurde aktiviert
Content-Type: text/html;charset=utf-8

<html>
<head>
<style type="text/css">
        body {
            font-family: "Open Sans", Arial, Helvetica, sans-serif;
        }
      .kursInfoHeader {background-color: #bce1ff; font-weight: bold;}
      .signature { font-size: 90%;}
    </style>
    <link href="https://fonts.googleapis.com/css?family=Open+Sans" rel="stylesheet">
	<meta http-equiv="Content-Type" content="text/html; charset=utf-8"/>
	<meta name="viewport" content="width=device-width, initial-scale=1.0"/>
	<title>kiBon  – Angebot Tagesschule wurde aktiviert</title>

</head>

<body>

<div>
	<p>Das Angebot Tagesschule wurde für die Gemeinde London aktiviert.</p>
	<p>Vervollständigen Sie das Profil für Tagesschule <a href="https://so.kibon.example.com/gemeinde/edit/<ID-1>/0">hier</a>.</p>
</div>

</body>

</html>

]


InfoGemeindeAngebotAktiviert[ZUG_DEUTSCH]=[
From: kibon@dvbern.ch
To: empfaenger@dvbern.ch
Subject: kiBon  – Angebot Tagesschule wurde aktiviert
Content-Type: text/html;charset=utf-8

<html>
<head>
<style type="text/css">
        body {
            font-family: "Open Sans", Arial, Helvetica, sans-serif;
        }
      .kursInfoHeader {background-color: #bce1ff; font-weight: bold;}
      .signature { font-size: 90%;}
    </style>
    <link href="https://fonts.googleapis.com/css?family=Open+Sans" rel="stylesheet">
	<meta http-equiv="Content-Type" content="text/html; charset=utf-8"/>
	<meta name="viewport" content="width=device-width, initial-scale=1.0"/>
	<title>kiBon  – Angebot Tagesschule wurde aktiviert</title>

</head>

<body>

<div>
	<p>Das Angebot Tagesschule wurde für die Gemeinde London aktiviert.</p>
	<p>Vervollständigen Sie das Profil für Tagesschule <a href="https://zg.kibon.example.com/gemeinde/edit/<ID-1>/0">hier</a>.</p>
</div>

</body>

</html>

]


InfoGemeindeInstitutionAuszahlungsdatenChanged[APPENZELL_AUSSERRHODEN_DEUTSCH]=[
From: kibon@dvbern.ch
To: empfaenger@dvbern.ch
Subject: kiBon  – Institution hat Zahlungsangaben angepasst
Content-Type: text/html;charset=utf-8

<html>
<head>
<style type="text/css">
        body {
            font-family: "Open Sans", Arial, Helvetica, sans-serif;
        }
      .kursInfoHeader {background-color: #bce1ff; font-weight: bold;}
      .signature { font-size: 90%;}
    </style>
    <link href="https://fonts.googleapis.com/css?family=Open+Sans" rel="stylesheet">
	<meta http-equiv="Content-Type" content="text/html; charset=utf-8"/>
	<meta name="viewport" content="width=device-width, initial-scale=1.0"/>
	<title>kiBon  – Institution hat Zahlungsangaben angepasst </title>

</head>

<body>

<div>
	<p>
		Guten Tag,
	</p>
	<p>
		Die Institution Testinstitution hat ihre Zahlungsangaben (IBAN-Nummer und/oder Kontoinhaber/in) angepasst.
        Bitte überprüfen Sie und passen Sie gegebenenfalls die Infoma Kreditorennummer und den Infoma Bankcode der Institution in den Stammdaten Ihrer Gemeinde an.
    </p>
	<p>
        Freundliche Grüsse<br/>
        kiBon-Team
	</p>
    <p>
        Dies ist eine automatisch versendete E-Mail. Bitte antworten Sie nicht auf diese Nachricht.
    </p>
</div>

</body>

</html>

]


InfoGemeindeInstitutionAuszahlungsdatenChanged[BERN_DEUTSCH]=[
From: kibon@dvbern.ch
To: empfaenger@dvbern.ch
Subject: kiBon  – Institution hat Zahlungsangaben angepasst
Content-Type: text/html;charset=utf-8

<html>
<head>
<style type="text/css">
        body {
            font-family: "Open Sans", Arial, Helvetica, sans-serif;
        }
      .kursInfoHeader {background-color: #bce1ff; font-weight: bold;}
      .signature { font-size: 90%;}
    </style>
    <link href="https://fonts.googleapis.com/css?family=Open+Sans" rel="stylesheet">
	<meta http-equiv="Content-Type" content="text/html; charset=utf-8"/>
	<meta name="viewport" content="width=device-width, initial-scale=1.0"/>
	<title>kiBon  – Institution hat Zahlungsangaben angepasst </title>

</head>

<body>

<div>
	<p>
		Guten Tag,
	</p>
	<p>
		Die Institution Testinstitution hat ihre Zahlungsangaben (IBAN-Nummer und/oder Kontoinhaber/in) angepasst.
        Bitte überprüfen Sie und passen Sie gegebenenfalls die Infoma Kreditorennummer und den Infoma Bankcode der Institution in den Stammdaten Ihrer Gemeinde an.
    </p>
	<p>
        Freundliche Grüsse<br/>
        kiBon-Team
	</p>
    <p>
        Dies ist eine automatisch versendete E-Mail. Bitte antworten Sie nicht auf diese Nachricht.
    </p>
</div>

</body>

</html>

]


InfoGemeindeInstitutionAuszahlungsdatenChanged[DVB_DEUTSCH]=[
From: kibon@dvbern.ch
To: empfaenger@dvbern.ch
Subject: kiBon  – Institution hat Zahlungsangaben angepasst
Content-Type: text/html;charset=utf-8

<html>
<head>
<style type="text/css">
        body {
            font-family: "Open Sans", Arial, Helvetica, sans-serif;
        }
      .kursInfoHeader {background-color: #bce1ff; font-weight: bold;}
      .signature { font-size: 90%;}
    </style>
    <link href="https://fonts.googleapis.com/css?family=Open+Sans" rel="stylesheet">
	<meta http-equiv="Content-Type" content="text/html; charset=utf-8"/>
	<meta name="viewport" content="width=device-width, initial-scale=1.0"/>
	<title>kiBon  – Institution hat Zahlungsangaben angepasst </title>

</head>

<body>

<div>
	<p>
		Guten Tag,
	</p>
	<p>
		Die Institution Testinstitution hat ihre Zahlungsangaben (IBAN-Nummer und/oder Kontoinhaber/in) angepasst.
        Bitte überprüfen Sie und passen Sie gegebenenfalls die Infoma Kreditorennummer und den Infoma Bankcode der Institution in den Stammdaten Ihrer Gemeinde an.
    </p>
	<p>
        Freundliche Grüsse<br/>
        kiBon-Team
	</p>
    <p>
        Dies ist eine automatisch versendete E-Mail. Bitte antworten Sie nicht auf diese Nachricht.
    </p>
</div>

</body>

</html>

]


InfoGemeindeInstitutionAuszahlungsdatenChanged[LUZERN_DEUTSCH]=[
From: kibon@dvbern.ch
To: empfaenger@dvbern.ch
Subject: kiBon  – Institution hat Zahlungsangaben angepasst
Content-Type: text/html;charset=utf-8

<html>
<head>
<style type="text/css">
        body {
            font-family: "Open Sans", Arial, Helvetica, sans-serif;
        }
      .kursInfoHeader {background-color: #bce1ff; font-weight: bold;}
      .signature { font-size: 90%;}
    </style>
    <link href="https://fonts.googleapis.com/css?family=Open+Sans" rel="stylesheet">
	<meta http-equiv="Content-Type" content="text/html; charset=utf-8"/>
	<meta name="viewport" content="width=device-width, initial-scale=1.0"/>
	<title>kiBon  – Institution hat Zahlungsangaben angepasst </title>

</head>

<body>

<div>
	<p>
		Guten Tag,
	</p>
	<p>
		Die Institution Testinstitution hat ihre Zahlungsangaben (IBAN-Nummer und/oder Kontoinhaber/in) angepasst.
        Bitte überprüfen Sie und passen Sie gegebenenfalls die Infoma Kreditorennummer und den Infoma Bankcode der Institution in den Stammdaten Ihrer Gemeinde an.
    </p>
	<p>
        Freundliche Grüsse<br/>
        kiBon-Team
	</p>
    <p>
        Dies ist eine automatisch versendete E-Mail. Bitte antworten Sie nicht auf diese Nachricht.
    </p>
</div>

</body>

</html>

]


InfoGemeindeInstitutionAuszahlungsdatenChanged[SCHWYZ_DEUTSCH]=[
From: kibon@dvbern.ch
To: empfaenger@dvbern.ch
Subject: kiBon  – Institution hat Zahlungsangaben angepasst
Content-Type: text/html;charset=utf-8

<html>
<head>
<style type="text/css">
        body {
            font-family: "Open Sans", Arial, Helvetica, sans-serif;
        }
      .kursInfoHeader {background-color: #bce1ff; font-weight: bold;}
      .signature { font-size: 90%;}
    </style>
    <link href="https://fonts.googleapis.com/css?family=Open+Sans" rel="stylesheet">
	<meta http-equiv="Content-Type" content="text/html; charset=utf-8"/>
	<meta name="viewport" content="width=device-width, initial-scale=1.0"/>
	<title>kiBon  – Institution hat Zahlungsangaben angepasst </title>

</head>

<body>

<div>
	<p>
		Guten Tag,
	</p>
	<p>
		Die Institution Testinstitution hat ihre Zahlungsangaben (IBAN-Nummer und/oder Kontoinhaber/in) angepasst.
        Bitte überprüfen Sie und passen Sie gegebenenfalls die Infoma Kreditorennummer und den Infoma Bankcode der Institution in den Stammdaten Ihrer Gemeinde an.
    </p>
	<p>
        Freundliche Grüsse<br/>
        kiBon-Team
	</p>
    <p>
        Dies ist eine automatisch versendete E-Mail. Bitte antworten Sie nicht auf diese Nachricht.
    </p>
</div>

</body>

</html>

]


InfoGemeindeInstitutionAuszahlungsdatenChanged[SOLOTHURN_DEUTSCH]=[
From: kibon@dvbern.ch
To: empfaenger@dvbern.ch
Subject: kiBon  – Institution hat Zahlungsangaben angepasst
Content-Type: text/html;charset=utf-8

<html>
<head>
<style type="text/css">
        body {
            font-family: "Open Sans", Arial, Helvetica, sans-serif;
        }
      .kursInfoHeader {background-color: #bce1ff; font-weight: bold;}
      .signature { font-size: 90%;}
    </style>
    <link href="https://fonts.googleapis.com/css?family=Open+Sans" rel="stylesheet">
	<meta http-equiv="Content-Type" content="text/html; charset=utf-8"/>
	<meta name="viewport" content="width=device-width, initial-scale=1.0"/>
	<title>kiBon  – Institution hat Zahlungsangaben angepasst </title>

</head>

<body>

<div>
	<p>
		Guten Tag,
	</p>
	<p>
		Die Institution Testinstitution hat ihre Zahlungsangaben (IBAN-Nummer und/oder Kontoinhaber/in) angepasst.
        Bitte überprüfen Sie und passen Sie gegebenenfalls die Infoma Kreditorennummer und den Infoma Bankcode der Institution in den Stammdaten Ihrer Gemeinde an.
    </p>
	<p>
        Freundliche Grüsse<br/>
        kiBon-Team
	</p>
    <p>
        Dies ist eine automatisch versendete E-Mail. Bitte antworten Sie nicht auf diese Nachricht.
    </p>
</div>

</body>

</html>

]


InfoGemeindeInstitutionAuszahlungsdatenChanged[ZUG_DEUTSCH]=[
From: kibon@dvbern.ch
To: empfaenger@dvbern.ch
Subject: kiBon  – Institution hat Zahlungsangaben angepasst
Content-Type: text/html;charset=utf-8

<html>
<head>
<style type="text/css">
        body {
            font-family: "Open Sans", Arial, Helvetica, sans-serif;
        }
      .kursInfoHeader {background-color: #bce1ff; font-weight: bold;}
      .signature { font-size: 90%;}
    </style>
    <link href="https://fonts.googleapis.com/css?family=Open+Sans" rel="stylesheet">
	<meta http-equiv="Content-Type" content="text/html; charset=utf-8"/>
	<meta name="viewport" content="width=device-width, initial-scale=1.0"/>
	<title>kiBon  – Institution hat Zahlungsangaben angepasst </title>

</head>

<body>

<div>
	<p>
		Guten Tag,
	</p>
	<p>
		Die Institution Testinstitution hat ihre Zahlungsangaben (IBAN-Nummer und/oder Kontoinhaber/in) angepasst.
        Bitte überprüfen Sie und passen Sie gegebenenfalls die Infoma Kreditorennummer und den Infoma Bankcode der Institution in den Stammdaten Ihrer Gemeinde an.
    </p>
	<p>
        Freundliche Grüsse<br/>
        kiBon-Team
	</p>
    <p>
        Dies ist eine automatisch versendete E-Mail. Bitte antworten Sie nicht auf diese Nachricht.
    </p>
</div>

</body>

</html>

]


InfoGemeindeLastenausgleichDurch[APPENZELL_AUSSERRHODEN_DEUTSCH]=[
From: kibon@dvbern.ch
To: empfaenger@dvbern.ch
Subject: kiBon  - Lastenausgleich verbucht
Content-Type: text/html;charset=utf-8

<html>
<head>
    <style type="text/css">
        body {
            font-family: "Open Sans", Arial, Helvetica, sans-serif;
        }
      .kursInfoHeader {background-color: #bce1ff; font-weight: bold;}
      .signature { font-size: 90%;}
    </style>
    <link href="https://fonts.googleapis.com/css?family=Open+Sans" rel="stylesheet">
	<meta http-equiv="Content-Type" content="text/html; charset=utf-8"/>
	<meta name="viewport" content="width=device-width, initial-scale=1.0"/>
	<title>Lastenausgleich 2025 verbucht</title>

</head>

<body>

<div>
	<p>
		Guten Tag
	</p>
	<p>
		Der Lastenausgleich des Jahres 2025 wurde verbucht. Die Berechnungsresultate sind <a href="https://ar.kibon.example.com/lastenausgleich">hier</a> ersichtlich
	</p>
	<p>
		Freundliche Grüsse<br/>
		Ihr Kanton Bern
	</p>
	<p>
		Dies ist eine automatisch versendete E-Mail. Bitte antworten Sie nicht auf diese Nachricht.
	</p>
</div>

</body>

</html>

]


InfoGemeindeLastenausgleichDurch[BERN_DEUTSCH]=[
From: kibon@dvbern.ch
To: empfaenger@dvbern.ch
Subject: kiBon  - Lastenausgleich verbucht
Content-Type: text/html;charset=utf-8

<html>
<head>
    <style type="text/css">
        body {
            font-family: "Open Sans", Arial, Helvetica, sans-serif;
        }
      .kursInfoHeader {background-color: #bce1ff; font-weight: bold;}
      .signature { font-size: 90%;}
    </style>
    <link href="https://fonts.googleapis.com/css?family=Open+Sans" rel="stylesheet">
	<meta http-equiv="Content-Type" content="text/html; charset=utf-8"/>
	<meta name="viewport" content="width=device-width, initial-scale=1.0"/>
	<title>Lastenausgleich 2025 verbucht</title>

</head>

<body>

<div>
	<p>
		Guten Tag
	</p>
	<p>
		Der Lastenausgleich des Jahres 2025 wurde verbucht. Die Berechnungsresultate sind <a href="https://be.kibon.example.com/lastenausgleich">hier</a> ersichtlich
	</p>
	<p>
		Freundliche Grüsse<br/>
		Ihr Kanton Bern
	</p>
	<p>
		Dies ist eine automatisch versendete E-Mail. Bitte antworten Sie nicht auf diese Nachricht.
	</p>
</div>

</body>

</html>

]


InfoGemeindeLastenausgleichDurch[BERN_FRANZOESISCH]=[
From: kibon@dvbern.ch
To: empfaenger@dvbern.ch
Subject: kiBon  - compensation des charges comptabilisée
Content-Type: text/html;charset=utf-8

<html>
<head>
    <style type="text/css">
        body {
            font-family: "Open Sans", Arial, Helvetica, sans-serif;
        }
      .kursInfoHeader {background-color: #bce1ff; font-weight: bold;}
      .signature { font-size: 90%;}
    </style>
    <link href="https://fonts.googleapis.com/css?family=Open+Sans" rel="stylesheet">
	<meta http-equiv="Content-Type" content="text/html; charset=utf-8"/>
	<meta name="viewport" content="width=device-width, initial-scale=1.0"/>
	<title>compensation des charges pour l'année 2025 comptabilisée</title>

</head>

<body>

<div>
	<p>
		Bonjour,
	</p>
	<p>
		La compensation des charges pour l'année 2025 a été comptabilisée. Les résultats sont disponibles <a href="https://be.kibon.example.com/lastenausgleich">ici</a>
	</p>
	<p>
		Nous vous présentons nos meilleures salutations.<br/>
		Votre canton
	</p>
	<p>
		Merci de ne pas répondre à ce message automatique.
	</p>
</div>

</body>

</html>

]


InfoGemeindeLastenausgleichDurch[DVB_DEUTSCH]=[
From: kibon@dvbern.ch
To: empfaenger@dvbern.ch
Subject: kiBon  - Lastenausgleich verbucht
Content-Type: text/html;charset=utf-8

<html>
<head>
    <style type="text/css">
        body {
            font-family: "Open Sans", Arial, Helvetica, sans-serif;
        }
      .kursInfoHeader {background-color: #bce1ff; font-weight: bold;}
      .signature { font-size: 90%;}
    </style>
    <link href="https://fonts.googleapis.com/css?family=Open+Sans" rel="stylesheet">
	<meta http-equiv="Content-Type" content="text/html; charset=utf-8"/>
	<meta name="viewport" content="width=device-width, initial-scale=1.0"/>
	<title>Lastenausgleich 2025 verbucht</title>

</head>

<body>

<div>
	<p>
		Guten Tag
	</p>
	<p>
		Der Lastenausgleich des Jahres 2025 wurde verbucht. Die Berechnungsresultate sind <a href="https://dv.kibon.example.com/lastenausgleich">hier</a> ersichtlich
	</p>
	<p>
		Freundliche Grüsse<br/>
		Ihr Kanton Bern
	</p>
	<p>
		Dies ist eine automatisch versendete E-Mail. Bitte antworten Sie nicht auf diese Nachricht.
	</p>
</div>

</body>

</html>

]


InfoGemeindeLastenausgleichDurch[DVB_FRANZOESISCH]=[
From: kibon@dvbern.ch
To: empfaenger@dvbern.ch
Subject: kiBon  - compensation des charges comptabilisée
Content-Type: text/html;charset=utf-8

<html>
<head>
    <style type="text/css">
        body {
            font-family: "Open Sans", Arial, Helvetica, sans-serif;
        }
      .kursInfoHeader {background-color: #bce1ff; font-weight: bold;}
      .signature { font-size: 90%;}
    </style>
    <link href="https://fonts.googleapis.com/css?family=Open+Sans" rel="stylesheet">
	<meta http-equiv="Content-Type" content="text/html; charset=utf-8"/>
	<meta name="viewport" content="width=device-width, initial-scale=1.0"/>
	<title>compensation des charges pour l'année 2025 comptabilisée</title>

</head>

<body>

<div>
	<p>
		Bonjour,
	</p>
	<p>
		La compensation des charges pour l'année 2025 a été comptabilisée. Les résultats sont disponibles <a href="https://dv.kibon.example.com/lastenausgleich">ici</a>
	</p>
	<p>
		Nous vous présentons nos meilleures salutations.<br/>
		Votre canton
	</p>
	<p>
		Merci de ne pas répondre à ce message automatique.
	</p>
</div>

</body>

</html>

]


InfoGemeindeLastenausgleichDurch[LUZERN_DEUTSCH]=[
From: kibon@dvbern.ch
To: empfaenger@dvbern.ch
Subject: kiBon  - Lastenausgleich verbucht
Content-Type: text/html;charset=utf-8

<html>
<head>
    <style type="text/css">
        body {
            font-family: "Open Sans", Arial, Helvetica, sans-serif;
        }
      .kursInfoHeader {background-color: #bce1ff; font-weight: bold;}
      .signature { font-size: 90%;}
    </style>
    <link href="https://fonts.googleapis.com/css?family=Open+Sans" rel="stylesheet">
	<meta http-equiv="Content-Type" content="text/html; charset=utf-8"/>
	<meta name="viewport" content="width=device-width, initial-scale=1.0"/>
	<title>Lastenausgleich 2025 verbucht</title>

</head>

<body>

<div>
	<p>
		Guten Tag
	</p>
	<p>
		Der Lastenausgleich des Jahres 2025 wurde verbucht. Die Berechnungsresultate sind <a href="https://lu.kibon.example.com/lastenausgleich">hier</a> ersichtlich
	</p>
	<p>
		Freundliche Grüsse<br/>
		Ihr Kanton Bern
	</p>
	<p>
		Dies ist eine automatisch versendete E-Mail. Bitte antworten Sie nicht auf diese Nachricht.
	</p>
</div>

</body>

</html>

]


InfoGemeindeLastenausgleichDurch[SCHWYZ_DEUTSCH]=[
From: kibon@dvbern.ch
To: empfaenger@dvbern.ch
Subject: kiBon  - Lastenausgleich verbucht
Content-Type: text/html;charset=utf-8

<html>
<head>
    <style type="text/css">
        body {
            font-family: "Open Sans", Arial, Helvetica, sans-serif;
        }
      .kursInfoHeader {background-color: #bce1ff; font-weight: bold;}
      .signature { font-size: 90%;}
    </style>
    <link href="https://fonts.googleapis.com/css?family=Open+Sans" rel="stylesheet">
	<meta http-equiv="Content-Type" content="text/html; charset=utf-8"/>
	<meta name="viewport" content="width=device-width, initial-scale=1.0"/>
	<title>Lastenausgleich 2025 verbucht</title>

</head>

<body>

<div>
	<p>
		Guten Tag
	</p>
	<p>
		Der Lastenausgleich des Jahres 2025 wurde verbucht. Die Berechnungsresultate sind <a href="https://sz.kibon.example.com/lastenausgleich">hier</a> ersichtlich
	</p>
	<p>
		Freundliche Grüsse<br/>
		Ihr Kanton Bern
	</p>
	<p>
		Dies ist eine automatisch versendete E-Mail. Bitte antworten Sie nicht auf diese Nachricht.
	</p>
</div>

</body>

</html>

]


InfoGemeindeLastenausgleichDurch[SOLOTHURN_DEUTSCH]=[
From: kibon@dvbern.ch
To: empfaenger@dvbern.ch
Subject: kiBon  - Lastenausgleich verbucht
Content-Type: text/html;charset=utf-8

<html>
<head>
    <style type="text/css">
        body {
            font-family: "Open Sans", Arial, Helvetica, sans-serif;
        }
      .kursInfoHeader {background-color: #bce1ff; font-weight: bold;}
      .signature { font-size: 90%;}
    </style>
    <link href="https://fonts.googleapis.com/css?family=Open+Sans" rel="stylesheet">
	<meta http-equiv="Content-Type" content="text/html; charset=utf-8"/>
	<meta name="viewport" content="width=device-width, initial-scale=1.0"/>
	<title>Lastenausgleich 2025 verbucht</title>

</head>

<body>

<div>
	<p>
		Guten Tag
	</p>
	<p>
		Der Lastenausgleich des Jahres 2025 wurde verbucht. Die Berechnungsresultate sind <a href="https://so.kibon.example.com/lastenausgleich">hier</a> ersichtlich
	</p>
	<p>
		Freundliche Grüsse<br/>
		Ihr Kanton Bern
	</p>
	<p>
		Dies ist eine automatisch versendete E-Mail. Bitte antworten Sie nicht auf diese Nachricht.
	</p>
</div>

</body>

</html>

]


InfoGemeindeLastenausgleichDurch[ZUG_DEUTSCH]=[
From: kibon@dvbern.ch
To: empfaenger@dvbern.ch
Subject: kiBon  - Lastenausgleich verbucht
Content-Type: text/html;charset=utf-8

<html>
<head>
    <style type="text/css">
        body {
            font-family: "Open Sans", Arial, Helvetica, sans-serif;
        }
      .kursInfoHeader {background-color: #bce1ff; font-weight: bold;}
      .signature { font-size: 90%;}
    </style>
    <link href="https://fonts.googleapis.com/css?family=Open+Sans" rel="stylesheet">
	<meta http-equiv="Content-Type" content="text/html; charset=utf-8"/>
	<meta name="viewport" content="width=device-width, initial-scale=1.0"/>
	<title>Lastenausgleich 2025 verbucht</title>

</head>

<body>

<div>
	<p>
		Guten Tag
	</p>
	<p>
		Der Lastenausgleich des Jahres 2025 wurde verbucht. Die Berechnungsresultate sind <a href="https://zg.kibon.example.com/lastenausgleich">hier</a> ersichtlich
	</p>
	<p>
		Freundliche Grüsse<br/>
		Ihr Kanton Bern
	</p>
	<p>
		Dies ist eine automatisch versendete E-Mail. Bitte antworten Sie nicht auf diese Nachricht.
	</p>
</div>

</body>

</html>

]


InfoGemeindeLastenausgleichZurueckAnGemeinde[APPENZELL_AUSSERRHODEN_DEUTSCH]=[
From: kibon@dvbern.ch
To: empfaenger@dvbern.ch
Subject: kiBon - Lastenausgleich Tagesschule
Content-Type: text/html;charset=utf-8

<html>
<head>
    <style type="text/css">
        body {
            font-family: "Open Sans", Arial, Helvetica, sans-serif;
        }
      .kursInfoHeader {background-color: #bce1ff; font-weight: bold;}
      .signature { font-size: 90%;}
    </style>
    <link href="https://fonts.googleapis.com/css?family=Open+Sans" rel="stylesheet">
	<meta http-equiv="Content-Type" content="text/html; charset=utf-8"/>
	<meta name="viewport" content="width=device-width, initial-scale=1.0"/>
	<title>kiBon - Lastenausgleich Tagesschule</title>

</head>

<body>

<div>
	<p>
		Guten Tag
	</p>
	<p>
		Wir möchten Sie darüber informieren, dass der Kanton Ihr Formular zum Lastenausgleich Tagesschulen zur erneuten Bearbeitung zurückgegeben hat.
		Sie können es <a href="https://ar.kibon.example.com/lastenausgleich-ts/<ID-1>/angaben-gemeinde">hier</a> ansehen.
	</p>
	<p>
		Freundliche Grüsse<br/>
		kiBon-Team
	</p>
	<p>
		Dies ist eine automatisch versendete E-Mail. Bitte antworten Sie nicht auf diese Nachricht.
	</p>
</div>

</body>

</html>

]


InfoGemeindeLastenausgleichZurueckAnGemeinde[BERN_DEUTSCH]=[
From: kibon@dvbern.ch
To: empfaenger@dvbern.ch
Subject: kiBon - Lastenausgleich Tagesschule
Content-Type: text/html;charset=utf-8

<html>
<head>
    <style type="text/css">
        body {
            font-family: "Open Sans", Arial, Helvetica, sans-serif;
        }
      .kursInfoHeader {background-color: #bce1ff; font-weight: bold;}
      .signature { font-size: 90%;}
    </style>
    <link href="https://fonts.googleapis.com/css?family=Open+Sans" rel="stylesheet">
	<meta http-equiv="Content-Type" content="text/html; charset=utf-8"/>
	<meta name="viewport" content="width=device-width, initial-scale=1.0"/>
	<title>kiBon - Lastenausgleich Tagesschule</title>

</head>

<body>

<div>
	<p>
		Guten Tag
	</p>
	<p>
		Wir möchten Sie darüber informieren, dass der Kanton Ihr Formular zum Lastenausgleich Tagesschulen zur erneuten Bearbeitung zurückgegeben hat.
		Sie können es <a href="https://be.kibon.example.com/lastenausgleich-ts/<ID-1>/angaben-gemeinde">hier</a> ansehen.
	</p>
	<p>
		Freundliche Grüsse<br/>
		kiBon-Team
	</p>
	<p>
		Dies ist eine automatisch versendete E-Mail. Bitte antworten Sie nicht auf diese Nachricht.
	</p>
</div>

</body>

</html>

]


InfoGemeindeLastenausgleichZurueckAnGemeinde[BERN_FRANZOESISCH]=[
From: kibon@dvbern.ch
To: empfaenger@dvbern.ch
Subject: kiBon - Compensation des charges pour les écoles à journée continue
Content-Type: text/html;charset=utf-8

<html>
<head>
    <style type="text/css">
        body {
            font-family: "Open Sans", Arial, Helvetica, sans-serif;
        }
      .kursInfoHeader {background-color: #bce1ff; font-weight: bold;}
      .signature { font-size: 90%;}
    </style>
    <link href="https://fonts.googleapis.com/css?family=Open+Sans" rel="stylesheet">
	<meta http-equiv="Content-Type" content="text/html; charset=utf-8"/>
	<meta name="viewport" content="width=device-width, initial-scale=1.0"/>
	<title>kiBon - Compensation des charges pour les écoles à journée continue</title>

</head>

<body>

<div>
	<p>
		Bonjour,
	</p>
	<p>
		Nous vous informons que le canton vous a renvoyé votre formulaire pour la compensation des charges pour les écoles à journée continue pour le traiter à nouveau.
		Vous pouvez le consulter <a href="https://be.kibon.example.com/lastenausgleich-ts/<ID-1>/angaben-gemeinde">ici</a>.
	</p>
	<p>
		Nous vous présentons nos meilleures salutations.<br/>
		kiBon-Team
	</p>
	<p>
		Merci de ne pas répondre à ce message automatique.
	</p>
</div>

</body>

</html>

]


InfoGemeindeLastenausgleichZurueckAnGemeinde[DVB_DEUTSCH]=[
From: kibon@dvbern.ch
To: empfaenger@dvbern.ch
Subject: kiBon - Lastenausgleich Tagesschule
Content-Type: text/html;charset=utf-8

<html>
<head>
    <style type="text/css">
        body {
            font-family: "Open Sans", Arial, Helvetica, sans-serif;
        }
      .kursInfoHeader {background-color: #bce1ff; font-weight: bold;}
      .signature { font-size: 90%;}
    </style>
    <link href="https://fonts.googleapis.com/css?family=Open+Sans" rel="stylesheet">
	<meta http-equiv="Content-Type" content="text/html; charset=utf-8"/>
	<meta name="viewport" content="width=device-width, initial-scale=1.0"/>
	<title>kiBon - Lastenausgleich Tagesschule</title>

</head>

<body>

<div>
	<p>
		Guten Tag
	</p>
	<p>
		Wir möchten Sie darüber informieren, dass der Kanton Ihr Formular zum Lastenausgleich Tagesschulen zur erneuten Bearbeitung zurückgegeben hat.
		Sie können es <a href="https://dv.kibon.example.com/lastenausgleich-ts/<ID-1>/angaben-gemeinde">hier</a> ansehen.
	</p>
	<p>
		Freundliche Grüsse<br/>
		kiBon-Team
	</p>
	<p>
		Dies ist eine automatisch versendete E-Mail. Bitte antworten Sie nicht auf diese Nachricht.
	</p>
</div>

</body>

</html>

]


InfoGemeindeLastenausgleichZurueckAnGemeinde[DVB_FRANZOESISCH]=[
From: kibon@dvbern.ch
To: empfaenger@dvbern.ch
Subject: kiBon - Compensation des charges pour les écoles à journée continue
Content-Type: text/html;charset=utf-8

<html>
<head>
    <style type="text/css">
        body {
            font-family: "Open Sans", Arial, Helvetica, sans-serif;
        }
      .kursInfoHeader {background-color: #bce1ff; font-weight: bold;}
      .signature { font-size: 90%;}
    </style>
    <link href="https://fonts.googleapis.com/css?family=Open+Sans" rel="stylesheet">
	<meta http-equiv="Content-Type" content="text/html; charset=utf-8"/>
	<meta name="viewport" content="width=device-width, initial-scale=1.0"/>
	<title>kiBon - Compensation des charges pour les écoles à journée continue</title>

</head>

<body>

<div>
	<p>
		Bonjour,
	</p>
	<p>
		Nous vous informons que le canton vous a renvoyé votre formulaire pour la compensation des charges pour les écoles à journée continue pour le traiter à nouveau.
		Vous pouvez le consulter <a href="https://dv.kibon.example.com/lastenausgleich-ts/<ID-1>/angaben-gemeinde">ici</a>.
	</p>
	<p>
		Nous vous présentons nos meilleures salutations.<br/>
		kiBon-Team
	</p>
	<p>
		Merci de ne pas répondre à ce message automatique.
	</p>
</div>

</body>

</html>

]


InfoGemeindeLastenausgleichZurueckAnGemeinde[LUZERN_DEUTSCH]=[
From: kibon@dvbern.ch
To: empfaenger@dvbern.ch
Subject: kiBon - Lastenausgleich Tagesschule
Content-Type: text/html;charset=utf-8

<html>
<head>
    <style type="text/css">
        body {
            font-family: "Open Sans", Arial, Helvetica, sans-serif;
        }
      .kursInfoHeader {background-color: #bce1ff; font-weight: bold;}
      .signature { font-size: 90%;}
    </style>
    <link href="https://fonts.googleapis.com/css?family=Open+Sans" rel="stylesheet">
	<meta http-equiv="Content-Type" content="text/html; charset=utf-8"/>
	<meta name="viewport" content="width=device-width, initial-scale=1.0"/>
	<title>kiBon - Lastenausgleich Tagesschule</title>

</head>

<body>

<div>
	<p>
		Guten Tag
	</p>
	<p>
		Wir möchten Sie darüber informieren, dass der Kanton Ihr Formular zum Lastenausgleich Tagesschulen zur erneuten Bearbeitung zurückgegeben hat.
		Sie können es <a href="https://lu.kibon.example.com/lastenausgleich-ts/<ID-1>/angaben-gemeinde">hier</a> ansehen.
	</p>
	<p>
		Freundliche Grüsse<br/>
		kiBon-Team
	</p>
	<p>
		Dies ist eine automatisch versendete E-Mail. Bitte antworten Sie nicht auf diese Nachricht.
	</p>
</div>

</body>

</html>

]


InfoGemeindeLastenausgleichZurueckAnGemeinde[SCHWYZ_DEUTSCH]=[
From: kibon@dvbern.ch
To: empfaenger@dvbern.ch
Subject: kiBon - Lastenausgleich Tagesschule
Content-Type: text/html;charset=utf-8

<html>
<head>
    <style type="text/css">
        body {
            font-family: "Open Sans", Arial, Helvetica, sans-serif;
        }
      .kursInfoHeader {background-color: #bce1ff; font-weight: bold;}
      .signature { font-size: 90%;}
    </style>
    <link href="https://fonts.googleapis.com/css?family=Open+Sans" rel="stylesheet">
	<meta http-equiv="Content-Type" content="text/html; charset=utf-8"/>
	<meta name="viewport" content="width=device-width, initial-scale=1.0"/>
	<title>kiBon - Lastenausgleich Tagesschule</title>

</head>

<body>

<div>
	<p>
		Guten Tag
	</p>
	<p>
		Wir möchten Sie darüber informieren, dass der Kanton Ihr Formular zum Lastenausgleich Tagesschulen zur erneuten Bearbeitung zurückgegeben hat.
		Sie können es <a href="https://sz.kibon.example.com/lastenausgleich-ts/<ID-1>/angaben-gemeinde">hier</a> ansehen.
	</p>
	<p>
		Freundliche Grüsse<br/>
		kiBon-Team
	</p>
	<p>
		Dies ist eine automatisch versendete E-Mail. Bitte antworten Sie nicht auf diese Nachricht.
	</p>
</div>

</body>

</html>

]


InfoGemeindeLastenausgleichZurueckAnGemeinde[SOLOTHURN_DEUTSCH]=[
From: kibon@dvbern.ch
To: empfaenger@dvbern.ch
Subject: kiBon - Lastenausgleich Tagesschule
Content-Type: text/html;charset=utf-8

<html>
<head>
    <style type="text/css">
        body {
            font-family: "Open Sans", Arial, Helvetica, sans-serif;
        }
      .kursInfoHeader {background-color: #bce1ff; font-weight: bold;}
      .signature { font-size: 90%;}
    </style>
    <link href="https://fonts.googleapis.com/css?family=Open+Sans" rel="stylesheet">
	<meta http-equiv="Content-Type" content="text/html; charset=utf-8"/>
	<meta name="viewport" content="width=device-width, initial-scale=1.0"/>
	<title>kiBon - Lastenausgleich Tagesschule</title>

</head>

<body>

<div>
	<p>
		Guten Tag
	</p>
	<p>
		Wir möchten Sie darüber informieren, dass der Kanton Ihr Formular zum Lastenausgleich Tagesschulen zur erneuten Bearbeitung zurückgegeben hat.
		Sie können es <a href="https://so.kibon.example.com/lastenausgleich-ts/<ID-1>/angaben-gemeinde">hier</a> ansehen.
	</p>
	<p>
		Freundliche Grüsse<br/>
		kiBon-Team
	</p>
	<p>
		Dies ist eine automatisch versendete E-Mail. Bitte antworten Sie nicht auf diese Nachricht.
	</p>
</div>

</body>

</html>

]


InfoGemeindeLastenausgleichZurueckAnGemeinde[ZUG_DEUTSCH]=[
From: kibon@dvbern.ch
To: empfaenger@dvbern.ch
Subject: kiBon - Lastenausgleich Tagesschule
Content-Type: text/html;charset=utf-8

<html>
<head>
    <style type="text/css">
        body {
            font-family: "Open Sans", Arial, Helvetica, sans-serif;
        }
      .kursInfoHeader {background-color: #bce1ff; font-weight: bold;}
      .signature { font-size: 90%;}
    </style>
    <link href="https://fonts.googleapis.com/css?family=Open+Sans" rel="stylesheet">
	<meta http-equiv="Content-Type" content="text/html; charset=utf-8"/>
	<meta name="viewport" content="width=device-width, initial-scale=1.0"/>
	<title>kiBon - Lastenausgleich Tagesschule</title>

</head>

<body>

<div>
	<p>
		Guten Tag
	</p>
	<p>
		Wir möchten Sie darüber informieren, dass der Kanton Ihr Formular zum Lastenausgleich Tagesschulen zur erneuten Bearbeitung zurückgegeben hat.
		Sie können es <a href="https://zg.kibon.example.com/lastenausgleich-ts/<ID-1>/angaben-gemeinde">hier</a> ansehen.
	</p>
	<p>
		Freundliche Grüsse<br/>
		kiBon-Team
	</p>
	<p>
		Dies ist eine automatisch versendete E-Mail. Bitte antworten Sie nicht auf diese Nachricht.
	</p>
</div>

</body>

</html>

]


ReminderFirstGemeindeKennzahlen[BERN_DEUTSCH]=[
From: kibon@dvbern.ch
To: empfaenger@dvbern.ch
Subject: kiBon  – : Aktualisierung Formular «Gemeinde-Kennzahlen Betreuungsgutscheine» / mise à jour du formulaire « Bons de garde : indicateurs de la commune » 
Content-Type: text/html;charset=utf-8

<html xmlns="http://www.w3.org/1999/html">
<head>
<style type="text/css">
        body {
            font-family: "Open Sans", Arial, Helvetica, sans-serif;
        }
      .kursInfoHeader {background-color: #bce1ff; font-weight: bold;}
      .signature { font-size: 90%;}
    </style>
    <link href="https://fonts.googleapis.com/css?family=Open+Sans" rel="stylesheet">
	<meta http-equiv="Content-Type" content="text/html; charset=utf-8"/>
	<meta name="viewport" content="width=device-width, initial-scale=1.0"/>
	<title>kiBon  – : Aktualisierung Formular «Gemeinde-Kennzahlen Betreuungsgutscheine» / mise à jour du formulaire « Bons de garde : indicateurs de la commune »</title>

</head>

<body>
<p><b>Français ci-dessous</b></p>
<div>
    <p>Sehr geehrte Damen und Herren</p>

    <p>Einmal im Jahr erhebt das Amt für Integration und Soziales, wie die Gemeinden im Kanton Bern Betreuungsgutscheine ausgeben. Dazu sind alle Gemeinden aufgefordert, Angaben über eine allfällige Begrenzung der Gutscheine in der aktuellen Periode (ab dem 1. August) zu machen. Auch wenn Ihre Gemeinde aktuell keine Kostenlenkungsmassnahmen hat, bitten wir Sie um entsprechende Angaben.</p>

    <p>Bitte füllen Sie in kiBon das Formular «Gemeinde Kennzahlen Betreuungsgutscheine» bis am 15. Oktober aus. Sie finden das Formular unter der Rubrik «Gemeindeanträge» und unter folgendem Link: <a href="https://be.kibon.example.com/gemeinde-antraege">Gemeinde Kennzahlen Betreuungsgutscheine</a></p>

    <p>Die Aktualisierung des Formulars dauert maximal fünf Minuten. Gutscheinausgabestellen füllen für jede Gemeinde ein eigenes Formular aus.</p>

    <p>Gerne steht Ihnen der Fachbereich Betreuungsgutscheine unter <a href="mailto:info.bg@be.ch">info.bg@be.ch</a> und <a href="tel:0316337883">031 633 78 83</a> für Rückfragen und Bemerkungen zur Verfügung.</p>

    <p>Wir danken Ihnen für die Kenntnisnahme und verbleiben mit freundlichen Grüssen.</p>

    <p class="signature"><b>Gesundheits-, Sozial- und Integrationsdirektion des Kantons Bern, </b><br />
    Amt für Integration und Soziales, Abteilung Behinderung, Familie und Opferhilfe (BFO)<br />
    Rathausplatz 1, Postfach, 3000 Bern 8<br />
		031 633 78 83, www.be.ch/gsi</p>

</div>

<hr>

<div>
    <p>Mesdames, Messieurs,

    <p>Une fois par an, l’Office de l’intégration et de l’action sociale (OIAS) recense la manière dont les communes bernoises émettent les bons de garde. À cet effet, toutes les communes sont invitées à fournir des informations sur un éventuel contingentement des bons pendant la période en cours (à compter du 1er août) et ce, même si elles n’appliquent actuellement aucune mesure de limitation des coûts.</p>

    <p>Veuillez remplir dans kiBon le formulaire « Indicateurs de la commune » prévu à cet effet d’ici le 15 octobre, disponible à la rubrique « Décomptes de la commune » et au lien suivant: <a href="https://be.kibon.example.com/gemeinde-antraege">Bons de garde: indicateurs de la commune</a>.</p>

    <p>Il faut compter cinq minutes au maximum pour le mettre à jour. Il convient de compléter un seul formulaire par commune.</p>

    <p>N’hésitez pas à prendre contact avec la section Bons de garde en cas de question (<a href="mailto:info.bg@be.ch">info.bg@be.ch</a> ; <a href="tel:0316337883">031 633 78 83</a>).</p>

    <p>En espérant que ces indications vous seront utiles, nous vous adressons, Mesdames, Messieurs, nos salutations les meilleures.</p>

    <p class="signature"><b>Direction de la santé, des affaires sociales et de l’intégration du canton de Berne</b><br />
    Office de l’intégration et de l’action sociale, division Handicap, famille et aide aux victimes<br />
    Rathausplatz 1, case postale, 3000 Berne 8<br />
		031 633 78 83, www.be.ch/dssi<br /></p>

</div>

</body>

</html>

]


ReminderFirstGemeindeKennzahlen[BERN_FRANZOESISCH]=[
From: kibon@dvbern.ch
To: empfaenger@dvbern.ch
Subject: kiBon  – : Aktualisierung Formular «Gemeinde-Kennzahlen Betreuungsgutscheine» / mise à jour du formulaire « Bons de garde : indicateurs de la commune » 
Content-Type: text/html;charset=utf-8

<html xmlns="http://www.w3.org/1999/html">
<head>
<style type="text/css">
        body {
            font-family: "Open Sans", Arial, Helvetica, sans-serif;
        }
      .kursInfoHeader {background-color: #bce1ff; font-weight: bold;}
      .signature { font-size: 90%;}
    </style>
    <link href="https://fonts.googleapis.com/css?family=Open+Sans" rel="stylesheet">
	<meta http-equiv="Content-Type" content="text/html; charset=utf-8"/>
	<meta name="viewport" content="width=device-width, initial-scale=1.0"/>
	<title>kiBon  – : Aktualisierung Formular «Gemeinde-Kennzahlen Betreuungsgutscheine» / mise à jour du formulaire « Bons de garde : indicateurs de la commune »</title>

</head>

<body>
<p><b>Français ci-dessous</b></p>
<div>
    <p>Sehr geehrte Damen und Herren</p>

    <p>Einmal im Jahr erhebt das Amt für Integration und Soziales, wie die Gemeinden im Kanton Bern Betreuungsgutscheine ausgeben. Dazu sind alle Gemeinden aufgefordert, Angaben über eine allfällige Begrenzung der Gutscheine in der aktuellen Periode (ab dem 1. August) zu machen. Auch wenn Ihre Gemeinde aktuell keine Kostenlenkungsmassnahmen hat, bitten wir Sie um entsprechende Angaben.</p>

    <p>Bitte füllen Sie in kiBon das Formular «Gemeinde Kennzahlen Betreuungsgutscheine» bis am 15. Oktober aus. Sie finden das Formular unter der Rubrik «Gemeindeanträge» und unter folgendem Link: <a href="https://be.kibon.example.com/gemeinde-antraege">Gemeinde Kennzahlen Betreuungsgutscheine</a></p>

    <p>Die Aktualisierung des Formulars dauert maximal fünf Minuten. Gutscheinausgabestellen füllen für jede Gemeinde ein eigenes Formular aus.</p>

    <p>Gerne steht Ihnen der Fachbereich Betreuungsgutscheine unter <a href="mailto:info.bg@be.ch">info.bg@be.ch</a> und <a href="tel:0316337883">031 633 78 83</a> für Rückfragen und Bemerkungen zur Verfügung.</p>

    <p>Wir danken Ihnen für die Kenntnisnahme und verbleiben mit freundlichen Grüssen.</p>

    <p class="signature"><b>Gesundheits-, Sozial- und Integrationsdirektion des Kantons Bern, </b><br />
    Amt für Integration und Soziales, Abteilung Behinderung, Familie und Opferhilfe (BFO)<br />
    Rathausplatz 1, Postfach, 3000 Bern 8<br />
		031 633 78 83, www.be.ch/gsi</p>

</div>

<hr>

<div>
    <p>Mesdames, Messieurs,

    <p>Une fois par an, l’Office de l’intégration et de l’action sociale (OIAS) recense la manière dont les communes bernoises émettent les bons de garde. À cet effet, toutes les communes sont invitées à fournir des informations sur un éventuel contingentement des bons pendant la période en cours (à compter du 1er août) et ce, même si elles n’appliquent actuellement aucune mesure de limitation des coûts.</p>

    <p>Veuillez remplir dans kiBon le formulaire « Indicateurs de la commune » prévu à cet effet d’ici le 15 octobre, disponible à la rubrique « Décomptes de la commune » et au lien suivant: <a href="https://be.kibon.example.com/gemeinde-antraege">Bons de garde: indicateurs de la commune</a>.</p>

    <p>Il faut compter cinq minutes au maximum pour le mettre à jour. Il convient de compléter un seul formulaire par commune.</p>

    <p>N’hésitez pas à prendre contact avec la section Bons de garde en cas de question (<a href="mailto:info.bg@be.ch">info.bg@be.ch</a> ; <a href="tel:0316337883">031 633 78 83</a>).</p>

    <p>En espérant que ces indications vous seront utiles, nous vous adressons, Mesdames, Messieurs, nos salutations les meilleures.</p>

    <p class="signature"><b>Direction de la santé, des affaires sociales et de l’intégration du canton de Berne</b><br />
    Office de l’intégration et de l’action sociale, division Handicap, famille et aide aux victimes<br />
    Rathausplatz 1, case postale, 3000 Berne 8<br />
		031 633 78 83, www.be.ch/dssi<br /></p>

</div>

</body>

</html>

]


ReminderSecondGemeindeKennzahlen[BERN_DEUTSCH]=[
From: kibon@dvbern.ch
To: empfaenger@dvbern.ch
Subject: kiBon  – : Erinnerung Aktualisierung Formular «Gemeinde-Kennzahlen Betreuungsgutscheine»/ Rappel : mise à jour du formulaire « Bons de garde : indicateurs de la commune »
Content-Type: text/html;charset=utf-8

<html>
<head>
<style type="text/css">
        body {
            font-family: "Open Sans", Arial, Helvetica, sans-serif;
        }
      .kursInfoHeader {background-color: #bce1ff; font-weight: bold;}
      .signature { font-size: 90%;}
    </style>
    <link href="https://fonts.googleapis.com/css?family=Open+Sans" rel="stylesheet">
	<meta http-equiv="Content-Type" content="text/html; charset=utf-8"/>
	<meta name="viewport" content="width=device-width, initial-scale=1.0"/>
	<title>kiBon  – : Erinnerung Aktualisierung Formular «Gemeinde-Kennzahlen Betreuungsgutscheine»/ Rappel : mise à jour du formulaire « Bons de garde : indicateurs de la commune »</title>

</head>

<body>
<p><b>Français ci-dessous</b></p>
<div>
    <p>Sehr geehrte Damen und Herren</p>

    <p>Das Amt für Integration und Soziales erhebt einmal pro Jahr, wie die Gemeinden im Kanton Bern Betreuungsgutscheine ausgeben. Am 15. September wurden Sie per Mail aufgefordert, die Angaben in kiBon auf dem Formular «Gemeinde Kennzahlen Betreuungsgutscheine» bis am 15. Oktober zu ergänzen. Bis zum heutigen Zeitpunkt wurde das Formular nicht ausgefüllt.</p>

   <p> Wir bitten Sie daher erneut, bis spätestens am 31. Oktober das Formular unter folgendem Link auszufüllen: <a href="https://be.kibon.example.com/gemeinde-antraege">Gemeinde Kennzahlen Betreuungsgutscheine</a></p>

    <p>Die Aktualisierung des Formulars dauert maximal fünf Minuten. Gutscheinausgabestellen füllen für jede Gemeinde ein eigenes Formular aus.</p>

    <p>Gerne steht Ihnen der Fachbereich Betreuungsgutscheine unter <a href="mailto:info.bg@be.ch">info.bg@be.ch</a> und <a href="tel:0316337883">031 633 78 83</a> für Rückfragen und Bemerkungen zur Verfügung.</p>

    <p>Wir danken Ihnen für die Kenntnisnahme und verbleiben mit freundlichen Grüssen.</p>

    <p class="signature"><b>Gesundheits-, Sozial- und Integrationsdirektion des Kantons Bern,</b><br />
    Amt für Integration und Soziales, Abteilung Behinderung, Familie und Opferhilfe (BFO)<br />
    Rathausplatz 1, Postfach, 3000 Bern 8<br />
		031 633 78 83, www.be.ch/gsi</p>
</div>

<hr>

<div>
    <p>Mesdames, Messieurs,</p>

    <p>Une fois par an, l’Office de l’intégration et de l’action sociale (OIAS) recense la manière dont les communes bernoises émettent les bons de garde. À cet effet, vous avez reçu le 15 septembre dernier un courriel vous demandant de compléter dans kiBon le formulaire « Indicateurs de la commune » d’ici le 15 octobre.</p>

	<p>Sans nouvelles de votre part à ce jour, nous vous prions de remplir le formulaire, disponible au lien suivant d’ici le 31 octobre au plus tard: <a href="https://be.kibon.example.com/gemeinde-antraege">Bons de garde: indicateurs de la commune</a>.</p>

    <p>Il faut compter cinq minutes au maximum pour le mettre à jour. Il convient de compléter un seul formulaire par commune.</p>

    <p>N’hésitez pas à prendre contact avec la section Bons de garde en cas de question (<a href="mailto:info.bg@be.ch">info.bg@be.ch</a> ; <a href="tel:0316337883">031 633 78 83</a>).</p>

    <p>En espérant que ces indications vous seront utiles, nous vous adressons, Mesdames, Messieurs, nos salutations les meilleures.</p>

    <p class="signature"><b>Direction de la santé, des affaires sociales et de l’intégration du canton de Berne</b><br />
    Office de l’intégration et de l’action sociale, division Handicap, famille et aide aux victimes<br />
    Rathausplatz 1, case postale, 3000 Berne 8<br />
		031 633 78 83, www.be.ch/dssi</p>
</div>

</body>

</html>

]


ReminderSecondGemeindeKennzahlen[BERN_FRANZOESISCH]=[
From: kibon@dvbern.ch
To: empfaenger@dvbern.ch
Subject: kiBon  – : Erinnerung Aktualisierung Formular «Gemeinde-Kennzahlen Betreuungsgutscheine»/ Rappel : mise à jour du formulaire « Bons de garde : indicateurs de la commune »
Content-Type: text/html;charset=utf-8

<html>
<head>
<style type="text/css">
        body {
            font-family: "Open Sans", Arial, Helvetica, sans-serif;
        }
      .kursInfoHeader {background-color: #bce1ff; font-weight: bold;}
      .signature { font-size: 90%;}
    </style>
    <link href="https://fonts.googleapis.com/css?family=Open+Sans" rel="stylesheet">
	<meta http-equiv="Content-Type" content="text/html; charset=utf-8"/>
	<meta name="viewport" content="width=device-width, initial-scale=1.0"/>
	<title>kiBon  – : Erinnerung Aktualisierung Formular «Gemeinde-Kennzahlen Betreuungsgutscheine»/ Rappel : mise à jour du formulaire « Bons de garde : indicateurs de la commune »</title>

</head>

<body>
<p><b>Français ci-dessous</b></p>
<div>
    <p>Sehr geehrte Damen und Herren</p>

    <p>Das Amt für Integration und Soziales erhebt einmal pro Jahr, wie die Gemeinden im Kanton Bern Betreuungsgutscheine ausgeben. Am 15. September wurden Sie per Mail aufgefordert, die Angaben in kiBon auf dem Formular «Gemeinde Kennzahlen Betreuungsgutscheine» bis am 15. Oktober zu ergänzen. Bis zum heutigen Zeitpunkt wurde das Formular nicht ausgefüllt.</p>

   <p> Wir bitten Sie daher erneut, bis spätestens am 31. Oktober das Formular unter folgendem Link auszufüllen: <a href="https://be.kibon.example.com/gemeinde-antraege">Gemeinde Kennzahlen Betreuungsgutscheine</a></p>

    <p>Die Aktualisierung des Formulars dauert maximal fünf Minuten. Gutscheinausgabestellen füllen für jede Gemeinde ein eigenes Formular aus.</p>

    <p>Gerne steht Ihnen der Fachbereich Betreuungsgutscheine unter <a href="mailto:info.bg@be.ch">info.bg@be.ch</a> und <a href="tel:0316337883">031 633 78 83</a> für Rückfragen und Bemerkungen zur Verfügung.</p>

    <p>Wir danken Ihnen für die Kenntnisnahme und verbleiben mit freundlichen Grüssen.</p>

    <p class="signature"><b>Gesundheits-, Sozial- und Integrationsdirektion des Kantons Bern,</b><br />
    Amt für Integration und Soziales, Abteilung Behinderung, Familie und Opferhilfe (BFO)<br />
    Rathausplatz 1, Postfach, 3000 Bern 8<br />
		031 633 78 83, www.be.ch/gsi</p>
</div>

<hr>

<div>
    <p>Mesdames, Messieurs,</p>

    <p>Une fois par an, l’Office de l’intégration et de l’action sociale (OIAS) recense la manière dont les communes bernoises émettent les bons de garde. À cet effet, vous avez reçu le 15 septembre dernier un courriel vous demandant de compléter dans kiBon le formulaire « Indicateurs de la commune » d’ici le 15 octobre.</p>

	<p>Sans nouvelles de votre part à ce jour, nous vous prions de remplir le formulaire, disponible au lien suivant d’ici le 31 octobre au plus tard: <a href="https://be.kibon.example.com/gemeinde-antraege">Bons de garde: indicateurs de la commune</a>.</p>

    <p>Il faut compter cinq minutes au maximum pour le mettre à jour. Il convient de compléter un seul formulaire par commune.</p>

    <p>N’hésitez pas à prendre contact avec la section Bons de garde en cas de question (<a href="mailto:info.bg@be.ch">info.bg@be.ch</a> ; <a href="tel:0316337883">031 633 78 83</a>).</p>

    <p>En espérant que ces indications vous seront utiles, nous vous adressons, Mesdames, Messieurs, nos salutations les meilleures.</p>

    <p class="signature"><b>Direction de la santé, des affaires sociales et de l’intégration du canton de Berne</b><br />
    Office de l’intégration et de l’action sociale, division Handicap, famille et aide aux victimes<br />
    Rathausplatz 1, case postale, 3000 Berne 8<br />
		031 633 78 83, www.be.ch/dssi</p>
</div>

</body>

</html>

]