InfoBetreuungAbgelehnt[APPENZELL_AUSSERRHODEN_DEUTSCH]=[
From: kibon@dvbern.ch
To: Dagmar Wälti <empfaenger@dvbern.ch>
Subject: 000042, 2017/2018, kiBon  – Betreuungsplatz abgelehnt
Content-Type: text/html;charset=utf-8

<html>
<head>
<style type="text/css">
        body {
            font-family: "Open Sans", Arial, Helvetica, sans-serif;
        }
      .kursInfoHeader {background-color: #bce1ff; font-weight: bold;}
      .signature { font-size: 90%;}
    </style>
    <link href="https://fonts.googleapis.com/css?family=Open+Sans" rel="stylesheet">
	<meta http-equiv="Content-Type" content="text/html; charset=utf-8"/>
	<meta name="viewport" content="width=device-width, initial-scale=1.0"/>
	<title>kiBon  – Betreuungsplatz abgelehnt</title>

</head>

<body>

<div>
	<p>
		Sehr geehrte Familie
	</p>
	<p>
		Die Platzbestätigung für Simon Wälti / Kita Aaregg wurde abgelehnt.
		Sie können
		<a href="https://ar.kibon.example.com/gesuch/betreuungen/<ID-1>">hier</a>
		den Grund der Ablehnung einsehen und Ihr Antrag bearbeiten.
	</p>
	<p>
		Freundliche Grüsse <br/>
		Sozialversicherungen Appenzell Ausserrhoden
	</p>
	<p>
		Dies ist eine automatisch versendete E-Mail. Bitte antworten Sie nicht auf diese Nachricht.
	</p>
</div>

</body>

</html>

]


InfoBetreuungAbgelehnt[BERN_DEUTSCH]=[
From: kibon@dvbern.ch
To: Dagmar Wälti <empfaenger@dvbern.ch>
Subject: 000042, 2017/2018, kiBon  – Betreuungsplatz abgelehnt
Content-Type: text/html;charset=utf-8

<html>
<head>
<style type="text/css">
        body {
            font-family: "Open Sans", Arial, Helvetica, sans-serif;
        }
      .kursInfoHeader {background-color: #bce1ff; font-weight: bold;}
      .signature { font-size: 90%;}
    </style>
    <link href="https://fonts.googleapis.com/css?family=Open+Sans" rel="stylesheet">
	<meta http-equiv="Content-Type" content="text/html; charset=utf-8"/>
	<meta name="viewport" content="width=device-width, initial-scale=1.0"/>
	<title>kiBon  – Betreuungsplatz abgelehnt</title>

</head>

<body>

<div>
	<p>
		Guten Tag
	</p>
	<p>
		Die Platzbestätigung für Simon Wälti / Kita Aaregg wurde abgelehnt.
		Sie können
		<a href="https://be.kibon.example.com/gesuch/betreuungen/<ID-1>">hier</a>
		den Grund der Ablehnung einsehen und Ihr Antrag bearbeiten.
	</p>
	<p>
		Freundliche Grüsse <br/>
		Gemeinde London
	</p>
	<p>
		Dies ist eine automatisch versendete E-Mail. Bitte antworten Sie nicht auf diese Nachricht.
	</p>
</div>

</body>

</html>

]


InfoBetreuungAbgelehnt[BERN_FRANZOESISCH]=[
From: kibon@dvbern.ch
To: Dagmar Wälti <empfaenger@dvbern.ch>
Subject: 000042, 2017/2018, kiBon  – Rejet de la place d'accueil
Content-Type: text/html;charset=utf-8

<html>
<head>
<style type="text/css">
        body {
            font-family: "Open Sans", Arial, Helvetica, sans-serif;
        }
      .kursInfoHeader {background-color: #bce1ff; font-weight: bold;}
      .signature { font-size: 90%;}
    </style>
    <link href="https://fonts.googleapis.com/css?family=Open+Sans" rel="stylesheet">
	<meta http-equiv="Content-Type" content="text/html; charset=utf-8"/>
	<meta name="viewport" content="width=device-width, initial-scale=1.0"/>
	<title>kiBon  – Rejet de la place d'accueil</title>

</head>

<body>

<div>
	<p>
		Bonjour,
	</p>
	<p>
		Nous avons le regret de vous informer que l'offre de prise en charge pour
		Simon Wälti / Kita Aaregg a été rejetée.
		Vous pouvez consulter la liste des structures
		<a href="https://be.kibon.example.com/gesuch/betreuungen/<ID-1>">ici</a>.
	</p>
	<p>
		Nous vous présentons nos meilleures salutations.<br/>
		Commune London
	</p>
	<p>
		Merci de ne pas répondre à ce message automatique.
	</p>
</div>

</body>

</html>

]


InfoBetreuungAbgelehnt[DVB_DEUTSCH]=[
From: kibon@dvbern.ch
To: Dagmar Wälti <empfaenger@dvbern.ch>
Subject: 000042, 2017/2018, kiBon  – Betreuungsplatz abgelehnt
Content-Type: text/html;charset=utf-8

<html>
<head>
<style type="text/css">
        body {
            font-family: "Open Sans", Arial, Helvetica, sans-serif;
        }
      .kursInfoHeader {background-color: #bce1ff; font-weight: bold;}
      .signature { font-size: 90%;}
    </style>
    <link href="https://fonts.googleapis.com/css?family=Open+Sans" rel="stylesheet">
	<meta http-equiv="Content-Type" content="text/html; charset=utf-8"/>
	<meta name="viewport" content="width=device-width, initial-scale=1.0"/>
	<title>kiBon  – Betreuungsplatz abgelehnt</title>

</head>

<body>

<div>
	<p>
		Sehr geehrte Familie
	</p>
	<p>
		Die Platzbestätigung für Simon Wälti / Kita Aaregg wurde abgelehnt.
		Sie können
		<a href="https://dv.kibon.example.com/gesuch/betreuungen/<ID-1>">hier</a>
		den Grund der Ablehnung einsehen und Ihr Antrag bearbeiten.
	</p>
	<p>
		Freundliche Grüsse <br/>
		Ihre Gemeinde London
	</p>
	<p>
		Dies ist eine automatisch versendete E-Mail. Bitte antworten Sie nicht auf diese Nachricht.
	</p>
</div>

</body>

</html>

]


InfoBetreuungAbgelehnt[DVB_FRANZOESISCH]=[
From: kibon@dvbern.ch
To: Dagmar Wälti <empfaenger@dvbern.ch>
Subject: 000042, 2017/2018, kiBon  – Rejet de la place d'accueil
Content-Type: text/html;charset=utf-8

<html>
<head>
<style type="text/css">
        body {
            font-family: "Open Sans", Arial, Helvetica, sans-serif;
        }
      .kursInfoHeader {background-color: #bce1ff; font-weight: bold;}
      .signature { font-size: 90%;}
    </style>
    <link href="https://fonts.googleapis.com/css?family=Open+Sans" rel="stylesheet">
	<meta http-equiv="Content-Type" content="text/html; charset=utf-8"/>
	<meta name="viewport" content="width=device-width, initial-scale=1.0"/>
	<title>kiBon  – Rejet de la place d'accueil</title>

</head>

<body>

<div>
	<p>
		Chère famille,
	</p>
	<p>
		Nous avons le regret de vous informer que l'offre de prise en charge pour
		Simon Wälti / Kita Aaregg a été rejetée.
		Vous pouvez consulter la liste des structures
		<a href="https://dv.kibon.example.com/gesuch/betreuungen/<ID-1>">ici</a>.
	</p>
	<p>
		Nous vous présentons nos meilleures salutations.<br/>
		Votre commune London
	</p>
	<p>
		Merci de ne pas répondre à ce message automatique.
	</p>
</div>

</body>

</html>

]


InfoBetreuungAbgelehnt[LUZERN_DEUTSCH]=[
From: kibon@dvbern.ch
To: Dagmar Wälti <empfaenger@dvbern.ch>
Subject: 000042, 2017/2018, kiBon  – Betreuungsplatz abgelehnt
Content-Type: text/html;charset=utf-8

<html>
<head>
<style type="text/css">
        body {
            font-family: "Open Sans", Arial, Helvetica, sans-serif;
        }
      .kursInfoHeader {background-color: #bce1ff; font-weight: bold;}
      .signature { font-size: 90%;}
    </style>
    <link href="https://fonts.googleapis.com/css?family=Open+Sans" rel="stylesheet">
	<meta http-equiv="Content-Type" content="text/html; charset=utf-8"/>
	<meta name="viewport" content="width=device-width, initial-scale=1.0"/>
	<title>kiBon  – Betreuungsplatz abgelehnt</title>

</head>

<body>

<div>
	<p>
		Sehr geehrte Familie
	</p>
	<p>
		Die Platzbestätigung für Simon Wälti / Kita Aaregg wurde abgelehnt.
		Sie können
		<a href="https://lu.kibon.example.com/gesuch/betreuungen/<ID-1>">hier</a>
		den Grund der Ablehnung einsehen und Ihr Antrag bearbeiten.
	</p>
	<p>
		Freundliche Grüsse <br/>
		Ihre Gemeinde London
	</p>
	<p>
		Dies ist eine automatisch versendete E-Mail. Bitte antworten Sie nicht auf diese Nachricht.
	</p>
</div>

</body>

</html>

]


InfoBetreuungAbgelehnt[SCHWYZ_DEUTSCH]=[
From: kibon@dvbern.ch
To: Dagmar Wälti <empfaenger@dvbern.ch>
Subject: 000042, 2017/2018, kiBon  – Betreuungsplatz abgelehnt
Content-Type: text/html;charset=utf-8

<html>
<head>
<style type="text/css">
        body {
            font-family: "Open Sans", Arial, Helvetica, sans-serif;
        }
      .kursInfoHeader {background-color: #bce1ff; font-weight: bold;}
      .signature { font-size: 90%;}
    </style>
    <link href="https://fonts.googleapis.com/css?family=Open+Sans" rel="stylesheet">
	<meta http-equiv="Content-Type" content="text/html; charset=utf-8"/>
	<meta name="viewport" content="width=device-width, initial-scale=1.0"/>
	<title>kiBon  – Betreuungsplatz abgelehnt</title>

</head>

<body>

<div>
	<p>
		Sehr geehrte Familie
	</p>
	<p>
		Die Platzbestätigung für Simon Wälti / Kita Aaregg wurde abgelehnt.
		Sie können
		<a href="https://sz.kibon.example.com/gesuch/betreuungen/<ID-1>">hier</a>
		den Grund der Ablehnung einsehen und Ihr Antrag bearbeiten.
	</p>
	<p>
		Freundliche Grüsse <br/>
		Ihre Gemeinde London
	</p>
	<p>
		Dies ist eine automatisch versendete E-Mail. Bitte antworten Sie nicht auf diese Nachricht.
	</p>
</div>

</body>

</html>

]


InfoBetreuungAbgelehnt[SOLOTHURN_DEUTSCH]=[
From: kibon@dvbern.ch
To: Dagmar Wälti <empfaenger@dvbern.ch>
Subject: 000042, 2017/2018, kiBon  – Betreuungsplatz abgelehnt
Content-Type: text/html;charset=utf-8

<html>
<head>
<style type="text/css">
        body {
            font-family: "Open Sans", Arial, Helvetica, sans-serif;
        }
      .kursInfoHeader {background-color: #bce1ff; font-weight: bold;}
      .signature { font-size: 90%;}
    </style>
    <link href="https://fonts.googleapis.com/css?family=Open+Sans" rel="stylesheet">
	<meta http-equiv="Content-Type" content="text/html; charset=utf-8"/>
	<meta name="viewport" content="width=device-width, initial-scale=1.0"/>
	<title>kiBon  – Betreuungsplatz abgelehnt</title>

</head>

<body>

<div>
	<p>
		Sehr geehrte Familie
	</p>
	<p>
		Die Platzbestätigung für Simon Wälti / Kita Aaregg wurde abgelehnt.
		Sie können
		<a href="https://so.kibon.example.com/gesuch/betreuungen/<ID-1>">hier</a>
		den Grund der Ablehnung einsehen und Ihr Antrag bearbeiten.
	</p>
	<p>
		Freundliche Grüsse <br/>
		Ihre Gemeinde London
	</p>
	<p>
		Dies ist eine automatisch versendete E-Mail. Bitte antworten Sie nicht auf diese Nachricht.
	</p>
</div>

</body>

</html>

]


InfoBetreuungAbgelehnt[ZUG_DEUTSCH]=[
From: kibon@dvbern.ch
To: Dagmar Wälti <empfaenger@dvbern.ch>
Subject: 000042, 2017/2018, kiBon  – Betreuungsplatz abgelehnt
Content-Type: text/html;charset=utf-8

<html>
<head>
<style type="text/css">
        body {
            font-family: "Open Sans", Arial, Helvetica, sans-serif;
        }
      .kursInfoHeader {background-color: #bce1ff; font-weight: bold;}
      .signature { font-size: 90%;}
    </style>
    <link href="https://fonts.googleapis.com/css?family=Open+Sans" rel="stylesheet">
	<meta http-equiv="Content-Type" content="text/html; charset=utf-8"/>
	<meta name="viewport" content="width=device-width, initial-scale=1.0"/>
	<title>kiBon  – Betreuungsplatz abgelehnt</title>

</head>

<body>

<div>
	<p>
		Sehr geehrte Familie
	</p>
	<p>
		Die Platzbestätigung für Simon Wälti / Kita Aaregg wurde abgelehnt.
		Sie können
		<a href="https://zg.kibon.example.com/gesuch/betreuungen/<ID-1>">hier</a>
		den Grund der Ablehnung einsehen und Ihr Antrag bearbeiten.
	</p>
	<p>
		Freundliche Grüsse <br/>
		Ihre Gemeinde London
	</p>
	<p>
		Dies ist eine automatisch versendete E-Mail. Bitte antworten Sie nicht auf diese Nachricht.
	</p>
</div>

</body>

</html>

]


InfoBetreuungGeloescht[APPENZELL_AUSSERRHODEN_DEUTSCH]=[
From: kibon@dvbern.ch
To: Kita Aaregg <empfaenger@dvbern.ch>
Subject: 000042, 2017/2018, Kita Aaregg: kiBon  – Betreuung gelöscht
Content-Type: text/html;charset=utf-8

<html>
<head>
<style type="text/css">
        body {
            font-family: "Open Sans", Arial, Helvetica, sans-serif;
        }
      .kursInfoHeader {background-color: #bce1ff; font-weight: bold;}
      .signature { font-size: 90%;}
    </style>
    <link href="https://fonts.googleapis.com/css?family=Open+Sans" rel="stylesheet">
	<meta http-equiv="Content-Type" content="text/html; charset=utf-8"/>
	<meta name="viewport" content="width=device-width, initial-scale=1.0"/>
	<title>Kita Aaregg: kiBon  – Betreuung gelöscht</title>

</head>

<body>

<div>
	<p>
		Guten Tag
	</p>
	<p>
		Die Familie hat die Löschung der folgenden Betreuung veranlasst:
	</p>
	<table>
		<tbody>
		<tr>
			<td width="300">Fall:</td>
			<td width="300"><a href="https://ar.kibon.example.com/gesuch/betreuungen/<ID-1>">000042 Wälti</a></td>
		</tr>
		<tr>
			<td>Kind:</td>
			<td>Simon Wälti, 13.04.2014</td>
		</tr>
		<tr>
			<td>Betreuungsangebot:</td>
			<td>Tagesstätte für Kleinkinder</td>
		</tr>
		<tr>
			<td>Institution:</td>
			<td>Kita Aaregg</td>
		</tr>
		<tr>
			<td>Periode:</td>
			<td>2017/2018</td>
		</tr>
		<tr>
			<td>Status der entfernten Betreuung:</td>
			<td>Bestätigt</td>
		</tr>
		</tbody>
	</table>
	<br/>
	<p>
		Die Betreuung wurde am 05.01.2026 erfasst.
	</p>
	<p>
		Mit freundlichen Grüssen
		kiBon
	</p>
	<p>
		Dies ist eine automatisch versendete E-Mail. Bitte antworten Sie nicht auf diese Nachricht.
	</p>
</div>

</body>

</html>

]


InfoBetreuungGeloescht[BERN_DEUTSCH]=[
From: kibon@dvbern.ch
To: Kita Aaregg <empfaenger@dvbern.ch>
Subject: 000042, 2017/2018, Kita Aaregg: kiBon  – Betreuung gelöscht
Content-Type: text/html;charset=utf-8

<html>
<head>
<style type="text/css">
        body {
            font-family: "Open Sans", Arial, Helvetica, sans-serif;
        }
      .kursInfoHeader {background-color: #bce1ff; font-weight: bold;}
      .signature { font-size: 90%;}
    </style>
    <link href="https://fonts.googleapis.com/css?family=Open+Sans" rel="stylesheet">
	<meta http-equiv="Content-Type" content="text/html; charset=utf-8"/>
	<meta name="viewport" content="width=device-width, initial-scale=1.0"/>
	<title>Kita Aaregg: kiBon  – Betreuung gelöscht</title>

</head>

<body>

<div>
	<p>
		Guten Tag
	</p>
	<p>
		Die Familie hat die Löschung der folgenden Betreuung veranlasst:
	</p>
	<table>
		<tbody>
		<tr>
			<td width="300">Fall:</td>
			<td width="300"><a href="https://be.kibon.example.com/gesuch/betreuungen/<ID-1>">000042 Wälti</a></td>
		</tr>
		<tr>
			<td>Kind:</td>
			<td>Simon Wälti, 13.04.2014</td>
		</tr>
		<tr>
			<td>Betreuungsangebot:</td>
			<td>Kita</td>
		</tr>
		<tr>
			<td>Institution:</td>
			<td>Kita Aaregg</td>
		</tr>
		<tr>
			<td>Periode:</td>
			<td>2017/2018</td>
		</tr>
		<tr>
			<td>Status der entfernten Betreuung:</td>
			<td>Bestätigt</td>
		</tr>
		</tbody>
	</table>
	<br/>
	<p>
		Die Betreuung wurde am 05.01.2026 erfasst.
	</p>
	<p>
		Freundliche Grüsse<br/>
		kiBon-Team
	</p>
	<p>
		Dies ist eine automatisch versendete E-Mail. Bitte antworten Sie nicht auf diese Nachricht.
	</p>
</div>

</body>

</html>

]


InfoBetreuungGeloescht[BERN_FRANZOESISCH]=[
From: kibon@dvbern.ch
To: Kita Aaregg <empfaenger@dvbern.ch>
Subject: 000042, 2017/2018, Kita Aaregg: kiBon  – Suppression de l'offre de prise en charge
Content-Type: text/html;charset=utf-8

<html>
<head>
<style type="text/css">
        body {
            font-family: "Open Sans", Arial, Helvetica, sans-serif;
        }
      .kursInfoHeader {background-color: #bce1ff; font-weight: bold;}
      .signature { font-size: 90%;}
    </style>
    <link href="https://fonts.googleapis.com/css?family=Open+Sans" rel="stylesheet">
	<meta http-equiv="Content-Type" content="text/html; charset=utf-8"/>
	<meta name="viewport" content="width=device-width, initial-scale=1.0"/>
	<title>Kita Aaregg: kiBon  – Suppression de l'offre de prise en charge</title>

</head>

<body>

<div>
	<p>
		Bonjour,
	</p>
	<p>
		La famille a décidé de supprimer l'offre de prise en charge suivante:
	</p>
	<table>
		<tbody>
		<tr>
			<td width="300">Cas:</td>
			<td width="300"><a href="https://be.kibon.example.com/gesuch/betreuungen/<ID-1>">000042 Wälti</a></td>
		</tr>
		<tr>
			<td>Enfant:</td>
			<td>Simon Wälti, 13.04.2014</td>
		</tr>
		<tr>
			<td>Offre de prise en charge:</td>
			<td>Crèche</td>
		</tr>
		<tr>
			<td>Institution:</td>
			<td>Kita Aaregg</td>
		</tr>
		<tr>
			<td>Période:</td>
			<td>2017/2018</td>
		</tr>
		<tr>
			<td>Statut de la prise en charge supprimée:</td>
			<td>Confirmé</td>
		</tr>
		</tbody>
	</table>
	<br/>
	<p>
		Les informations ont été saisies le 05.01.2026.
	</p>
	<p>
		Avec nos salutations les meilleures,<br/>
		kiBon-Team
	</p>
	<p>
		Merci de ne pas répondre à ce message automatique.
	</p>
</div>

</body>

</html>

]


InfoBetreuungGeloescht[DVB_DEUTSCH]=[
From: kibon@dvbern.ch
To: Kita Aaregg <empfaenger@dvbern.ch>
Subject: 000042, 2017/2018, Kita Aaregg: kiBon  – Betreuung gelöscht
Content-Type: text/html;charset=utf-8

<html>
<head>
<style type="text/css">
        body {
            font-family: "Open Sans", Arial, Helvetica, sans-serif;
        }
      .kursInfoHeader {background-color: #bce1ff; font-weight: bold;}
      .signature { font-size: 90%;}
    </style>
    <link href="https://fonts.googleapis.com/css?family=Open+Sans" rel="stylesheet">
	<meta http-equiv="Content-Type" content="text/html; charset=utf-8"/>
	<meta name="viewport" content="width=device-width, initial-scale=1.0"/>
	<title>Kita Aaregg: kiBon  – Betreuung gelöscht</title>

</head>

<body>

<div>
	<p>
		Guten Tag
	</p>
	<p>
		Die Familie hat die Löschung der folgenden Betreuung veranlasst:
	</p>
	<table>
		<tbody>
		<tr>
			<td width="300">Fall:</td>
			<td width="300"><a href="https://dv.kibon.example.com/gesuch/betreuungen/<ID-1>">000042 Wälti</a></td>
		</tr>
		<tr>
			<td>Kind:</td>
			<td>Simon Wälti, 13.04.2014</td>
		</tr>
		<tr>
			<td>Betreuungsangebot:</td>
			<td>Tagesstätte für Kleinkinder</td>
		</tr>
		<tr>
			<td>Institution:</td>
			<td>Kita Aaregg</td>
		</tr>
		<tr>
			<td>Periode:</td>
			<td>2017/2018</td>
		</tr>
		<tr>
			<td>Status der entfernten Betreuung:</td>
			<td>Bestätigt</td>
		</tr>
		</tbody>
	</table>
	<br/>
	<p>
		Die Betreuung wurde am 05.01.2026 erfasst.
	</p>
	<p>
		Mit freundlichen Grüssen
		kiBon
	</p>
	<p>
		Dies ist eine automatisch versendete E-Mail. Bitte antworten Sie nicht auf diese Nachricht.
	</p>
</div>

</body>

</html>

]


InfoBetreuungGeloescht[DVB_FRANZOESISCH]=[
From: kibon@dvbern.ch
To: Kita Aaregg <empfaenger@dvbern.ch>
Subject: 000042, 2017/2018, Kita Aaregg: kiBon  – Suppression de l'offre de prise en charge
Content-Type: text/html;charset=utf-8

<html>
<head>
<style type="text/css">
        body {
            font-family: "Open Sans", Arial, Helvetica, sans-serif;
        }
      .kursInfoHeader {background-color: #bce1ff; font-weight: bold;}
      .signature { font-size: 90%;}
    </style>
    <link href="https://fonts.googleapis.com/css?family=Open+Sans" rel="stylesheet">
	<meta http-equiv="Content-Type" content="text/html; charset=utf-8"/>
	<meta name="viewport" content="width=device-width, initial-scale=1.0"/>
	<title>Kita Aaregg: kiBon  – Suppression de l'offre de prise en charge</title>

</head>

<body>

<div>
	<p>
		Bonjour,
	</p>
	<p>
		La famille a décidé de supprimer l'offre de prise en charge suivante:
	</p>
	<table>
		<tbody>
		<tr>
			<td width="300">Cas:</td>
			<td width="300"><a href="https://dv.kibon.example.com/gesuch/betreuungen/<ID-1>">000042 Wälti</a></td>
		</tr>
		<tr>
			<td>Enfant:</td>
			<td>Simon Wälti, 13.04.2014</td>
		</tr>
		<tr>
			<td>Offre de prise en charge:</td>
			<td>Crèche pour enfants en bas âge</td>
		</tr>
		<tr>
			<td>Institution:</td>
			<td>Kita Aaregg</td>
		</tr>
		<tr>
			<td>Période:</td>
			<td>2017/2018</td>
		</tr>
		<tr>
			<td>Statut de la prise en charge supprimée:</td>
			<td>Confirmé</td>
		</tr>
		</tbody>
	</table>
	<br/>
	<p>
		Les informations ont été saisies le 05.01.2026.
	</p>
	<p>
		Nous vous présentons nos meilleures salutations.<br/>
		kiBon
	</p>
	<p>
		Merci de ne pas répondre à ce message automatique.
	</p>
</div>

</body>

</html>

]


InfoBetreuungGeloescht[LUZERN_DEUTSCH]=[
From: kibon@dvbern.ch
To: Kita Aaregg <empfaenger@dvbern.ch>
Subject: 000042, 2017/2018, Kita Aaregg: kiBon  – Betreuung gelöscht
Content-Type: text/html;charset=utf-8

<html>
<head>
<style type="text/css">
        body {
            font-family: "Open Sans", Arial, Helvetica, sans-serif;
        }
      .kursInfoHeader {background-color: #bce1ff; font-weight: bold;}
      .signature { font-size: 90%;}
    </style>
    <link href="https://fonts.googleapis.com/css?family=Open+Sans" rel="stylesheet">
	<meta http-equiv="Content-Type" content="text/html; charset=utf-8"/>
	<meta name="viewport" content="width=device-width, initial-scale=1.0"/>
	<title>Kita Aaregg: kiBon  – Betreuung gelöscht</title>

</head>

<body>

<div>
	<p>
		Guten Tag
	</p>
	<p>
		Die Familie hat die Löschung der folgenden Betreuung veranlasst:
	</p>
	<table>
		<tbody>
		<tr>
			<td width="300">Fall:</td>
			<td width="300"><a href="https://lu.kibon.example.com/gesuch/betreuungen/<ID-1>">000042 Wälti</a></td>
		</tr>
		<tr>
			<td>Kind:</td>
			<td>Simon Wälti, 13.04.2014</td>
		</tr>
		<tr>
			<td>Betreuungsangebot:</td>
			<td>Tagesstätte für Kleinkinder</td>
		</tr>
		<tr>
			<td>Institution:</td>
			<td>Kita Aaregg</td>
		</tr>
		<tr>
			<td>Periode:</td>
			<td>2017/2018</td>
		</tr>
		<tr>
			<td>Status der entfernten Betreuung:</td>
			<td>Platz bestätigt</td>
		</tr>
		</tbody>
	</table>
	<br/>
	<p>
		Die Betreuung wurde am 05.01.2026 erfasst.
	</p>
	<p>
		Mit freundlichen Grüssen
		kiBon
	</p>
	<p>
		Dies ist eine automatisch versendete E-Mail. Bitte antworten Sie nicht auf diese Nachricht.
	</p>
</div>

</body>

</html>

]


InfoBetreuungGeloescht[SCHWYZ_DEUTSCH]=[
From: kibon@dvbern.ch
To: Kita Aaregg <empfaenger@dvbern.ch>
Subject: 000042, 2017/2018, Kita Aaregg: kiBon  – Betreuung gelöscht
Content-Type: text/html;charset=utf-8

<html>
<head>
<style type="text/css">
        body {
            font-family: "Open Sans", Arial, Helvetica, sans-serif;
        }
      .kursInfoHeader {background-color: #bce1ff; font-weight: bold;}
      .signature { font-size: 90%;}
    </style>
    <link href="https://fonts.googleapis.com/css?family=Open+Sans" rel="stylesheet">
	<meta http-equiv="Content-Type" content="text/html; charset=utf-8"/>
	<meta name="viewport" content="width=device-width, initial-scale=1.0"/>
	<title>Kita Aaregg: kiBon  – Betreuung gelöscht</title>

</head>

<body>

<div>
	<p>
		Guten Tag
	</p>
	<p>
		Die Familie hat die Löschung der folgenden Betreuung veranlasst:
	</p>
	<table>
		<tbody>
		<tr>
			<td width="300">Fall:</td>
			<td width="300"><a href="https://sz.kibon.example.com/gesuch/betreuungen/<ID-1>">000042 Wälti</a></td>
		</tr>
		<tr>
			<td>Kind:</td>
			<td>Simon Wälti, 13.04.2014</td>
		</tr>
		<tr>
			<td>Betreuungsangebot:</td>
			<td>Kita / schulische Tagesstruktur</td>
		</tr>
		<tr>
			<td>Institution:</td>
			<td>Kita Aaregg</td>
		</tr>
		<tr>
			<td>Periode:</td>
			<td>2017/2018</td>
		</tr>
		<tr>
			<td>Status der entfernten Betreuung:</td>
			<td>Bestätigt</td>
		</tr>
		</tbody>
	</table>
	<br/>
	<p>
		Die Betreuung wurde am 05.01.2026 erfasst.
	</p>
	<p>
		Mit freundlichen Grüssen
		kiBon
	</p>
	<p>
		Dies ist eine automatisch versendete E-Mail. Bitte antworten Sie nicht auf diese Nachricht.
	</p>
</div>

</body>

</html>

]


InfoBetreuungGeloescht[SOLOTHURN_DEUTSCH]=[
From: kibon@dvbern.ch
To: Kita Aaregg <empfaenger@dvbern.ch>
Subject: 000042, 2017/2018, Kita Aaregg: kiBon  – Betreuung gelöscht
Content-Type: text/html;charset=utf-8

<html>
<head>
<style type="text/css">
        body {
            font-family: "Open Sans", Arial, Helvetica, sans-serif;
        }
      .kursInfoHeader {background-color: #bce1ff; font-weight: bold;}
      .signature { font-size: 90%;}
    </style>
    <link href="https://fonts.googleapis.com/css?family=Open+Sans" rel="stylesheet">
	<meta http-equiv="Content-Type" content="text/html; charset=utf-8"/>
	<meta name="viewport" content="width=device-width, initial-scale=1.0"/>
	<title>Kita Aaregg: kiBon  – Betreuung gelöscht</title>

</head>

<body>

<div>
	<p>
		Guten Tag
	</p>
	<p>
		Die Familie hat die Löschung der folgenden Betreuung veranlasst:
	</p>
	<table>
		<tbody>
		<tr>
			<td width="300">Fall:</td>
			<td width="300"><a href="https://so.kibon.example.com/gesuch/betreuungen/<ID-1>">000042 Wälti</a></td>
		</tr>
		<tr>
			<td>Kind:</td>
			<td>Simon Wälti, 13.04.2014</td>
		</tr>
		<tr>
			<td>Betreuungsangebot:</td>
			<td>Tagesstätte für Kleinkinder</td>
		</tr>
		<tr>
			<td>Institution:</td>
			<td>Kita Aaregg</td>
		</tr>
		<tr>
			<td>Periode:</td>
			<td>2017/2018</td>
		</tr>
		<tr>
			<td>Status der entfernten Betreuung:</td>
			<td>Bestätigt</td>
		</tr>
		</tbody>
	</table>
	<br/>
	<p>
		Die Betreuung wurde am 05.01.2026 erfasst.
	</p>
	<p>
		Mit freundlichen Grüssen
		kiBon
	</p>
	<p>
		Dies ist eine automatisch versendete E-Mail. Bitte antworten Sie nicht auf diese Nachricht.
	</p>
</div>

</body>

</html>

]


InfoBetreuungGeloescht[ZUG_DEUTSCH]=[
From: kibon@dvbern.ch
To: Kita Aaregg <empfaenger@dvbern.ch>
Subject: 000042, 2017/2018, Kita Aaregg: kiBon  – Betreuung gelöscht
Content-Type: text/html;charset=utf-8

<html>
<head>
<style type="text/css">
        body {
            font-family: "Open Sans", Arial, Helvetica, sans-serif;
        }
      .kursInfoHeader {background-color: #bce1ff; font-weight: bold;}
      .signature { font-size: 90%;}
    </style>
    <link href="https://fonts.googleapis.com/css?family=Open+Sans" rel="stylesheet">
	<meta http-equiv="Content-Type" content="text/html; charset=utf-8"/>
	<meta name="viewport" content="width=device-width, initial-scale=1.0"/>
	<title>Kita Aaregg: kiBon  – Betreuung gelöscht</title>

</head>

<body>

<div>
	<p>
		Guten Tag
	</p>
	<p>
		Die Familie hat die Löschung der folgenden Betreuung veranlasst:
	</p>
	<table>
		<tbody>
		<tr>
			<td width="300">Fall:</td>
			<td width="300"><a href="https://zg.kibon.example.com/gesuch/betreuungen/<ID-1>">000042 Wälti</a></td>
		</tr>
		<tr>
			<td>Kind:</td>
			<td>Simon Wälti, 13.04.2014</td>
		</tr>
		<tr>
			<td>Betreuungsangebot:</td>
			<td>Tagesstätte für Kleinkinder</td>
		</tr>
		<tr>
			<td>Institution:</td>
			<td>Kita Aaregg</td>
		</tr>
		<tr>
			<td>Periode:</td>
			<td>2017/2018</td>
		</tr>
		<tr>
			<td>Status der entfernten Betreuung:</td>
			<td>Bestätigt</td>
		</tr>
		</tbody>
	</table>
	<br/>
	<p>
		Die Betreuung wurde am 05.01.2026 erfasst.
	</p>
	<p>
		Mit freundlichen Grüssen
		kiBon
	</p>
	<p>
		Dies ist eine automatisch versendete E-Mail. Bitte antworten Sie nicht auf diese Nachricht.
	</p>
</div>

</body>

</html>

]


InfoBetreuungVerfuegt[APPENZELL_AUSSERRHODEN_DEUTSCH]=[
From: kibon@dvbern.ch
To: Kita Aaregg <empfaenger@dvbern.ch>
Subject: 000042, 2017/2018, Kita Aaregg: kiBon  – Betreuung verfügt
Content-Type: text/html;charset=utf-8

<html>
<head>
<style type="text/css">
        body {
            font-family: "Open Sans", Arial, Helvetica, sans-serif;
        }
      .kursInfoHeader {background-color: #bce1ff; font-weight: bold;}
      .signature { font-size: 90%;}
    </style>
    <link href="https://fonts.googleapis.com/css?family=Open+Sans" rel="stylesheet">
	<meta http-equiv="Content-Type" content="text/html; charset=utf-8"/>
	<meta name="viewport" content="width=device-width, initial-scale=1.0"/>
	<title>Kita Aaregg: kiBon  – Betreuung verfügt</title>

</head>

<body>

<div>
	<p>
		Guten Tag
	</p>
	<p>
		Der folgende Betreuungsgutschein wurde verfügt:
	</p>
	<table>
		<tbody>
		<tr>
			<td width="300">Fall:</td>
			<td width="300"><a href="https://ar.kibon.example.com/gesuch/betreuungen/<ID-1>">000042 Wälti</a></td>
		</tr>
		<tr>
			<td>Kind:</td>
			<td>Simon Wälti, 13.04.2014 </td>
		</tr>
		<tr>
			<td>Betreuungsangebot:</td>
			<td>Tagesstätte für Kleinkinder</td>
		</tr>
		<tr>
			<td>Institution:</td>
			<td>Kita Aaregg</td>
		</tr>
		<tr>
			<td>Periode:</td>
			<td>2017/2018</td>
		</tr>
		</tbody>
	</table>
	<br/>
	<p>
		Die Details finden Sie <a href="https://ar.kibon.example.com/gesuch/betreuungen/<ID-1>">hier</a>.
	</p>
	<p>
		Freundliche Grüsse <br/>
		Sozialversicherungen Appenzell Ausserrhoden
	</p>
	<p>
		Dies ist eine automatisch versendete E-Mail. Bitte antworten Sie nicht auf diese Nachricht.
	</p>
</div>

</body>

</html>

]


InfoBetreuungVerfuegt[BERN_DEUTSCH]=[
From: kibon@dvbern.ch
To: Kita Aaregg <empfaenger@dvbern.ch>
Subject: 000042, 2017/2018, Kita Aaregg: kiBon  – Betreuung verfügt
Content-Type: text/html;charset=utf-8

<html>
<head>
<style type="text/css">
        body {
            font-family: "Open Sans", Arial, Helvetica, sans-serif;
        }
      .kursInfoHeader {background-color: #bce1ff; font-weight: bold;}
      .signature { font-size: 90%;}
    </style>
    <link href="https://fonts.googleapis.com/css?family=Open+Sans" rel="stylesheet">
	<meta http-equiv="Content-Type" content="text/html; charset=utf-8"/>
	<meta name="viewport" content="width=device-width, initial-scale=1.0"/>
	<title>Kita Aaregg: kiBon  – Betreuung verfügt</title>

</head>

<body>

<div>
	<p>
		Guten Tag
	</p>
	<p>
		Der folgende Betreuungsgutschein wurde verfügt:
	</p>
	<table>
		<tbody>
		<tr>
			<td width="300">Fall:</td>
			<td width="300"><a href="https://be.kibon.example.com/gesuch/betreuungen/<ID-1>">000042 Wälti</a></td>
		</tr>
		<tr>
			<td>Kind:</td>
			<td>Simon Wälti, 13.04.2014 </td>
		</tr>
		<tr>
			<td>Betreuungsangebot:</td>
			<td>Kita</td>
		</tr>
		<tr>
			<td>Institution:</td>
			<td>Kita Aaregg</td>
		</tr>
		<tr>
			<td>Periode:</td>
			<td>2017/2018</td>
		</tr>
		</tbody>
	</table>
	<br/>
	<p>
		Die Details finden Sie <a href="https://be.kibon.example.com/gesuch/betreuungen/<ID-1>">hier</a>.
	</p>
	<p>
		Freundliche Grüsse <br/>
		Gemeinde London
	</p>
	<p>
		Dies ist eine automatisch versendete E-Mail. Bitte antworten Sie nicht auf diese Nachricht.
	</p>
</div>

</body>

</html>

]


InfoBetreuungVerfuegt[BERN_FRANZOESISCH]=[
From: kibon@dvbern.ch
To: Kita Aaregg <empfaenger@dvbern.ch>
Subject: 000042, 2017/2018, Kita Aaregg: kiBon  – Décision de prise en charge rendue
Content-Type: text/html;charset=utf-8

<html>
<head>
<style type="text/css">
        body {
            font-family: "Open Sans", Arial, Helvetica, sans-serif;
        }
      .kursInfoHeader {background-color: #bce1ff; font-weight: bold;}
      .signature { font-size: 90%;}
    </style>
    <link href="https://fonts.googleapis.com/css?family=Open+Sans" rel="stylesheet">
	<meta http-equiv="Content-Type" content="text/html; charset=utf-8"/>
	<meta name="viewport" content="width=device-width, initial-scale=1.0"/>
	<title>Kita Aaregg: kiBon  – Décision de prise en charge rendue</title>

</head>

<body>

<div>
	<p>
		Bonjour,
	</p>
	<p>
		Une décision a été rendue pour l'offre de prise en charge extrafamiliale ci-après:
	</p>
	<table>
		<tbody>
		<tr>
			<td width="300">Cas:</td>
			<td width="300"><a href="https://be.kibon.example.com/gesuch/betreuungen/<ID-1>">000042 Wälti</a></td>
		</tr>
		<tr>
			<td>Enfant:</td>
			<td>Simon Wälti, 13.04.2014 </td>
		</tr>
		<tr>
			<td>Offre de prise en charge:</td>
			<td>Crèche</td>
		</tr>
		<tr>
			<td>Institution:</td>
			<td>Kita Aaregg</td>
		</tr>
		<tr>
			<td>Période:</td>
			<td>2017/2018</td>
		</tr>
		</tbody>
	</table>
	<br/>
	<p>
		Pour plus de détails, cliquez <a href="https://be.kibon.example.com/gesuch/betreuungen/<ID-1>">ici</a>.
	</p>
	<p>
		Nous vous présentons nos meilleures salutations.<br/>
		Commune London
	</p>
	<p>
		Merci de ne pas répondre à ce message automatique.
	</p>
</div>

</body>

</html>

]


InfoBetreuungVerfuegt[DVB_DEUTSCH]=[
From: kibon@dvbern.ch
To: Kita Aaregg <empfaenger@dvbern.ch>
Subject: 000042, 2017/2018, Kita Aaregg: kiBon  – Betreuung verfügt
Content-Type: text/html;charset=utf-8

<html>
<head>
<style type="text/css">
        body {
            font-family: "Open Sans", Arial, Helvetica, sans-serif;
        }
      .kursInfoHeader {background-color: #bce1ff; font-weight: bold;}
      .signature { font-size: 90%;}
    </style>
    <link href="https://fonts.googleapis.com/css?family=Open+Sans" rel="stylesheet">
	<meta http-equiv="Content-Type" content="text/html; charset=utf-8"/>
	<meta name="viewport" content="width=device-width, initial-scale=1.0"/>
	<title>Kita Aaregg: kiBon  – Betreuung verfügt</title>

</head>

<body>

<div>
	<p>
		Guten Tag
	</p>
	<p>
		Der folgende Betreuungsgutschein wurde verfügt:
	</p>
	<table>
		<tbody>
		<tr>
			<td width="300">Fall:</td>
			<td width="300"><a href="https://dv.kibon.example.com/gesuch/betreuungen/<ID-1>">000042 Wälti</a></td>
		</tr>
		<tr>
			<td>Kind:</td>
			<td>Simon Wälti, 13.04.2014 </td>
		</tr>
		<tr>
			<td>Betreuungsangebot:</td>
			<td>Tagesstätte für Kleinkinder</td>
		</tr>
		<tr>
			<td>Institution:</td>
			<td>Kita Aaregg</td>
		</tr>
		<tr>
			<td>Periode:</td>
			<td>2017/2018</td>
		</tr>
		</tbody>
	</table>
	<br/>
	<p>
		Die Details finden Sie <a href="https://dv.kibon.example.com/gesuch/betreuungen/<ID-1>">hier</a>.
	</p>
	<p>
		Freundliche Grüsse <br/>
		Ihre Gemeinde London
	</p>
	<p>
		Dies ist eine automatisch versendete E-Mail. Bitte antworten Sie nicht auf diese Nachricht.
	</p>
</div>

</body>

</html>

]


InfoBetreuungVerfuegt[DVB_FRANZOESISCH]=[
From: kibon@dvbern.ch
To: Kita Aaregg <empfaenger@dvbern.ch>
Subject: 000042, 2017/2018, Kita Aaregg: kiBon  – Décision de prise en charge rendue
Content-Type: text/html;charset=utf-8

<html>
<head>
<style type="text/css">
        body {
            font-family: "Open Sans", Arial, Helvetica, sans-serif;
        }
      .kursInfoHeader {background-color: #bce1ff; font-weight: bold;}
      .signature { font-size: 90%;}
    </style>
    <link href="https://fonts.googleapis.com/css?family=Open+Sans" rel="stylesheet">
	<meta http-equiv="Content-Type" content="text/html; charset=utf-8"/>
	<meta name="viewport" content="width=device-width, initial-scale=1.0"/>
	<title>Kita Aaregg: kiBon  – Décision de prise en charge rendue</title>

</head>

<body>

<div>
	<p>
		Bonjour,
	</p>
	<p>
		Une décision a été rendue pour l'offre de prise en charge extrafamiliale ci-après:
	</p>
	<table>
		<tbody>
		<tr>
			<td width="300">Cas:</td>
			<td width="300"><a href="https://dv.kibon.example.com/gesuch/betreuungen/<ID-1>">000042 Wälti</a></td>
		</tr>
		<tr>
			<td>Enfant:</td>
			<td>Simon Wälti, 13.04.2014 </td>
		</tr>
		<tr>
			<td>Offre de prise en charge:</td>
			<td>Crèche pour enfants en bas âge</td>
		</tr>
		<tr>
			<td>Institution:</td>
			<td>Kita Aaregg</td>
		</tr>
		<tr>
			<td>Période:</td>
			<td>2017/2018</td>
		</tr>
		</tbody>
	</table>
	<br/>
	<p>
		Pour plus de détails, cliquez <a href="https://dv.kibon.example.com/gesuch/betreuungen/<ID-1>">ici</a>.
	</p>
	<p>
		Nous vous présentons nos meilleures salutations.<br/>
		Votre commune London
	</p>
	<p>
		Merci de ne pas répondre à ce message automatique.
	</p>
</div>

</body>

</html>

]


InfoBetreuungVerfuegt[LUZERN_DEUTSCH]=[
From: kibon@dvbern.ch
To: Kita Aaregg <empfaenger@dvbern.ch>
Subject: 000042, 2017/2018, Kita Aaregg: kiBon  – BG bestätigt
Content-Type: text/html;charset=utf-8

<html>
<head>
<style type="text/css">
        body {
            font-family: "Open Sans", Arial, Helvetica, sans-serif;
        }
      .kursInfoHeader {background-color: #bce1ff; font-weight: bold;}
      .signature { font-size: 90%;}
    </style>
    <link href="https://fonts.googleapis.com/css?family=Open+Sans" rel="stylesheet">
	<meta http-equiv="Content-Type" content="text/html; charset=utf-8"/>
	<meta name="viewport" content="width=device-width, initial-scale=1.0"/>
	<title>Kita Aaregg: kiBon  – BG bestätigt</title>

</head>

<body>

<div>
	<p>
		Guten Tag
	</p>
	<p>
		Der folgende Betreuungsgutschein wurde bestätigt:
	</p>
	<table>
		<tbody>
		<tr>
			<td width="300">Fall:</td>
			<td width="300"><a href="https://lu.kibon.example.com/gesuch/betreuungen/<ID-1>">000042 Wälti</a></td>
		</tr>
		<tr>
			<td>Kind:</td>
			<td>Simon Wälti, 13.04.2014 </td>
		</tr>
		<tr>
			<td>Betreuungsangebot:</td>
			<td>Tagesstätte für Kleinkinder</td>
		</tr>
		<tr>
			<td>Institution:</td>
			<td>Kita Aaregg</td>
		</tr>
		<tr>
			<td>Periode:</td>
			<td>2017/2018</td>
		</tr>
		</tbody>
	</table>
	<br/>
	<p>
		Die Details finden Sie <a href="https://lu.kibon.example.com/gesuch/betreuungen/<ID-1>">hier</a>.
	</p>
	<p>
		Freundliche Grüsse <br/>
		Ihre Gemeinde London
	</p>
	<p>
		Dies ist eine automatisch versendete E-Mail. Bitte antworten Sie nicht auf diese Nachricht.
	</p>
</div>

</body>

</html>

]


InfoBetreuungVerfuegt[SCHWYZ_DEUTSCH]=[
From: kibon@dvbern.ch
To: Kita Aaregg <empfaenger@dvbern.ch>
Subject: 000042, 2017/2018, Kita Aaregg: kiBon  – Betreuung verfügt
Content-Type: text/html;charset=utf-8

<html>
<head>
<style type="text/css">
        body {
            font-family: "Open Sans", Arial, Helvetica, sans-serif;
        }
      .kursInfoHeader {background-color: #bce1ff; font-weight: bold;}
      .signature { font-size: 90%;}
    </style>
    <link href="https://fonts.googleapis.com/css?family=Open+Sans" rel="stylesheet">
	<meta http-equiv="Content-Type" content="text/html; charset=utf-8"/>
	<meta name="viewport" content="width=device-width, initial-scale=1.0"/>
	<title>Kita Aaregg: kiBon  – Betreuung verfügt</title>

</head>

<body>

<div>
	<p>
		Guten Tag
	</p>
	<p>
		Der folgende Betreuungsgutschein wurde verfügt:
	</p>
	<table>
		<tbody>
		<tr>
			<td width="300">Fall:</td>
			<td width="300"><a href="https://sz.kibon.example.com/gesuch/betreuungen/<ID-1>">000042 Wälti</a></td>
		</tr>
		<tr>
			<td>Kind:</td>
			<td>Simon Wälti, 13.04.2014 </td>
		</tr>
		<tr>
			<td>Betreuungsangebot:</td>
			<td>Kita / schulische Tagesstruktur</td>
		</tr>
		<tr>
			<td>Institution:</td>
			<td>Kita Aaregg</td>
		</tr>
		<tr>
			<td>Periode:</td>
			<td>2017/2018</td>
		</tr>
		</tbody>
	</table>
	<br/>
	<p>
		Die Details finden Sie <a href="https://sz.kibon.example.com/gesuch/betreuungen/<ID-1>">hier</a>.
	</p>
	<p>
		Freundliche Grüsse <br/>
		Ihre Gemeinde London
	</p>
	<p>
		Dies ist eine automatisch versendete E-Mail. Bitte antworten Sie nicht auf diese Nachricht.
	</p>
</div>

</body>

</html>

]


InfoBetreuungVerfuegt[SOLOTHURN_DEUTSCH]=[
From: kibon@dvbern.ch
To: Kita Aaregg <empfaenger@dvbern.ch>
Subject: 000042, 2017/2018, Kita Aaregg: kiBon  – Betreuung verfügt
Content-Type: text/html;charset=utf-8

<html>
<head>
<style type="text/css">
        body {
            font-family: "Open Sans", Arial, Helvetica, sans-serif;
        }
      .kursInfoHeader {background-color: #bce1ff; font-weight: bold;}
      .signature { font-size: 90%;}
    </style>
    <link href="https://fonts.googleapis.com/css?family=Open+Sans" rel="stylesheet">
	<meta http-equiv="Content-Type" content="text/html; charset=utf-8"/>
	<meta name="viewport" content="width=device-width, initial-scale=1.0"/>
	<title>Kita Aaregg: kiBon  – Betreuung verfügt</title>

</head>

<body>

<div>
	<p>
		Guten Tag
	</p>
	<p>
		Der folgende Betreuungsgutschein wurde verfügt:
	</p>
	<table>
		<tbody>
		<tr>
			<td width="300">Fall:</td>
			<td width="300"><a href="https://so.kibon.example.com/gesuch/betreuungen/<ID-1>">000042 Wälti</a></td>
		</tr>
		<tr>
			<td>Kind:</td>
			<td>Simon Wälti, 13.04.2014 </td>
		</tr>
		<tr>
			<td>Betreuungsangebot:</td>
			<td>Tagesstätte für Kleinkinder</td>
		</tr>
		<tr>
			<td>Institution:</td>
			<td>Kita Aaregg</td>
		</tr>
		<tr>
			<td>Periode:</td>
			<td>2017/2018</td>
		</tr>
		</tbody>
	</table>
	<br/>
	<p>
		Die Details finden Sie <a href="https://so.kibon.example.com/gesuch/betreuungen/<ID-1>">hier</a>.
	</p>
	<p>
		Freundliche Grüsse <br/>
		Ihre Gemeinde London
	</p>
	<p>
		Dies ist eine automatisch versendete E-Mail. Bitte antworten Sie nicht auf diese Nachricht.
	</p>
</div>

</body>

</html>

]


InfoBetreuungVerfuegt[ZUG_DEUTSCH]=[
From: kibon@dvbern.ch
To: Kita Aaregg <empfaenger@dvbern.ch>
Subject: 000042, 2017/2018, Kita Aaregg: kiBon  – Betreuung verfügt
Content-Type: text/html;charset=utf-8

<html>
<head>
<style type="text/css">
        body {
            font-family: "Open Sans", Arial, Helvetica, sans-serif;
        }
      .kursInfoHeader {background-color: #bce1ff; font-weight: bold;}
      .signature { font-size: 90%;}
    </style>
    <link href="https://fonts.googleapis.com/css?family=Open+Sans" rel="stylesheet">
	<meta http-equiv="Content-Type" content="text/html; charset=utf-8"/>
	<meta name="viewport" content="width=device-width, initial-scale=1.0"/>
	<title>Kita Aaregg: kiBon  – Betreuung verfügt</title>

</head>

<body>

<div>
	<p>
		Guten Tag
	</p>
	<p>
		Der folgende Betreuungsgutschein wurde verfügt:
	</p>
	<table>
		<tbody>
		<tr>
			<td width="300">Fall:</td>
			<td width="300"><a href="https://zg.kibon.example.com/gesuch/betreuungen/<ID-1>">000042 Wälti</a></td>
		</tr>
		<tr>
			<td>Kind:</td>
			<td>Simon Wälti, 13.04.2014 </td>
		</tr>
		<tr>
			<td>Betreuungsangebot:</td>
			<td>Tagesstätte für Kleinkinder</td>
		</tr>
		<tr>
			<td>Institution:</td>
			<td>Kita Aaregg</td>
		</tr>
		<tr>
			<td>Periode:</td>
			<td>2017/2018</td>
		</tr>
		</tbody>
	</table>
	<br/>
	<p>
		Die Details finden Sie <a href="https://zg.kibon.example.com/gesuch/betreuungen/<ID-1>">hier</a>.
	</p>
	<p>
		Freundliche Grüsse <br/>
		Ihre Gemeinde London
	</p>
	<p>
		Dies ist eine automatisch versendete E-Mail. Bitte antworten Sie nicht auf diese Nachricht.
	</p>
</div>

</body>

</html>

]