finsit-testAlleinstehend[APPENZELL_AUSSERRHODEN]=[
Berechnung der finanziellen Verhältnisse 
 
Referenznummer 17.000001.002
Einkünfte Dagmar Wälti
Steuerbares Einkommen resp. Reineinkommen (Staatssteuer) 53’265.00
Säule 3a, sofern hauptberuflich BVG versichert 0.00
Säule 3a von Personen, die keiner BVG angehören: Betrag der 10'000 übersteigt 0.00
Einkaufsbeiträge berufliche Vorsorge 0.00
Liegenschaftsaufwand 0.00
Einkünfte BGSA, vereinfacht abgerechnet 0.00
Vorjahresverluste 0.00
Mitgliederbeiträge und Zuwendungen an politische Parteien 0.00
Leistungen an juristische Personen in der Schweiz 0.00
Total Einkünfte 53’265.00
Vermögen Dagmar Wälti
Steuerbares Vermögen 12’147.00
15 % des steuerbaren Vermögens 1’822.05
Massgebendes Einkommen in CHF 55’087.00
Jugendamt
Nussbaumstrasse 21
3006 Bern
Telefon 031 123 12 12
info@bern.ch
www.bern.ch
Bern, <TODAY>
Dagmar Wälti
Testweg 10
3000 Bern
Massgebendes Einkommen
 
Referenznummer 17.000001.002
Name Dagmar Wälti
Von Bis Einkommensänderung Massgebendes Einkommen in CHF
01.08.2017 31.08.2017 0.00

]


finsit-testAlleinstehend[BERN]=[
Berechnung der finanziellen Verhältnisse (Beilage 1) 
 
1 Gemäss Artikel 24 ASIV
2 Gemäss Artikel 24 ASIV
3 Gemäss Artikel 25 ASIV Abs. 1
Referenznummer 17.000001.002
Berechnungsjahr 2016
Einkünfte1 Dagmar Wälti
Nettolohn gemäss Lohnausweis / Steuererklärung 53’265.00
Weitere steuerbare Einkünfte 0.00
Steuerpflichtiges Ersatzeinkommen 0.00
Erhaltene Unterhaltsbeiträge (Alimente) 0.00
Geschäftsgewinn - Durchschnitt der letzten 3 Jahre 0.00
Zwischentotal Einkünfte 53’265.00
Total Einkünfte 53’265.00
Nettovermögen2 Dagmar Wälti
Bruttovermögen 12’147.00
Schulden 0.00
Zwischentotal Nettovermögen 12’147.00
Zwischentotal Nettovermögen insgesamt 12’147.00
5% Nettovermögen 607.00
Abzüge3 Dagmar Wälti
Bezahlte Unterhaltsbeiträge 0.00
Total Abzüge 0.00
Zusammenzug
Total Einkünfte 53’265.00
5% Nettovermögen 607.00
Total Abzüge 0.00
Massgebendes Einkommen vor Abzug für Familiengrösse 53’872.00
Jugendamt
Nussbaumstrasse 21
3006 Bern
Telefon 031 123 12 12
info@bern.ch
www.bern.ch
Bern, <TODAY>
Dagmar Wälti
Testweg 10
3000 Bern
Massgebendes Einkommen
 
Referenznummer 17.000001.002
Name Dagmar Wälti
Von Bis Einkommensjahr Massgebendes Einkommen
vor Abzug der Familiengrösse
in CHF
Familiengrösse Abzug der Familiengrösse in
CHF
Massgebendes Einkommen in
CHF
01.08.2017 31.08.2017 2016 0.00 0.0 0.00 0.00

]


finsit-testAlleinstehend[DVB]=[
Berechnung der finanziellen Verhältnisse 
 
Referenznummer 17.000001.002
Berechnungsjahr 2016
Einkünfte Dagmar Wälti
Nettolohn gemäss Lohnausweis / Steuererklärung 53’265.00
Abzüge
Totalbetrag für minderjährige oder in beruflicher Ausbildung stehender Kinder 0.00
Entrichtete Unterhaltsbeiträge (Alimente) 0.00
Vermögen
Steuerbares Vermögen 1 12’147.00
Massgebendes Einkommen in CHF 2 53’872.35
1 5% des steuerbaren Vermögens werden zum massgebenden Einkommmen addiert
2 75% des Bruttolohns plus 5% des Nettovermögens ergeben das Massgebende Einkommen
Jugendamt
Nussbaumstrasse 21
3006 Bern
Telefon 031 123 12 12
info@bern.ch
www.bern.ch
Bern, <TODAY>
Dagmar Wälti
Testweg 10
3000 Bern
Massgebendes Einkommen
 
Referenznummer 17.000001.002
Name Dagmar Wälti
Von Bis Einkommensjahr Massgebendes Einkommen in CHF
01.08.2017 31.08.2017 2016 0.00

]


finsit-testAlleinstehend[LUZERN]=[
Berechnung der finanziellen Verhältnisse 
 
Referenznummer 17.000001.002
Berechnungsjahr 2016
Massgebendes Einkommen gemäss Selbstdeklaration Dagmar Wälti
Total Einkünfte 53’265.00
Total Abzüge 0.00
Anrechenbares Vermögen gemäss Selbstdeklaration 1’215.00
Massgebendes Einkommen in CHF 54’480.00
Jugendamt
Nussbaumstrasse 21
3006 Bern
Telefon 031 123 12 12
info@bern.ch
www.bern.ch
Bern, <TODAY>
Dagmar Wälti
Testweg 10
3000 Bern
Massgebendes Einkommen
 
Referenznummer 17.000001.002
Name Dagmar Wälti
Von Bis Einkommensjahr Massgebendes Einkommen in CHF
01.08.2017 31.08.2017 2016 0.00

]


finsit-testAlleinstehend[SCHWYZ]=[
Berechnung der finanziellen Verhältnisse 
 
Referenznummer 17.000001.002
Gesuchsperiode 2017/2018
Einkünfte Dagmar Wälti
Bundes Reineinkommen 53’265.00
Einkäufe berufliche Vorsorge (BVG / 2. Säule) 0.00
Abzüge
Ausserordentlicher Liegenschaftsunterhalt 0.00
Vermögen
Reinvermögen 1 12’147.00
Massgebendes Einkommen in CHF 53’265.00
1 Für die Berechnung des massgebenden Einkommens sind 10% des Reinvermögens nach Abzug des Freibetrages von 200'000 CHF
relevant. Falls für das Gesuch zwei Gesuchsteller vorhanden sind und beide eine separate Steuererklärung ausgefüllt haben, wird der
Freibetrag beiden Personen nur anteilsmässig gewährt.
Jugendamt
Nussbaumstrasse 21
3006 Bern
Telefon 031 123 12 12
info@bern.ch
www.bern.ch
Bern, <TODAY>
Dagmar Wälti
Testweg 10
3000 Bern
Massgebendes Einkommen
 
Referenznummer 17.000001.002
Von Bis Massgebendes
Einkommen in CHF
Sozialabzug /
Kinderabzug in CHF
Anspruchsberechtigtes
Einkommen in CHF
01.08.2017 31.08.2017 0.00 0.00 0.00

]


finsit-testAlleinstehend[SOLOTHURN]=[
Berechnung der finanziellen Verhältnisse 
 
Referenznummer 17.000001.002
Berechnungsjahr 2016
Einkünfte Dagmar Wälti
Nettolohn gemäss Lohnausweis / Steuererklärung 53’265.00
Abzüge
Totalbetrag für minderjährige oder in beruflicher Ausbildung stehender Kinder 0.00
Entrichtete Unterhaltsbeiträge (Alimente) 0.00
Vermögen
Steuerbares Vermögen 1 12’147.00
Massgebendes Einkommen in CHF 2 53’872.35
1 5% des steuerbaren Vermögens werden zum massgebenden Einkommmen addiert
2 75% des Bruttolohns plus 5% des Nettovermögens ergeben das Massgebende Einkommen
Jugendamt
Nussbaumstrasse 21
3006 Bern
Telefon 031 123 12 12
info@bern.ch
www.bern.ch
Bern, <TODAY>
Dagmar Wälti
Testweg 10
3000 Bern
Massgebendes Einkommen
 
Referenznummer 17.000001.002
Name Dagmar Wälti
Von Bis Einkommensjahr Massgebendes Einkommen in CHF
01.08.2017 31.08.2017 2016 0.00

]


finsit-testAlleinstehend[ZUG]=[
Berechnung der finanziellen Verhältnisse 
 
Referenznummer 17.000001.002
???PdfGeneration_FinSit_Gesuchspe
riode???
2017/2018
Einkünfte Dagmar Wälti
Steuerbares Einkommen 53’265.00
Einkäufe/Vorsorge 0.00
Abzüge
Ausserordentlicher Liegenschaftsunterhalt 0.00
Vermögen
Steuerbares Vermögen 1 12’147.00
Massgebendes Einkommen in CHF 53’265.00
1 5% des steuerbaren Vermögens werden zum massgebenden Einkommmen addiert
Jugendamt
Nussbaumstrasse 21
3006 Bern
Telefon 031 123 12 12
info@bern.ch
www.bern.ch
Bern, <TODAY>
Dagmar Wälti
Testweg 10
3000 Bern
Massgebendes Einkommen
 
Referenznummer 17.000001.002
Von Bis Massgebendes
Einkommen in CHF
???PdfGeneration_MassgE
inkommen_Sozialabzug??
?
???PdfGeneration_MassgE
inkommen_Ansbruchbere
chtigtesEinkommen???
01.08.2017 31.08.2017 0.00 0.00 0.00

]


finsit-testVerheirated[APPENZELL_AUSSERRHODEN]=[
Berechnung der finanziellen Verhältnisse 
 
Referenznummer 17.000001.002
Einkünfte Yvonne Feutz Tizian Feutz
Steuerbares Einkommen resp. Reineinkommen
(Staatssteuer)
34’022.00 75’017.00
Säule 3a, sofern hauptberuflich BVG versichert 0.00 0.00
Säule 3a von Personen, die keiner BVG angehören: Betrag
der 10'000 übersteigt
0.00 0.00
Einkaufsbeiträge berufliche Vorsorge 0.00 0.00
Liegenschaftsaufwand 0.00 0.00
Einkünfte BGSA, vereinfacht abgerechnet 0.00 0.00
Vorjahresverluste 0.00 0.00
Mitgliederbeiträge und Zuwendungen an politische
Parteien
0.00 0.00
Leistungen an juristische Personen in der Schweiz 0.00 0.00
Zwischentotal Einkünfte 34’022.00 75’017.00
Total Einkünfte 109’039.00
Vermögen Yvonne Feutz Tizian Feutz
Steuerbares Vermögen 96’054.00 0.00
Zwischentotal Steuerbares Vermögen 96’054.00
15 % des steuerbaren Vermögens 14’408.10
Massgebendes Einkommen in CHF 123’447.00
Jugendamt
Nussbaumstrasse 21
3006 Bern
Telefon 031 123 12 12
info@bern.ch
www.bern.ch
Bern, <TODAY>
Yvonne Feutz
Tizian Feutz
Testweg 10
3000 Bern
Massgebendes Einkommen
 
Referenznummer 17.000001.002
Name Yvonne Feutz, Tizian Feutz
Von Bis Einkommensänderung Massgebendes Einkommen in CHF
01.08.2017 31.08.2017 0.00

]


finsit-testVerheirated[BERN]=[
Berechnung der finanziellen Verhältnisse (Beilage 1) 
 
1 Gemäss Artikel 24 ASIV
2 Gemäss Artikel 24 ASIV
3 Gemäss Artikel 25 ASIV Abs. 1
Referenznummer 17.000001.002
Berechnungsjahr 2016
Einkünfte1 Yvonne Feutz Tizian Feutz
Nettolohn gemäss Lohnausweis / Steuererklärung 34’022.00 75’017.00
Weitere steuerbare Einkünfte 0.00 0.00
Steuerpflichtiges Ersatzeinkommen 0.00 0.00
Erhaltene Unterhaltsbeiträge (Alimente) 0.00 0.00
Geschäftsgewinn - Durchschnitt der letzten 3 Jahre 0.00 0.00
Zwischentotal Einkünfte 34’022.00 75’017.00
Total Einkünfte 109’039.00
Nettovermögen2 Yvonne Feutz Tizian Feutz
Bruttovermögen 96’054.00 0.00
Schulden 0.00 0.00
Zwischentotal Nettovermögen 96’054.00 0.00
Zwischentotal Nettovermögen insgesamt 96’054.00
5% Nettovermögen 4’803.00
Abzüge3 Yvonne Feutz Tizian Feutz
Bezahlte Unterhaltsbeiträge 0.00 0.00
Total Abzüge 0.00
Zusammenzug
Total Einkünfte 109’039.00
5% Nettovermögen 4’803.00
Total Abzüge 0.00
Massgebendes Einkommen vor Abzug für Familiengrösse 113’842.00
Jugendamt
Nussbaumstrasse 21
3006 Bern
Telefon 031 123 12 12
info@bern.ch
www.bern.ch
Bern, <TODAY>
Yvonne Feutz
Tizian Feutz
Testweg 10
3000 Bern
Massgebendes Einkommen
 
Referenznummer 17.000001.002
Name Yvonne Feutz, Tizian Feutz
Von Bis Einkommensjahr Massgebendes Einkommen
vor Abzug der Familiengrösse
in CHF
Familiengrösse Abzug der Familiengrösse in
CHF
Massgebendes Einkommen in
CHF
01.08.2017 31.08.2017 2016 0.00 0.0 0.00 0.00

]


finsit-testVerheirated[DVB]=[
Berechnung der finanziellen Verhältnisse 
 
 
 
Referenznummer 17.000001.002
Berechnungsjahr 2016
Einkünfte Yvonne Feutz
Nettolohn gemäss Lohnausweis / Steuererklärung 34’022.00
Abzüge
Totalbetrag für minderjährige oder in beruflicher Ausbildung stehender Kinder 0.00
Entrichtete Unterhaltsbeiträge (Alimente) 0.00
Vermögen
Steuerbares Vermögen 1 96’054.00
Massgebendes Einkommen in CHF 2 38’824.70
Einkünfte Tizian Feutz
Nettolohn gemäss Lohnausweis / Steuererklärung 75’017.00
Abzüge
Totalbetrag für minderjährige oder in beruflicher Ausbildung stehender Kinder 0.00
Entrichtete Unterhaltsbeiträge (Alimente) 0.00
Vermögen
Steuerbares Vermögen 1 0.00
Massgebendes Einkommen in CHF 2 75’017.00
Zusammenzug
Massgebendes Einkommen Yvonne Feutz 38’824.70
Massgebendes Einkommen Tizian Feutz 75’017.00
Massgebendes Einkommen in CHF 113’841.70
1 5% des steuerbaren Vermögens werden zum massgebenden Einkommmen addiert
2 75% des Bruttolohns plus 5% des Nettovermögens ergeben das Massgebende Einkommen
Jugendamt
Nussbaumstrasse 21
3006 Bern
Telefon 031 123 12 12
info@bern.ch
www.bern.ch
Bern, <TODAY>
Yvonne Feutz
Tizian Feutz
Testweg 10
3000 Bern
Massgebendes Einkommen
 
Referenznummer 17.000001.002
Name Yvonne Feutz, Tizian Feutz
Von Bis Einkommensjahr Massgebendes Einkommen in CHF
01.08.2017 31.08.2017 2016 0.00

]


finsit-testVerheirated[LUZERN]=[
Berechnung der finanziellen Verhältnisse 
 
 
 
Referenznummer 17.000001.002
Berechnungsjahr 2016
Massgebendes Einkommen gemäss Selbstdeklaration Yvonne Feutz
Total Einkünfte 34’022.00
Total Abzüge 0.00
Anrechenbares Vermögen gemäss Selbstdeklaration 9’605.00
Massgebendes Einkommen in CHF 43’627.00
Massgebendes Einkommen gemäss Selbstdeklaration Tizian Feutz
Total Einkünfte 75’017.00
Total Abzüge 0.00
Anrechenbares Vermögen gemäss Selbstdeklaration 0.00
Massgebendes Einkommen in CHF 75’017.00
Zusammenzug
Massgebendes Einkommen Yvonne Feutz 43’627.00
Massgebendes Einkommen Tizian Feutz 75’017.00
Massgebendes Einkommen in CHF 118’644.00
Jugendamt
Nussbaumstrasse 21
3006 Bern
Telefon 031 123 12 12
info@bern.ch
www.bern.ch
Bern, <TODAY>
Yvonne Feutz
Tizian Feutz
Testweg 10
3000 Bern
Massgebendes Einkommen
 
Referenznummer 17.000001.002
Name Yvonne Feutz, Tizian Feutz
Von Bis Einkommensjahr Massgebendes Einkommen in CHF
01.08.2017 31.08.2017 2016 0.00

]


finsit-testVerheirated[SCHWYZ]=[
Berechnung der finanziellen Verhältnisse 
 
Referenznummer 17.000001.002
Gesuchsperiode 2017/2018
Einkünfte Yvonne Feutz
& Tizian Feutz
Bundes Reineinkommen 34’022.00
Einkäufe berufliche Vorsorge (BVG / 2. Säule) 0.00
Abzüge
Ausserordentlicher Liegenschaftsunterhalt 0.00
Vermögen
Reinvermögen 1 96’054.00
Massgebendes Einkommen in CHF 34’022.00
1 Für die Berechnung des massgebenden Einkommens sind 10% des Reinvermögens nach Abzug des Freibetrages von 200'000 CHF
relevant. Falls für das Gesuch zwei Gesuchsteller vorhanden sind und beide eine separate Steuererklärung ausgefüllt haben, wird der
Freibetrag beiden Personen nur anteilsmässig gewährt.
Jugendamt
Nussbaumstrasse 21
3006 Bern
Telefon 031 123 12 12
info@bern.ch
www.bern.ch
Bern, <TODAY>
Yvonne Feutz
Tizian Feutz
Testweg 10
3000 Bern
Massgebendes Einkommen
 
Referenznummer 17.000001.002
Von Bis Massgebendes
Einkommen in CHF
Sozialabzug /
Kinderabzug in CHF
Anspruchsberechtigtes
Einkommen in CHF
01.08.2017 31.08.2017 0.00 0.00 0.00

]


finsit-testVerheirated[SOLOTHURN]=[
Berechnung der finanziellen Verhältnisse 
 
 
 
Referenznummer 17.000001.002
Berechnungsjahr 2016
Einkünfte Yvonne Feutz
Nettolohn gemäss Lohnausweis / Steuererklärung 34’022.00
Abzüge
Totalbetrag für minderjährige oder in beruflicher Ausbildung stehender Kinder 0.00
Entrichtete Unterhaltsbeiträge (Alimente) 0.00
Vermögen
Steuerbares Vermögen 1 96’054.00
Massgebendes Einkommen in CHF 2 38’824.70
Einkünfte Tizian Feutz
Nettolohn gemäss Lohnausweis / Steuererklärung 75’017.00
Abzüge
Totalbetrag für minderjährige oder in beruflicher Ausbildung stehender Kinder 0.00
Entrichtete Unterhaltsbeiträge (Alimente) 0.00
Vermögen
Steuerbares Vermögen 1 0.00
Massgebendes Einkommen in CHF 2 75’017.00
Zusammenzug
Massgebendes Einkommen Yvonne Feutz 38’824.70
Massgebendes Einkommen Tizian Feutz 75’017.00
Massgebendes Einkommen in CHF 113’841.70
1 5% des steuerbaren Vermögens werden zum massgebenden Einkommmen addiert
2 75% des Bruttolohns plus 5% des Nettovermögens ergeben das Massgebende Einkommen
Jugendamt
Nussbaumstrasse 21
3006 Bern
Telefon 031 123 12 12
info@bern.ch
www.bern.ch
Bern, <TODAY>
Yvonne Feutz
Tizian Feutz
Testweg 10
3000 Bern
Massgebendes Einkommen
 
Referenznummer 17.000001.002
Name Yvonne Feutz, Tizian Feutz
Von Bis Einkommensjahr Massgebendes Einkommen in CHF
01.08.2017 31.08.2017 2016 0.00

]


finsit-testVerheirated[ZUG]=[
Berechnung der finanziellen Verhältnisse 
 
Referenznummer 17.000001.002
???PdfGeneration_FinSit_Gesuchspe
riode???
2017/2018
Einkünfte Yvonne Feutz
& Tizian Feutz
Steuerbares Einkommen 34’022.00
Einkäufe/Vorsorge 0.00
Abzüge
Ausserordentlicher Liegenschaftsunterhalt 0.00
Vermögen
Steuerbares Vermögen 1 96’054.00
Massgebendes Einkommen in CHF 34’022.00
1 5% des steuerbaren Vermögens werden zum massgebenden Einkommmen addiert
Jugendamt
Nussbaumstrasse 21
3006 Bern
Telefon 031 123 12 12
info@bern.ch
www.bern.ch
Bern, <TODAY>
Yvonne Feutz
Tizian Feutz
Testweg 10
3000 Bern
Massgebendes Einkommen
 
Referenznummer 17.000001.002
Von Bis Massgebendes
Einkommen in CHF
???PdfGeneration_MassgE
inkommen_Sozialabzug??
?
???PdfGeneration_MassgE
inkommen_Ansbruchbere
chtigtesEinkommen???
01.08.2017 31.08.2017 0.00 0.00 0.00

]