finsit-schwyz-single-quellenbesteuert=[
Berechnung der finanziellen Verhältnisse 
 
Referenznummer 17.000001.002
Gesuchsperiode 2017/2018
Einkünfte Tim Tester
Bruttolohn 123’456.00
Abzüge
20% Bruttopauschale vom Bruttoeinkommen 24’691.00
Massgebendes Einkommen in CHF 98’765.00
Jugendamt
Nussbaumstrasse 21
3006 Bern
Telefon 031 123 12 12
info@bern.ch
www.bern.ch
Bern, <TODAY>
Tim Tester
Nussbaumstrasse 21
3006 Bern
Massgebendes Einkommen
 
Referenznummer 17.000001.002
Von Bis Massgebendes
Einkommen in CHF
Sozialabzug /
Kinderabzug in CHF
Anspruchsberechtigtes
Einkommen in CHF
01.08.2017 31.08.2017 0.00 0.00 0.00

]


finsit-schwyz-single-veranlagt=[
Berechnung der finanziellen Verhältnisse 
 
Referenznummer 17.000001.002
Gesuchsperiode 2017/2018
Einkünfte Tim Tester
Bundes Reineinkommen 88’000.00
Einkäufe berufliche Vorsorge (BVG / 2. Säule) 5’000.00
Abzüge
Ausserordentlicher Liegenschaftsunterhalt 1’000.00
Vermögen
Reinvermögen 1 123’456.00
Massgebendes Einkommen in CHF 94’000.00
1 Für die Berechnung des massgebenden Einkommens sind 10% des Reinvermögens nach Abzug des Freibetrages von 200'000 CHF
relevant. Falls für das Gesuch zwei Gesuchsteller vorhanden sind und beide eine separate Steuererklärung ausgefüllt haben, wird der
Freibetrag beiden Personen nur anteilsmässig gewährt.
Jugendamt
Nussbaumstrasse 21
3006 Bern
Telefon 031 123 12 12
info@bern.ch
www.bern.ch
Bern, <TODAY>
Tim Tester
Nussbaumstrasse 21
3006 Bern
Massgebendes Einkommen
 
Referenznummer 17.000001.002
Von Bis Massgebendes
Einkommen in CHF
Sozialabzug /
Kinderabzug in CHF
Anspruchsberechtigtes
Einkommen in CHF
01.08.2017 31.08.2017 0.00 0.00 0.00

]